05-13 19:18:10.091 E/        (  624): MEMSIC  vir111 gyro algoRstGyro = 0 algoRst = 0
05-13 19:18:10.112 E/        (  624): MEMSICBEFORE compenstation MEMSIC memsic_log get_battery_current_now  = 387500 current_avg = 381600 current_chg = 0, charge_ret = 2 x y z 2.597600 -1.416000 -6.679600 
05-13 19:18:10.112 E/        (  624): MEMSIC  vir111 gyro algoRstGyro = 0 algoRst = 0
05-13 19:18:10.271 I/chatty  (  624): uid=1000(system) sensors@2.0-ser identical 8 lines
05-13 19:18:10.291 E/        (  624): MEMSIC  vir111 gyro algoRstGyro = 0 algoRst = 0
05-13 19:18:10.312 E/        (  624): MEMSICBEFORE compenstation MEMSIC memsic_log get_battery_current_now  = 390200 current_avg = 381600 current_chg = 0, charge_ret = 2 x y z 2.596600 -1.414000 -6.680600 
05-13 19:18:10.312 E/        (  624): MEMSIC  vir111 gyro algoRstGyro = 0 algoRst = 0
05-13 19:18:10.471 I/chatty  (  624): uid=1000(system) sensors@2.0-ser identical 8 lines
05-13 19:18:10.491 E/        (  624): MEMSIC  vir111 gyro algoRstGyro = 0 algoRst = 0
05-13 19:18:10.512 E/        (  624): MEMSICBEFORE compenstation MEMSIC memsic_log get_battery_current_now  = 339500 current_avg = 381600 current_chg = 0, charge_ret = 2 x y z 2.594700 -1.416000 -6.678700 
05-13 19:18:10.512 E/        (  624): MEMSIC  vir111 gyro algoRstGyro = 0 algoRst = 0
05-13 19:18:10.671 I/chatty  (  624): uid=1000(system) sensors@2.0-ser identical 8 lines
05-13 19:18:10.691 E/        (  624): MEMSIC  vir111 gyro algoRstGyro = 0 algoRst = 0
05-13 19:18:10.712 E/        (  624): MEMSICBEFORE compenstation MEMSIC memsic_log get_battery_current_now  = 359300 current_avg = 381600 current_chg = 0, charge_ret = 2 x y z 2.592700 -1.416000 -6.675700 
05-13 19:18:10.712 E/        (  624): MEMSIC  vir111 gyro algoRstGyro = 0 algoRst = 0
05-13 19:18:10.791 I/chatty  (  624): uid=1000(system) sensors@2.0-ser identical 4 lines
05-13 19:18:10.811 E/        (  624): MEMSIC  vir111 gyro algoRstGyro = 0 algoRst = 0
05-13 19:18:10.816 D/WificondControl( 1245): Scan result ready event
05-13 19:18:10.816 D/VoLTE IMSM(  994): send CTRL_CMD_GET_SCAN (module/mdagent/volte_imsm_93/src/wireless.c:574)
05-13 19:18:10.817 D/VoLTE IMSM(  994): monitor_wifi_tech: mutex lock (module/mdagent/volte_imsm_93/src/wireless.c:589)
05-13 19:18:10.817 D/VoLTE IMSM(  994): monitor_wifi_tech: mutex unlock (module/mdagent/volte_imsm_93/src/wireless.c:597)
05-13 19:18:10.817 D/VoLTE IMSM(  994): FOUND[1] 3
05-13 19:18:10.817 D/VoLTE IMSM(  994):  (module/mdagent/volte_imsm_93/src/wireless.c:599)
05-13 19:18:10.819 I/[BIP]   (  989):  [BIP NL] event newlink match dev 0, interface index 31
05-13 19:18:10.819 I/[BIP]   (  989):  [BIP NL] the link status of interface(index:0) changes to 1
05-13 19:18:10.819 I/EthernetTracker( 1245): interfaceLinkStateChanged, iface: wlan0, up: true
05-13 19:18:10.822 I/netd    (  476): interfaceGetCfg("wlan0") <0.69ms>
05-13 19:18:10.823 D/WifiScanningService( 1245): singleScanResults: ClientInfo[uid=1000,android.os.Messenger@cbdb010],Id=307,results=3
05-13 19:18:10.824 D/WifiScanningService( 1245): singleScanResults: ClientInfo[uid=1000,android.os.Messenger@cbdb010],Id=1,results=3
05-13 19:18:10.825 D/WifiScanRequestProxy( 1245): eval old results
05-13 19:18:10.825 D/WifiScanningService( 1245): singleScanResults: ClientInfo[uid=1000,android.os.Messenger@cbdb010],Id=2,results=3
05-13 19:18:10.827 D/WifiConnectivityManager( 1245): AllSingleScanListener onResults: start network selection
05-13 19:18:10.827 D/WifiNetworkSelector( 1245): Current connected network: "Huawei" , ID: 49
05-13 19:18:10.828 D/WifiNetworkSelector( 1245): Current connected network already sufficient. Skip network selection.
05-13 19:18:10.831 E/        (  624): MEMSIC  vir111 gyro algoRstGyro = 0 algoRst = 0
05-13 19:18:10.871 I/chatty  (  624): uid=1000(system) sensors@2.0-ser identical 2 lines
05-13 19:18:10.891 E/        (  624): MEMSIC  vir111 gyro algoRstGyro = 0 algoRst = 0
05-13 19:18:10.912 E/        (  624): MEMSICBEFORE compenstation MEMSIC memsic_log get_battery_current_now  = 382600 current_avg = 381600 current_chg = 0, charge_ret = 2 x y z 2.593700 -1.412100 -6.675700 
05-13 19:18:10.912 E/        (  624): MEMSIC  vir111 gyro algoRstGyro = 0 algoRst = 0
05-13 19:18:11.071 I/chatty  (  624): uid=1000(system) sensors@2.0-ser identical 8 lines
05-13 19:18:11.091 E/        (  624): MEMSIC  vir111 gyro algoRstGyro = 0 algoRst = 0
05-13 19:18:11.112 E/        (  624): MEMSICBEFORE compenstation MEMSIC memsic_log get_battery_current_now  = 337900 current_avg = 381600 current_chg = 0, charge_ret = 2 x y z 2.592700 -1.405200 -6.680600 
05-13 19:18:11.112 E/        (  624): MEMSIC  vir111 gyro algoRstGyro = 0 algoRst = 0
05-13 19:18:11.151 I/chatty  (  624): uid=1000(system) sensors@2.0-ser identical 2 lines
05-13 19:18:11.171 E/        (  624): MEMSIC  vir111 gyro algoRstGyro = 0 algoRst = 0
05-13 19:18:11.186 I/BufferQueueProducer(  520): [StatusBar#0](this:0x78835fd000,id:5,api:1,p:1592,c:520) queueBuffer: fps=0.20 dur=4999.44 max=4999.44 min=4999.44
05-13 19:18:11.191 E/        (  624): MEMSIC  vir111 gyro algoRstGyro = 0 algoRst = 0
05-13 19:18:11.197 I/hwcomposer(  491): [HWCDisplay] [Display_0 (type:1)] fps:0.199928,dur:5001.81,max:5001.81,min:5001.81  
05-13 19:18:11.201 I/SurfaceFlinger(  520): screenshot (host.exp.exponent/host.exp.exponent.experience.ExperienceActivity#1)
05-13 19:18:11.201 I/SurfaceFlinger(  520): screenshot (Dim Layer for - Task=2387#0)
05-13 19:18:11.211 E/        (  624): MEMSIC  vir111 gyro algoRstGyro = 0 algoRst = 0
05-13 19:18:11.271 I/chatty  (  624): uid=1000(system) sensors@2.0-ser identical 3 lines
05-13 19:18:11.291 E/        (  624): MEMSIC  vir111 gyro algoRstGyro = 0 algoRst = 0
05-13 19:18:11.312 E/        (  624): MEMSICBEFORE compenstation MEMSIC memsic_log get_battery_current_now  = 387900 current_avg = 381600 current_chg = 0, charge_ret = 2 x y z 2.594700 -1.416900 -6.678700 
05-13 19:18:11.312 E/        (  624): MEMSIC  vir111 gyro algoRstGyro = 0 algoRst = 0
05-13 19:18:11.471 I/chatty  (  624): uid=1000(system) sensors@2.0-ser identical 8 lines
05-13 19:18:11.491 E/        (  624): MEMSIC  vir111 gyro algoRstGyro = 0 algoRst = 0
05-13 19:18:11.512 E/        (  624): MEMSICBEFORE compenstation MEMSIC memsic_log get_battery_current_now  = 317000 current_avg = 381600 current_chg = 0, charge_ret = 2 x y z 2.588800 -1.414000 -6.680600 
05-13 19:18:11.512 E/        (  624): MEMSIC  vir111 gyro algoRstGyro = 0 algoRst = 0
05-13 19:18:11.671 I/chatty  (  624): uid=1000(system) sensors@2.0-ser identical 8 lines
05-13 19:18:11.691 E/        (  624): MEMSIC  vir111 gyro algoRstGyro = 0 algoRst = 0
05-13 19:18:11.712 E/        (  624): MEMSICBEFORE compenstation MEMSIC memsic_log get_battery_current_now  = 326500 current_avg = 381600 current_chg = 0, charge_ret = 2 x y z 2.593700 -1.414000 -6.687500 
05-13 19:18:11.712 E/        (  624): MEMSIC  vir111 gyro algoRstGyro = 0 algoRst = 0
05-13 19:18:11.871 I/chatty  (  624): uid=1000(system) sensors@2.0-ser identical 8 lines
05-13 19:18:11.891 E/        (  624): MEMSIC  vir111 gyro algoRstGyro = 0 algoRst = 0
05-13 19:18:11.912 E/        (  624): MEMSICBEFORE compenstation MEMSIC memsic_log get_battery_current_now  = 364600 current_avg = 381600 current_chg = 0, charge_ret = 2 x y z 2.593700 -1.409100 -6.680600 
05-13 19:18:11.912 E/        (  624): MEMSIC  vir111 gyro algoRstGyro = 0 algoRst = 0
05-13 19:18:12.071 I/chatty  (  624): uid=1000(system) sensors@2.0-ser identical 8 lines
05-13 19:18:12.091 E/        (  624): MEMSIC  vir111 gyro algoRstGyro = 0 algoRst = 0
05-13 19:18:12.112 E/        (  624): MEMSICBEFORE compenstation MEMSIC memsic_log get_battery_current_now  = 410000 current_avg = 381600 current_chg = 0, charge_ret = 2 x y z 2.597600 -1.417900 -6.684500 
05-13 19:18:12.112 E/        (  624): MEMSIC  vir111 gyro algoRstGyro = 0 algoRst = 0
05-13 19:18:12.271 I/chatty  (  624): uid=1000(system) sensors@2.0-ser identical 8 lines
05-13 19:18:12.291 E/        (  624): MEMSIC  vir111 gyro algoRstGyro = 0 algoRst = 0
05-13 19:18:12.312 E/        (  624): MEMSICBEFORE compenstation MEMSIC memsic_log get_battery_current_now  = 411200 current_avg = 381600 current_chg = 0, charge_ret = 2 x y z 2.596600 -1.417900 -6.680600 
05-13 19:18:12.312 E/        (  624): MEMSIC  vir111 gyro algoRstGyro = 0 algoRst = 0
05-13 19:18:12.471 I/chatty  (  624): uid=1000(system) sensors@2.0-ser identical 8 lines
05-13 19:18:12.491 E/        (  624): MEMSIC  vir111 gyro algoRstGyro = 0 algoRst = 0
05-13 19:18:12.512 E/        (  624): MEMSICBEFORE compenstation MEMSIC memsic_log get_battery_current_now  = 443200 current_avg = 381600 current_chg = 0, charge_ret = 2 x y z 2.590800 -1.416000 -6.678700 
05-13 19:18:12.512 E/        (  624): MEMSIC  vir111 gyro algoRstGyro = 0 algoRst = 0
05-13 19:18:12.671 I/chatty  (  624): uid=1000(system) sensors@2.0-ser identical 8 lines
05-13 19:18:12.691 E/        (  624): MEMSIC  vir111 gyro algoRstGyro = 0 algoRst = 0
05-13 19:18:12.712 E/        (  624): MEMSICBEFORE compenstation MEMSIC memsic_log get_battery_current_now  = 399700 current_avg = 381600 current_chg = 0, charge_ret = 2 x y z 2.593700 -1.415000 -6.679600 
05-13 19:18:12.712 E/        (  624): MEMSIC  vir111 gyro algoRstGyro = 0 algoRst = 0
05-13 19:18:12.771 I/chatty  (  624): uid=1000(system) sensors@2.0-ser identical 3 lines
05-13 19:18:12.791 E/        (  624): MEMSIC  vir111 gyro algoRstGyro = 0 algoRst = 0
05-13 19:18:12.806 E/WifiVendorHal( 1245): getWifiLinkLayerStats_1_3_Internal(l.927) failed {.code = ERROR_NOT_SUPPORTED, .description = }
05-13 19:18:12.811 E/        (  624): MEMSIC  vir111 gyro algoRstGyro = 0 algoRst = 0
05-13 19:18:12.871 I/chatty  (  624): uid=1000(system) sensors@2.0-ser identical 3 lines
05-13 19:18:12.891 E/        (  624): MEMSIC  vir111 gyro algoRstGyro = 0 algoRst = 0
05-13 19:18:12.912 E/        (  624): MEMSICBEFORE compenstation MEMSIC memsic_log get_battery_current_now  = 431800 current_avg = 381600 current_chg = 0, charge_ret = 2 x y z 2.593700 -1.418900 -6.678700 
05-13 19:18:12.912 E/        (  624): MEMSIC  vir111 gyro algoRstGyro = 0 algoRst = 0
05-13 19:18:13.071 I/chatty  (  624): uid=1000(system) sensors@2.0-ser identical 8 lines
05-13 19:18:13.091 E/        (  624): MEMSIC  vir111 gyro algoRstGyro = 0 algoRst = 0
05-13 19:18:13.112 E/        (  624): MEMSICBEFORE compenstation MEMSIC memsic_log get_battery_current_now  = 334100 current_avg = 381600 current_chg = 0, charge_ret = 2 x y z 2.592700 -1.416000 -6.675700 
05-13 19:18:13.112 E/        (  624): MEMSIC  vir111 gyro algoRstGyro = 0 algoRst = 0
05-13 19:18:13.271 I/chatty  (  624): uid=1000(system) sensors@2.0-ser identical 8 lines
05-13 19:18:13.291 E/        (  624): MEMSIC  vir111 gyro algoRstGyro = 0 algoRst = 0
05-13 19:18:13.312 E/        (  624): MEMSICBEFORE compenstation MEMSIC memsic_log get_battery_current_now  = 364600 current_avg = 381600 current_chg = 0, charge_ret = 2 x y z 2.591700 -1.416000 -6.681600 
05-13 19:18:13.312 E/        (  624): MEMSIC  vir111 gyro algoRstGyro = 0 algoRst = 0
05-13 19:18:13.471 I/chatty  (  624): uid=1000(system) sensors@2.0-ser identical 8 lines
05-13 19:18:13.491 E/        (  624): MEMSIC  vir111 gyro algoRstGyro = 0 algoRst = 0
05-13 19:18:13.512 E/        (  624): MEMSICBEFORE compenstation MEMSIC memsic_log get_battery_current_now  = 404700 current_avg = 381600 current_chg = 0, charge_ret = 2 x y z 2.594700 -1.407200 -6.684500 
05-13 19:18:13.512 E/        (  624): MEMSIC  vir111 gyro algoRstGyro = 0 algoRst = 0
05-13 19:18:13.671 I/chatty  (  624): uid=1000(system) sensors@2.0-ser identical 8 lines
05-13 19:18:13.691 E/        (  624): MEMSIC  vir111 gyro algoRstGyro = 0 algoRst = 0
05-13 19:18:13.712 E/        (  624): MEMSICBEFORE compenstation MEMSIC memsic_log get_battery_current_now  = 429900 current_avg = 380700 current_chg = 0, charge_ret = 2 x y z 2.595700 -1.415000 -6.679600 
05-13 19:18:13.712 E/        (  624): MEMSIC  vir111 gyro algoRstGyro = 0 algoRst = 0
05-13 19:18:13.871 I/chatty  (  624): uid=1000(system) sensors@2.0-ser identical 8 lines
05-13 19:18:13.891 E/        (  624): MEMSIC  vir111 gyro algoRstGyro = 0 algoRst = 0
05-13 19:18:13.912 E/        (  624): MEMSICBEFORE compenstation MEMSIC memsic_log get_battery_current_now  = 426800 current_avg = 380700 current_chg = 0, charge_ret = 2 x y z 2.597600 -1.416000 -6.675700 
05-13 19:18:13.912 E/        (  624): MEMSIC  vir111 gyro algoRstGyro = 0 algoRst = 0
05-13 19:18:14.051 I/chatty  (  624): uid=1000(system) sensors@2.0-ser identical 7 lines
05-13 19:18:14.071 E/        (  624): MEMSIC  vir111 gyro algoRstGyro = 0 algoRst = 0
05-13 19:18:14.088 I/thermal_repeater(  627): [recvMdThermalInfo] ret=29, strLen=127,  3, 45, -50, -28361, 32767, 0
05-13 19:18:14.091 E/        (  624): MEMSIC  vir111 gyro algoRstGyro = 0 algoRst = 0
05-13 19:18:14.112 E/        (  624): MEMSICBEFORE compenstation MEMSIC memsic_log get_battery_current_now  = 407700 current_avg = 380700 current_chg = 0, charge_ret = 2 x y z 2.594700 -1.412100 -6.689400 
05-13 19:18:14.112 E/        (  624): MEMSIC  vir111 gyro algoRstGyro = 0 algoRst = 0
05-13 19:18:14.271 I/chatty  (  624): uid=1000(system) sensors@2.0-ser identical 8 lines
05-13 19:18:14.291 E/        (  624): MEMSIC  vir111 gyro algoRstGyro = 0 algoRst = 0
05-13 19:18:14.312 E/        (  624): MEMSICBEFORE compenstation MEMSIC memsic_log get_battery_current_now  = 392900 current_avg = 380700 current_chg = 0, charge_ret = 2 x y z 2.595700 -1.416900 -6.680600 
05-13 19:18:14.312 E/        (  624): MEMSIC  vir111 gyro algoRstGyro = 0 algoRst = 0
05-13 19:18:14.391 I/chatty  (  624): uid=1000(system) sensors@2.0-ser identical 4 lines
05-13 19:18:14.411 E/        (  624): MEMSIC  vir111 gyro algoRstGyro = 0 algoRst = 0
05-13 19:18:14.417 E/SELinux (  353): avc:  denied  { find } for interface=android.hardware.memtrack::IMemtrack sid=u:r:priv_app:s0:c512,c768 pid=21053 scontext=u:r:priv_app:s0:c512,c768 tcontext=u:object_r:hal_memtrack_hwservice:s0 tclass=hwservice_manager permissive=0
05-13 19:18:14.418 E/memtrack(21053): Couldn't load memtrack module
05-13 19:18:14.418 W/android.os.Debug(21053): failed to get memory consumption info: -1
05-13 19:18:14.423 W/TracingHelper(21053): Mismatched RequestContext found for module CORE. Module id from RequestContext is MODULEID_UNKNOWN [CONTEXT service_id=259 ratelimit_count=1410065408 ]
05-13 19:18:14.430 D/WifiConnectivityManager( 1245): periodicScanTimerHandler
05-13 19:18:14.431 E/        (  624): MEMSIC  vir111 gyro algoRstGyro = 0 algoRst = 0
05-13 19:18:14.434 D/WifiConnectivityManager( 1245): startPeriodicSingleScan: mTimeForScanPeriod = 5000 mPeriodicSingleScanInterval = 5000 isScanNeeded = true currentRssi = -40 savedConfigNum = 162
05-13 19:18:14.434 D/WifiConnectivityManager( 1245): schedulePeriodicScanTimer, intervalMs: 5000
05-13 19:18:14.434 D/WifiScanningService( 1245): addSingleScanRequest: ClientInfo[uid=1000,android.os.Messenger@cbdb010],Id=308,WorkSource{1010}, ScanSettings {  type:HIGH ACCURACY band:24Ghz & 5Ghz (DFS incl) ignoreLocationSettings:false period:0 reportEvents:3 numBssidsPerScan:0 maxScansToCache:0 channels:[  ]  hiddenNetworks:[  ]  } 
05-13 19:18:14.435 D/BoundBrokerSvc( 2384): onRebind: Intent { act=com.google.android.gms.libs.gmscorelogger.service.START dat=chimera-action: cmp=com.google.android.gms/.chimera.PersistentDirectBootAwareApiService }
05-13 19:18:14.443 D/VoLTE IMSM(  994): send CTRL_CMD_GET_SCAN (module/mdagent/volte_imsm_93/src/wireless.c:574)
05-13 19:18:14.443 D/VoLTE IMSM(  994): monitor_wifi_tech: mutex lock (module/mdagent/volte_imsm_93/src/wireless.c:589)
05-13 19:18:14.443 D/VoLTE IMSM(  994): monitor_wifi_tech: mutex unlock (module/mdagent/volte_imsm_93/src/wireless.c:597)
05-13 19:18:14.443 D/VoLTE IMSM(  994): FOUND[0] 3
05-13 19:18:14.443 D/VoLTE IMSM(  994):  (module/mdagent/volte_imsm_93/src/wireless.c:599)
05-13 19:18:14.444 D/WificondControl( 1245): Scan result ready event
05-13 19:18:14.448 D/WifiScanningService( 1245): singleScanResults: ClientInfo[uid=1000,android.os.Messenger@cbdb010],Id=308,results=3
05-13 19:18:14.449 D/WifiScanningService( 1245): singleScanResults: ClientInfo[uid=1000,android.os.Messenger@cbdb010],Id=1,results=3
05-13 19:18:14.449 D/WifiScanRequestProxy( 1245): eval old results
05-13 19:18:14.449 D/WifiScanningService( 1245): singleScanResults: ClientInfo[uid=1000,android.os.Messenger@cbdb010],Id=2,results=3
05-13 19:18:14.451 E/        (  624): MEMSIC  vir111 gyro algoRstGyro = 0 algoRst = 0
05-13 19:18:14.451 D/WifiConnectivityManager( 1245): AllSingleScanListener onResults: start network selection
05-13 19:18:14.451 D/WifiNetworkSelector( 1245): Current connected network: "Huawei" , ID: 49
05-13 19:18:14.451 D/WifiNetworkSelector( 1245): Current connected network already sufficient. Skip network selection.
05-13 19:18:14.462 W/PhBaseOp( 2384): Phenotype API error. Event: # hcgi@a5ed9034, EventCode: COMMIT_CONFIG [CONTEXT service_id=51 ]
05-13 19:18:14.462 W/PhBaseOp( 2384): dygl: 29547: Stale snapshot for com.google.android.gms.gmslogger#com.google.android.gms(new configuration available)
05-13 19:18:14.462 W/PhBaseOp( 2384): 	at dyij.d(:com.google.android.gms@261631013@26.16.31 (100400-900800821):389)
05-13 19:18:14.462 W/PhBaseOp( 2384): 	at dyij.b(:com.google.android.gms@261631013@26.16.31 (100400-900800821):44)
05-13 19:18:14.462 W/PhBaseOp( 2384): 	at dyii.i(:com.google.android.gms@261631013@26.16.31 (100400-900800821):3)
05-13 19:18:14.462 W/PhBaseOp( 2384): 	at dyie.h(:com.google.android.gms@261631013@26.16.31 (100400-900800821):34)
05-13 19:18:14.462 W/PhBaseOp( 2384): 	at dyie.f(:com.google.android.gms@261631013@26.16.31 (100400-900800821):16)
05-13 19:18:14.462 W/PhBaseOp( 2384): 	at ctrw.fC(:com.google.android.gms@261631013@26.16.31 (100400-900800821):1)
05-13 19:18:14.462 W/PhBaseOp( 2384): 	at ctsh.run(:com.google.android.gms@261631013@26.16.31 (100400-900800821):121)
05-13 19:18:14.462 W/PhBaseOp( 2384): 	at fuhy.run(:com.google.android.gms@261631013@26.16.31 (100400-900800821):23)
05-13 19:18:14.462 W/PhBaseOp( 2384): 	at bhqg.c(:com.google.android.gms@261631013@26.16.31 (100400-900800821):50)
05-13 19:18:14.462 W/PhBaseOp( 2384): 	at bhqg.run(:com.google.android.gms@261631013@26.16.31 (100400-900800821):66)
05-13 19:18:14.462 W/PhBaseOp( 2384): 	at java.util.concurrent.ThreadPoolExecutor.runWorker(ThreadPoolExecutor.java:1167)
05-13 19:18:14.462 W/PhBaseOp( 2384): 	at java.util.concurrent.ThreadPoolExecutor$Worker.run(ThreadPoolExecutor.java:641)
05-13 19:18:14.462 W/PhBaseOp( 2384): 	at bhvx.run(:com.google.android.gms@261631013@26.16.31 (100400-900800821):8)
05-13 19:18:14.462 W/PhBaseOp( 2384): 	at java.lang.Thread.run(Thread.java:919)
05-13 19:18:14.464 W/AsyncOperation( 2384): operation=CommitToConfigurationOperationCall, opStatusCode=29547 [CONTEXT service_id=51 ]
05-13 19:18:14.464 W/AsyncOperation( 2384): OperationException[Status{statusCode=Stale snapshot for com.google.android.gms.gmslogger#com.google.android.gms(new configuration available), resolution=null}]
05-13 19:18:14.464 W/AsyncOperation( 2384): 	at dyie.h(:com.google.android.gms@261631013@26.16.31 (100400-900800821):64)
05-13 19:18:14.464 W/AsyncOperation( 2384): 	at dyie.f(:com.google.android.gms@261631013@26.16.31 (100400-900800821):16)
05-13 19:18:14.464 W/AsyncOperation( 2384): 	at ctrw.fC(:com.google.android.gms@261631013@26.16.31 (100400-900800821):1)
05-13 19:18:14.464 W/AsyncOperation( 2384): 	at ctsh.run(:com.google.android.gms@261631013@26.16.31 (100400-900800821):121)
05-13 19:18:14.464 W/AsyncOperation( 2384): 	at fuhy.run(:com.google.android.gms@261631013@26.16.31 (100400-900800821):23)
05-13 19:18:14.464 W/AsyncOperation( 2384): 	at bhqg.c(:com.google.android.gms@261631013@26.16.31 (100400-900800821):50)
05-13 19:18:14.464 W/AsyncOperation( 2384): 	at bhqg.run(:com.google.android.gms@261631013@26.16.31 (100400-900800821):66)
05-13 19:18:14.464 W/AsyncOperation( 2384): 	at java.util.concurrent.ThreadPoolExecutor.runWorker(ThreadPoolExecutor.java:1167)
05-13 19:18:14.464 W/AsyncOperation( 2384): 	at java.util.concurrent.ThreadPoolExecutor$Worker.run(ThreadPoolExecutor.java:641)
05-13 19:18:14.464 W/AsyncOperation( 2384): 	at bhvx.run(:com.google.android.gms@261631013@26.16.31 (100400-900800821):8)
05-13 19:18:14.464 W/AsyncOperation( 2384): 	at java.lang.Thread.run(Thread.java:919)
05-13 19:18:14.471 E/        (  624): MEMSIC  vir111 gyro algoRstGyro = 0 algoRst = 0
05-13 19:18:14.491 E/        (  624): MEMSIC  vir111 gyro algoRstGyro = 0 algoRst = 0
05-13 19:18:14.512 E/        (  624): MEMSICBEFORE compenstation MEMSIC memsic_log get_battery_current_now  = 416100 current_avg = 380700 current_chg = 0, charge_ret = 2 x y z 2.593700 -1.416000 -6.684500 
05-13 19:18:14.512 E/        (  624): MEMSIC  vir111 gyro algoRstGyro = 0 algoRst = 0
05-13 19:18:14.531 E/        (  624): MEMSIC  vir111 gyro algoRstGyro = 0 algoRst = 0
05-13 19:18:14.546 E/Athena  (16838): ------------------------------------------------------------
05-13 19:18:14.546 E/Athena  (16838): 
05-13 19:18:14.546 E/Athena  (16838): Athena is in DEBUG or TEST mode, should not release this APK [com.android.settings]
05-13 19:18:14.546 E/Athena  (16838): 
05-13 19:18:14.546 E/Athena  (16838): ------------------------------------------------------------
05-13 19:18:14.551 E/        (  624): MEMSIC  vir111 gyro algoRstGyro = 0 algoRst = 0
05-13 19:18:14.671 I/chatty  (  624): uid=1000(system) sensors@2.0-ser identical 6 lines
05-13 19:18:14.691 E/        (  624): MEMSIC  vir111 gyro algoRstGyro = 0 algoRst = 0
05-13 19:18:14.712 E/        (  624): MEMSICBEFORE compenstation MEMSIC memsic_log get_battery_current_now  = 327300 current_avg = 380700 current_chg = 0, charge_ret = 2 x y z 2.594700 -1.412100 -6.674800 
05-13 19:18:14.712 E/        (  624): MEMSIC  vir111 gyro algoRstGyro = 0 algoRst = 0
05-13 19:18:14.871 I/chatty  (  624): uid=1000(system) sensors@2.0-ser identical 8 lines
05-13 19:18:14.891 E/        (  624): MEMSIC  vir111 gyro algoRstGyro = 0 algoRst = 0
05-13 19:18:14.912 E/        (  624): MEMSICBEFORE compenstation MEMSIC memsic_log get_battery_current_now  = 385600 current_avg = 380700 current_chg = 0, charge_ret = 2 x y z 2.597600 -1.415000 -6.683500 
05-13 19:18:14.912 E/        (  624): MEMSIC  vir111 gyro algoRstGyro = 0 algoRst = 0
05-13 19:18:15.071 I/chatty  (  624): uid=1000(system) sensors@2.0-ser identical 8 lines
05-13 19:18:15.091 E/        (  624): MEMSIC  vir111 gyro algoRstGyro = 0 algoRst = 0
05-13 19:18:15.112 E/        (  624): MEMSICBEFORE compenstation MEMSIC memsic_log get_battery_current_now  = 379900 current_avg = 380700 current_chg = 0, charge_ret = 2 x y z 2.595700 -1.416900 -6.677700 
05-13 19:18:15.112 E/        (  624): MEMSIC  vir111 gyro algoRstGyro = 0 algoRst = 0
05-13 19:18:15.271 I/chatty  (  624): uid=1000(system) sensors@2.0-ser identical 8 lines
05-13 19:18:15.291 E/        (  624): MEMSIC  vir111 gyro algoRstGyro = 0 algoRst = 0
05-13 19:18:15.312 E/        (  624): MEMSICBEFORE compenstation MEMSIC memsic_log get_battery_current_now  = 380700 current_avg = 380700 current_chg = 0, charge_ret = 2 x y z 2.595700 -1.415000 -6.679600 
05-13 19:18:15.312 E/        (  624): MEMSIC  vir111 gyro algoRstGyro = 0 algoRst = 0
05-13 19:18:15.471 I/chatty  (  624): uid=1000(system) sensors@2.0-ser identical 8 lines
05-13 19:18:15.491 E/        (  624): MEMSIC  vir111 gyro algoRstGyro = 0 algoRst = 0
05-13 19:18:15.512 E/        (  624): MEMSICBEFORE compenstation MEMSIC memsic_log get_battery_current_now  = 389400 current_avg = 380700 current_chg = 0, charge_ret = 2 x y z 2.597600 -1.416000 -6.677700 
05-13 19:18:15.512 E/        (  624): MEMSIC  vir111 gyro algoRstGyro = 0 algoRst = 0
05-13 19:18:15.671 I/chatty  (  624): uid=1000(system) sensors@2.0-ser identical 8 lines
05-13 19:18:15.691 E/        (  624): MEMSIC  vir111 gyro algoRstGyro = 0 algoRst = 0
05-13 19:18:15.712 E/        (  624): MEMSICBEFORE compenstation MEMSIC memsic_log get_battery_current_now  = 401300 current_avg = 380700 current_chg = 0, charge_ret = 2 x y z 2.593700 -1.417900 -6.673800 
05-13 19:18:15.712 E/        (  624): MEMSIC  vir111 gyro algoRstGyro = 0 algoRst = 0
05-13 19:18:15.791 I/chatty  (  624): uid=1000(system) sensors@2.0-ser identical 4 lines
05-13 19:18:15.811 E/        (  624): MEMSIC  vir111 gyro algoRstGyro = 0 algoRst = 0
05-13 19:18:15.820 E/WifiVendorHal( 1245): getWifiLinkLayerStats_1_3_Internal(l.927) failed {.code = ERROR_NOT_SUPPORTED, .description = }
05-13 19:18:15.831 E/        (  624): MEMSIC  vir111 gyro algoRstGyro = 0 algoRst = 0
05-13 19:18:15.871 I/chatty  (  624): uid=1000(system) sensors@2.0-ser identical 2 lines
05-13 19:18:15.891 E/        (  624): MEMSIC  vir111 gyro algoRstGyro = 0 algoRst = 0
05-13 19:18:15.912 E/        (  624): MEMSICBEFORE compenstation MEMSIC memsic_log get_battery_current_now  = 421900 current_avg = 380700 current_chg = 0, charge_ret = 2 x y z 2.596600 -1.416000 -6.675700 
05-13 19:18:15.912 E/        (  624): MEMSIC  vir111 gyro algoRstGyro = 0 algoRst = 0
05-13 19:18:16.071 I/chatty  (  624): uid=1000(system) sensors@2.0-ser identical 8 lines
05-13 19:18:16.091 E/        (  624): MEMSIC  vir111 gyro algoRstGyro = 0 algoRst = 0
05-13 19:18:16.112 E/        (  624): MEMSICBEFORE compenstation MEMSIC memsic_log get_battery_current_now  = 406600 current_avg = 380700 current_chg = 0, charge_ret = 2 x y z 2.596600 -1.415000 -6.684500 
05-13 19:18:16.112 E/        (  624): MEMSIC  vir111 gyro algoRstGyro = 0 algoRst = 0
05-13 19:18:16.151 I/chatty  (  624): uid=1000(system) sensors@2.0-ser identical 2 lines
05-13 19:18:16.171 E/        (  624): MEMSIC  vir111 gyro algoRstGyro = 0 algoRst = 0
05-13 19:18:16.188 I/BufferQueueProducer(  520): [StatusBar#0](this:0x78835fd000,id:5,api:1,p:1592,c:520) queueBuffer: fps=0.20 dur=5002.39 max=5002.39 min=5002.39
05-13 19:18:16.191 E/        (  624): MEMSIC  vir111 gyro algoRstGyro = 0 algoRst = 0
05-13 19:18:16.198 I/hwcomposer(  491): [HWCDisplay] [Display_0 (type:1)] fps:0.199960,dur:5001.01,max:5001.01,min:5001.01  
05-13 19:18:16.202 I/SurfaceFlinger(  520): screenshot (host.exp.exponent/host.exp.exponent.experience.ExperienceActivity#1)
05-13 19:18:16.202 I/SurfaceFlinger(  520): screenshot (Dim Layer for - Task=2387#0)
05-13 19:18:16.211 E/        (  624): MEMSIC  vir111 gyro algoRstGyro = 0 algoRst = 0
05-13 19:18:16.271 I/chatty  (  624): uid=1000(system) sensors@2.0-ser identical 3 lines
05-13 19:18:16.291 E/        (  624): MEMSIC  vir111 gyro algoRstGyro = 0 algoRst = 0
05-13 19:18:16.312 E/        (  624): MEMSICBEFORE compenstation MEMSIC memsic_log get_battery_current_now  = 355500 current_avg = 380700 current_chg = 0, charge_ret = 2 x y z 2.595700 -1.415000 -6.678700 
05-13 19:18:16.312 E/        (  624): MEMSIC  vir111 gyro algoRstGyro = 0 algoRst = 0
05-13 19:18:16.471 I/chatty  (  624): uid=1000(system) sensors@2.0-ser identical 8 lines
05-13 19:18:16.491 E/        (  624): MEMSIC  vir111 gyro algoRstGyro = 0 algoRst = 0
05-13 19:18:16.512 E/        (  624): MEMSICBEFORE compenstation MEMSIC memsic_log get_battery_current_now  = 398200 current_avg = 380700 current_chg = 0, charge_ret = 2 x y z 2.595700 -1.417900 -6.677700 
05-13 19:18:16.512 E/        (  624): MEMSIC  vir111 gyro algoRstGyro = 0 algoRst = 0
05-13 19:18:16.671 I/chatty  (  624): uid=1000(system) sensors@2.0-ser identical 8 lines
05-13 19:18:16.691 E/        (  624): MEMSIC  vir111 gyro algoRstGyro = 0 algoRst = 0
05-13 19:18:16.712 E/        (  624): MEMSICBEFORE compenstation MEMSIC memsic_log get_battery_current_now  = 397100 current_avg = 380700 current_chg = 0, charge_ret = 2 x y z 2.594700 -1.420800 -6.683500 
05-13 19:18:16.712 E/        (  624): MEMSIC  vir111 gyro algoRstGyro = 0 algoRst = 0
05-13 19:18:16.871 I/chatty  (  624): uid=1000(system) sensors@2.0-ser identical 8 lines
05-13 19:18:16.891 E/        (  624): MEMSIC  vir111 gyro algoRstGyro = 0 algoRst = 0
05-13 19:18:16.912 E/        (  624): MEMSICBEFORE compenstation MEMSIC memsic_log get_battery_current_now  = 415000 current_avg = 380700 current_chg = 0, charge_ret = 2 x y z 2.597600 -1.419900 -6.679600 
05-13 19:18:16.912 E/        (  624): MEMSIC  vir111 gyro algoRstGyro = 0 algoRst = 0
05-13 19:18:17.071 I/chatty  (  624): uid=1000(system) sensors@2.0-ser identical 8 lines
05-13 19:18:17.091 E/        (  624): MEMSIC  vir111 gyro algoRstGyro = 0 algoRst = 0
05-13 19:18:17.112 E/        (  624): MEMSICBEFORE compenstation MEMSIC memsic_log get_battery_current_now  = 414600 current_avg = 380700 current_chg = 0, charge_ret = 2 x y z 2.596600 -1.416900 -6.679600 
05-13 19:18:17.112 E/        (  624): MEMSIC  vir111 gyro algoRstGyro = 0 algoRst = 0
05-13 19:18:17.271 I/chatty  (  624): uid=1000(system) sensors@2.0-ser identical 8 lines
05-13 19:18:17.291 E/        (  624): MEMSIC  vir111 gyro algoRstGyro = 0 algoRst = 0
05-13 19:18:17.312 E/        (  624): MEMSICBEFORE compenstation MEMSIC memsic_log get_battery_current_now  = 434800 current_avg = 380700 current_chg = 0, charge_ret = 2 x y z 2.597600 -1.417900 -6.679600 
05-13 19:18:17.312 E/        (  624): MEMSIC  vir111 gyro algoRstGyro = 0 algoRst = 0
05-13 19:18:17.471 I/chatty  (  624): uid=1000(system) sensors@2.0-ser identical 8 lines
05-13 19:18:17.491 E/        (  624): MEMSIC  vir111 gyro algoRstGyro = 0 algoRst = 0
05-13 19:18:17.512 E/        (  624): MEMSICBEFORE compenstation MEMSIC memsic_log get_battery_current_now  = 432500 current_avg = 380700 current_chg = 0, charge_ret = 2 x y z 2.594700 -1.418900 -6.677700 
05-13 19:18:17.512 E/        (  624): MEMSIC  vir111 gyro algoRstGyro = 0 algoRst = 0
05-13 19:18:17.671 I/chatty  (  624): uid=1000(system) sensors@2.0-ser identical 8 lines
05-13 19:18:17.691 E/        (  624): MEMSIC  vir111 gyro algoRstGyro = 0 algoRst = 0
05-13 19:18:17.712 E/        (  624): MEMSICBEFORE compenstation MEMSIC memsic_log get_battery_current_now  = 416500 current_avg = 385200 current_chg = 0, charge_ret = 2 x y z 2.594700 -1.417900 -6.679600 
05-13 19:18:17.712 E/        (  624): MEMSIC  vir111 gyro algoRstGyro = 0 algoRst = 0
05-13 19:18:17.871 I/chatty  (  624): uid=1000(system) sensors@2.0-ser identical 8 lines
05-13 19:18:17.891 E/        (  624): MEMSIC  vir111 gyro algoRstGyro = 0 algoRst = 0
05-13 19:18:17.912 E/        (  624): MEMSICBEFORE compenstation MEMSIC memsic_log get_battery_current_now  = 354000 current_avg = 385200 current_chg = 0, charge_ret = 2 x y z 2.596600 -1.416000 -6.680600 
05-13 19:18:17.912 E/        (  624): MEMSIC  vir111 gyro algoRstGyro = 0 algoRst = 0
05-13 19:18:18.071 I/chatty  (  624): uid=1000(system) sensors@2.0-ser identical 8 lines
05-13 19:18:18.091 E/        (  624): MEMSIC  vir111 gyro algoRstGyro = 0 algoRst = 0
05-13 19:18:18.112 E/        (  624): MEMSICBEFORE compenstation MEMSIC memsic_log get_battery_current_now  = 422600 current_avg = 385200 current_chg = 0, charge_ret = 2 x y z 2.598600 -1.420800 -6.676700 
05-13 19:18:18.112 E/        (  624): MEMSIC  vir111 gyro algoRstGyro = 0 algoRst = 0
05-13 19:18:18.271 I/chatty  (  624): uid=1000(system) sensors@2.0-ser identical 8 lines
05-13 19:18:18.291 E/        (  624): MEMSIC  vir111 gyro algoRstGyro = 0 algoRst = 0
05-13 19:18:18.312 E/        (  624): MEMSICBEFORE compenstation MEMSIC memsic_log get_battery_current_now  = 410000 current_avg = 385200 current_chg = 0, charge_ret = 2 x y z 2.593700 -1.416000 -6.681600 
05-13 19:18:18.312 E/        (  624): MEMSIC  vir111 gyro algoRstGyro = 0 algoRst = 0
05-13 19:18:18.471 I/chatty  (  624): uid=1000(system) sensors@2.0-ser identical 8 lines
05-13 19:18:18.491 E/        (  624): MEMSIC  vir111 gyro algoRstGyro = 0 algoRst = 0
05-13 19:18:18.512 E/        (  624): MEMSICBEFORE compenstation MEMSIC memsic_log get_battery_current_now  = 429900 current_avg = 385200 current_chg = 0, charge_ret = 2 x y z 2.594700 -1.419900 -6.677700 
05-13 19:18:18.512 E/        (  624): MEMSIC  vir111 gyro algoRstGyro = 0 algoRst = 0
05-13 19:18:18.671 I/chatty  (  624): uid=1000(system) sensors@2.0-ser identical 8 lines
05-13 19:18:18.691 E/        (  624): MEMSIC  vir111 gyro algoRstGyro = 0 algoRst = 0
05-13 19:18:18.712 E/        (  624): MEMSICBEFORE compenstation MEMSIC memsic_log get_battery_current_now  = 408900 current_avg = 385200 current_chg = 0, charge_ret = 2 x y z 2.594700 -1.416000 -6.679600 
05-13 19:18:18.712 E/        (  624): MEMSIC  vir111 gyro algoRstGyro = 0 algoRst = 0
05-13 19:18:18.811 I/chatty  (  624): uid=1000(system) sensors@2.0-ser identical 5 lines
05-13 19:18:18.831 E/        (  624): MEMSIC  vir111 gyro algoRstGyro = 0 algoRst = 0
05-13 19:18:18.835 E/WifiVendorHal( 1245): getWifiLinkLayerStats_1_3_Internal(l.927) failed {.code = ERROR_NOT_SUPPORTED, .description = }
05-13 19:18:18.851 E/        (  624): MEMSIC  vir111 gyro algoRstGyro = 0 algoRst = 0
05-13 19:18:18.871 I/chatty  (  624): uid=1000(system) sensors@2.0-ser identical 1 line
05-13 19:18:18.891 E/        (  624): MEMSIC  vir111 gyro algoRstGyro = 0 algoRst = 0
05-13 19:18:18.912 E/        (  624): MEMSICBEFORE compenstation MEMSIC memsic_log get_battery_current_now  = 428000 current_avg = 385200 current_chg = 0, charge_ret = 2 x y z 2.591700 -1.416900 -6.683500 
05-13 19:18:18.912 E/        (  624): MEMSIC  vir111 gyro algoRstGyro = 0 algoRst = 0
05-13 19:18:19.071 I/chatty  (  624): uid=1000(system) sensors@2.0-ser identical 8 lines
05-13 19:18:19.091 E/        (  624): MEMSIC  vir111 gyro algoRstGyro = 0 algoRst = 0
05-13 19:18:19.112 E/        (  624): MEMSICBEFORE compenstation MEMSIC memsic_log get_battery_current_now  = 393600 current_avg = 385200 current_chg = 0, charge_ret = 2 x y z 2.600500 -1.419900 -6.674800 
05-13 19:18:19.112 E/        (  624): MEMSIC  vir111 gyro algoRstGyro = 0 algoRst = 0
05-13 19:18:19.211 I/chatty  (  624): uid=1000(system) sensors@2.0-ser identical 5 lines
05-13 19:18:19.231 E/        (  624): MEMSIC  vir111 gyro algoRstGyro = 0 algoRst = 0
05-13 19:18:19.243 I/netd    (  476): trafficSwapActiveStatsMap() <0.44ms>
05-13 19:18:19.251 E/        (  624): MEMSIC  vir111 gyro algoRstGyro = 0 algoRst = 0
05-13 19:18:19.271 I/chatty  (  624): uid=1000(system) sensors@2.0-ser identical 1 line
05-13 19:18:19.291 E/        (  624): MEMSIC  vir111 gyro algoRstGyro = 0 algoRst = 0
05-13 19:18:19.312 E/        (  624): MEMSICBEFORE compenstation MEMSIC memsic_log get_battery_current_now  = 391000 current_avg = 385200 current_chg = 0, charge_ret = 2 x y z 2.596600 -1.418900 -6.677700 
05-13 19:18:19.312 E/        (  624): MEMSIC  vir111 gyro algoRstGyro = 0 algoRst = 0
05-13 19:18:19.411 I/chatty  (  624): uid=1000(system) sensors@2.0-ser identical 5 lines
05-13 19:18:19.431 E/        (  624): MEMSIC  vir111 gyro algoRstGyro = 0 algoRst = 0
05-13 19:18:19.435 D/WifiConnectivityManager( 1245): periodicScanTimerHandler
05-13 19:18:19.442 D/WifiConnectivityManager( 1245): startPeriodicSingleScan: mTimeForScanPeriod = 5000 mPeriodicSingleScanInterval = 5000 isScanNeeded = true currentRssi = -40 savedConfigNum = 162
05-13 19:18:19.443 D/WifiConnectivityManager( 1245): schedulePeriodicScanTimer, intervalMs: 5000
05-13 19:18:19.443 D/WifiScanningService( 1245): addSingleScanRequest: ClientInfo[uid=1000,android.os.Messenger@cbdb010],Id=309,WorkSource{1010}, ScanSettings {  type:HIGH ACCURACY band:24Ghz & 5Ghz (DFS incl) ignoreLocationSettings:false period:0 reportEvents:3 numBssidsPerScan:0 maxScansToCache:0 channels:[  ]  hiddenNetworks:[  ]  } 
05-13 19:18:19.451 E/        (  624): MEMSIC  vir111 gyro algoRstGyro = 0 algoRst = 0
05-13 19:18:19.471 I/chatty  (  624): uid=1000(system) sensors@2.0-ser identical 1 line
05-13 19:18:19.491 E/        (  624): MEMSIC  vir111 gyro algoRstGyro = 0 algoRst = 0
05-13 19:18:19.512 E/        (  624): MEMSICBEFORE compenstation MEMSIC memsic_log get_battery_current_now  = 326500 current_avg = 385200 current_chg = 0, charge_ret = 2 x y z 2.593700 -1.410100 -6.678700 
05-13 19:18:19.512 E/        (  624): MEMSIC  vir111 gyro algoRstGyro = 0 algoRst = 0
05-13 19:18:19.671 I/chatty  (  624): uid=1000(system) sensors@2.0-ser identical 8 lines
05-13 19:18:19.691 E/        (  624): MEMSIC  vir111 gyro algoRstGyro = 0 algoRst = 0
05-13 19:18:19.712 E/        (  624): MEMSICBEFORE compenstation MEMSIC memsic_log get_battery_current_now  = 385600 current_avg = 385200 current_chg = 0, charge_ret = 2 x y z 2.596600 -1.421800 -6.677700 
05-13 19:18:19.712 E/        (  624): MEMSIC  vir111 gyro algoRstGyro = 0 algoRst = 0
05-13 19:18:19.871 I/chatty  (  624): uid=1000(system) sensors@2.0-ser identical 8 lines
05-13 19:18:19.891 E/        (  624): MEMSIC  vir111 gyro algoRstGyro = 0 algoRst = 0
05-13 19:18:19.912 E/        (  624): MEMSICBEFORE compenstation MEMSIC memsic_log get_battery_current_now  = 300200 current_avg = 385200 current_chg = 0, charge_ret = 2 x y z 2.599600 -1.407200 -6.682600 
05-13 19:18:19.912 E/        (  624): MEMSIC  vir111 gyro algoRstGyro = 0 algoRst = 0
05-13 19:18:20.071 I/chatty  (  624): uid=1000(system) sensors@2.0-ser identical 8 lines
05-13 19:18:20.091 E/        (  624): MEMSIC  vir111 gyro algoRstGyro = 0 algoRst = 0
05-13 19:18:20.112 E/        (  624): MEMSICBEFORE compenstation MEMSIC memsic_log get_battery_current_now  = 391700 current_avg = 385200 current_chg = 0, charge_ret = 2 x y z 2.596600 -1.414000 -6.677700 
05-13 19:18:20.112 E/        (  624): MEMSIC  vir111 gyro algoRstGyro = 0 algoRst = 0
05-13 19:18:20.151 I/chatty  (  624): uid=1000(system) sensors@2.0-ser identical 2 lines
05-13 19:18:20.171 E/        (  624): MEMSIC  vir111 gyro algoRstGyro = 0 algoRst = 0
05-13 19:18:20.181 I/System.out(16418): [socket]:check permission begin!
05-13 19:18:20.182 I/System.out(16418): [socket]:check permission begin!
05-13 19:18:20.183 I/System.out(16418): [socket]:check permission begin!
05-13 19:18:20.184 I/System.out(16418): [socket]:check permission begin!
05-13 19:18:20.186 I/System.out(16418): [socket]:check permission begin!
05-13 19:18:20.191 E/        (  624): MEMSIC  vir111 gyro algoRstGyro = 0 algoRst = 0
05-13 19:18:20.271 I/chatty  (  624): uid=1000(system) sensors@2.0-ser identical 4 lines
05-13 19:18:20.291 E/        (  624): MEMSIC  vir111 gyro algoRstGyro = 0 algoRst = 0
05-13 19:18:20.312 E/        (  624): MEMSICBEFORE compenstation MEMSIC memsic_log get_battery_current_now  = 392100 current_avg = 385200 current_chg = 0, charge_ret = 2 x y z 2.597600 -1.420800 -6.681600 
05-13 19:18:20.312 E/        (  624): MEMSIC  vir111 gyro algoRstGyro = 0 algoRst = 0
05-13 19:18:20.471 I/chatty  (  624): uid=1000(system) sensors@2.0-ser identical 8 lines
05-13 19:18:20.491 E/        (  624): MEMSIC  vir111 gyro algoRstGyro = 0 algoRst = 0
05-13 19:18:20.512 E/        (  624): MEMSICBEFORE compenstation MEMSIC memsic_log get_battery_current_now  = 392500 current_avg = 385200 current_chg = 0, charge_ret = 2 x y z 2.593700 -1.417900 -6.676700 
05-13 19:18:20.512 E/        (  624): MEMSIC  vir111 gyro algoRstGyro = 0 algoRst = 0
05-13 19:18:20.671 I/chatty  (  624): uid=1000(system) sensors@2.0-ser identical 8 lines
05-13 19:18:20.691 E/        (  624): MEMSIC  vir111 gyro algoRstGyro = 0 algoRst = 0
05-13 19:18:20.712 E/        (  624): MEMSICBEFORE compenstation MEMSIC memsic_log get_battery_current_now  = 328400 current_avg = 385200 current_chg = 0, charge_ret = 2 x y z 2.593700 -1.415000 -6.675700 
05-13 19:18:20.712 E/        (  624): MEMSIC  vir111 gyro algoRstGyro = 0 algoRst = 0
05-13 19:18:20.811 I/chatty  (  624): uid=1000(system) sensors@2.0-ser identical 5 lines
05-13 19:18:20.831 E/        (  624): MEMSIC  vir111 gyro algoRstGyro = 0 algoRst = 0
05-13 19:18:20.845 I/[BIP]   (  989):  [BIP NL] event newlink match dev 0, interface index 31
05-13 19:18:20.845 D/WificondControl( 1245): Scan result ready event
05-13 19:18:20.845 I/[BIP]   (  989):  [BIP NL] the link status of interface(index:0) changes to 1
05-13 19:18:20.846 D/VoLTE IMSM(  994): send CTRL_CMD_GET_SCAN (module/mdagent/volte_imsm_93/src/wireless.c:574)
05-13 19:18:20.846 D/VoLTE IMSM(  994): monitor_wifi_tech: mutex lock (module/mdagent/volte_imsm_93/src/wireless.c:589)
05-13 19:18:20.846 I/EthernetTracker( 1245): interfaceLinkStateChanged, iface: wlan0, up: true
05-13 19:18:20.847 D/VoLTE IMSM(  994): monitor_wifi_tech: mutex unlock (module/mdagent/volte_imsm_93/src/wireless.c:597)
05-13 19:18:20.847 D/VoLTE IMSM(  994): FOUND[1] 5
05-13 19:18:20.847 D/VoLTE IMSM(  994):  (module/mdagent/volte_imsm_93/src/wireless.c:599)
05-13 19:18:20.848 I/netd    (  476): interfaceGetCfg("wlan0") <0.57ms>
05-13 19:18:20.851 E/        (  624): MEMSIC  vir111 gyro algoRstGyro = 0 algoRst = 0
05-13 19:18:20.853 D/WifiScanningService( 1245): singleScanResults: ClientInfo[uid=1000,android.os.Messenger@cbdb010],Id=309,results=5
05-13 19:18:20.854 D/WifiScanningService( 1245): singleScanResults: ClientInfo[uid=1000,android.os.Messenger@cbdb010],Id=1,results=5
05-13 19:18:20.855 D/WifiScanRequestProxy( 1245): eval old results
05-13 19:18:20.855 D/WifiScanningService( 1245): singleScanResults: ClientInfo[uid=1000,android.os.Messenger@cbdb010],Id=2,results=5
05-13 19:18:20.857 D/WifiConnectivityManager( 1245): AllSingleScanListener onResults: start network selection
05-13 19:18:20.857 D/WifiNetworkSelector( 1245): Current connected network: "Huawei" , ID: 49
05-13 19:18:20.858 D/WifiNetworkSelector( 1245): Current connected network already sufficient. Skip network selection.
05-13 19:18:20.871 E/        (  624): MEMSIC  vir111 gyro algoRstGyro = 0 algoRst = 0
05-13 19:18:20.891 E/        (  624): MEMSIC  vir111 gyro algoRstGyro = 0 algoRst = 0
05-13 19:18:20.912 E/        (  624): MEMSICBEFORE compenstation MEMSIC memsic_log get_battery_current_now  = 341000 current_avg = 385200 current_chg = 0, charge_ret = 2 x y z 2.594700 -1.410100 -6.679600 
05-13 19:18:20.912 E/        (  624): MEMSIC  vir111 gyro algoRstGyro = 0 algoRst = 0
05-13 19:18:21.071 I/chatty  (  624): uid=1000(system) sensors@2.0-ser identical 8 lines
05-13 19:18:21.091 E/        (  624): MEMSIC  vir111 gyro algoRstGyro = 0 algoRst = 0
05-13 19:18:21.112 E/        (  624): MEMSICBEFORE compenstation MEMSIC memsic_log get_battery_current_now  = 332200 current_avg = 385200 current_chg = 0, charge_ret = 2 x y z 2.597600 -1.413000 -6.681600 
05-13 19:18:21.112 E/        (  624): MEMSIC  vir111 gyro algoRstGyro = 0 algoRst = 0
05-13 19:18:21.151 I/chatty  (  624): uid=1000(system) sensors@2.0-ser identical 2 lines
05-13 19:18:21.171 E/        (  624): MEMSIC  vir111 gyro algoRstGyro = 0 algoRst = 0
05-13 19:18:21.187 I/BufferQueueProducer(  520): [StatusBar#0](this:0x78835fd000,id:5,api:1,p:1592,c:520) queueBuffer: fps=0.20 dur=4999.14 max=4999.14 min=4999.14
05-13 19:18:21.191 E/        (  624): MEMSIC  vir111 gyro algoRstGyro = 0 algoRst = 0
05-13 19:18:21.199 I/hwcomposer(  491): [HWCDisplay] [Display_0 (type:1)] fps:0.199954,dur:5001.15,max:5001.15,min:5001.15  
05-13 19:18:21.203 I/SurfaceFlinger(  520): screenshot (host.exp.exponent/host.exp.exponent.experience.ExperienceActivity#1)
05-13 19:18:21.203 I/SurfaceFlinger(  520): screenshot (Dim Layer for - Task=2387#0)
05-13 19:18:21.211 E/        (  624): MEMSIC  vir111 gyro algoRstGyro = 0 algoRst = 0
05-13 19:18:21.271 I/chatty  (  624): uid=1000(system) sensors@2.0-ser identical 3 lines
05-13 19:18:21.291 E/        (  624): MEMSIC  vir111 gyro algoRstGyro = 0 algoRst = 0
05-13 19:18:21.312 E/        (  624): MEMSICBEFORE compenstation MEMSIC memsic_log get_battery_current_now  = 391300 current_avg = 385200 current_chg = 0, charge_ret = 2 x y z 2.595700 -1.413000 -6.681600 
05-13 19:18:21.312 E/        (  624): MEMSIC  vir111 gyro algoRstGyro = 0 algoRst = 0
05-13 19:18:21.471 I/chatty  (  624): uid=1000(system) sensors@2.0-ser identical 8 lines
05-13 19:18:21.491 E/        (  624): MEMSIC  vir111 gyro algoRstGyro = 0 algoRst = 0
05-13 19:18:21.512 E/        (  624): MEMSICBEFORE compenstation MEMSIC memsic_log get_battery_current_now  = 400900 current_avg = 385200 current_chg = 0, charge_ret = 2 x y z 2.598600 -1.419900 -6.677700 
05-13 19:18:21.512 E/        (  624): MEMSIC  vir111 gyro algoRstGyro = 0 algoRst = 0
05-13 19:18:21.671 I/chatty  (  624): uid=1000(system) sensors@2.0-ser identical 8 lines
05-13 19:18:21.691 E/        (  624): MEMSIC  vir111 gyro algoRstGyro = 0 algoRst = 0
05-13 19:18:21.712 E/        (  624): MEMSICBEFORE compenstation MEMSIC memsic_log get_battery_current_now  = 377200 current_avg = 386000 current_chg = 0, charge_ret = 2 x y z 2.591700 -1.410100 -6.679600 
05-13 19:18:21.712 E/        (  624): MEMSIC  vir111 gyro algoRstGyro = 0 algoRst = 0
05-13 19:18:21.831 I/chatty  (  624): uid=1000(system) sensors@2.0-ser identical 6 lines
05-13 19:18:21.851 E/        (  624): MEMSIC  vir111 gyro algoRstGyro = 0 algoRst = 0
05-13 19:18:21.851 E/WifiVendorHal( 1245): getWifiLinkLayerStats_1_3_Internal(l.927) failed {.code = ERROR_NOT_SUPPORTED, .description = }
05-13 19:18:21.871 E/        (  624): MEMSIC  vir111 gyro algoRstGyro = 0 algoRst = 0
05-13 19:18:21.891 E/        (  624): MEMSIC  vir111 gyro algoRstGyro = 0 algoRst = 0
05-13 19:18:21.912 E/        (  624): MEMSICBEFORE compenstation MEMSIC memsic_log get_battery_current_now  = 411900 current_avg = 386000 current_chg = 0, charge_ret = 2 x y z 2.596600 -1.415000 -6.676700 
05-13 19:18:21.913 E/        (  624): MEMSIC  vir111 gyro algoRstGyro = 0 algoRst = 0
05-13 19:18:22.071 I/chatty  (  624): uid=1000(system) sensors@2.0-ser identical 8 lines
05-13 19:18:22.091 E/        (  624): MEMSIC  vir111 gyro algoRstGyro = 0 algoRst = 0
05-13 19:18:22.112 E/        (  624): MEMSICBEFORE compenstation MEMSIC memsic_log get_battery_current_now  = 405500 current_avg = 386000 current_chg = 0, charge_ret = 2 x y z 2.594700 -1.416900 -6.677700 
05-13 19:18:22.112 E/        (  624): MEMSIC  vir111 gyro algoRstGyro = 0 algoRst = 0
05-13 19:18:22.271 I/chatty  (  624): uid=1000(system) sensors@2.0-ser identical 8 lines
05-13 19:18:22.291 E/        (  624): MEMSIC  vir111 gyro algoRstGyro = 0 algoRst = 0
05-13 19:18:22.312 E/        (  624): MEMSICBEFORE compenstation MEMSIC memsic_log get_battery_current_now  = 373400 current_avg = 386000 current_chg = 0, charge_ret = 2 x y z 2.598600 -1.412100 -6.681600 
05-13 19:18:22.313 E/        (  624): MEMSIC  vir111 gyro algoRstGyro = 0 algoRst = 0
05-13 19:18:22.471 I/chatty  (  624): uid=1000(system) sensors@2.0-ser identical 8 lines
05-13 19:18:22.491 E/        (  624): MEMSIC  vir111 gyro algoRstGyro = 0 algoRst = 0
05-13 19:18:22.512 E/        (  624): MEMSICBEFORE compenstation MEMSIC memsic_log get_battery_current_now  = 375700 current_avg = 386000 current_chg = 0, charge_ret = 2 x y z 2.595700 -1.416000 -6.681600 
05-13 19:18:22.512 E/        (  624): MEMSIC  vir111 gyro algoRstGyro = 0 algoRst = 0
05-13 19:18:22.671 I/chatty  (  624): uid=1000(system) sensors@2.0-ser identical 8 lines
05-13 19:18:22.691 E/        (  624): MEMSIC  vir111 gyro algoRstGyro = 0 algoRst = 0
05-13 19:18:22.712 E/        (  624): MEMSICBEFORE compenstation MEMSIC memsic_log get_battery_current_now  = 358500 current_avg = 386000 current_chg = 0, charge_ret = 2 x y z 2.595700 -1.415000 -6.680600 
05-13 19:18:22.712 E/        (  624): MEMSIC  vir111 gyro algoRstGyro = 0 algoRst = 0
05-13 19:18:22.871 I/chatty  (  624): uid=1000(system) sensors@2.0-ser identical 8 lines
05-13 19:18:22.891 E/        (  624): MEMSIC  vir111 gyro algoRstGyro = 0 algoRst = 0
05-13 19:18:22.912 E/        (  624): MEMSICBEFORE compenstation MEMSIC memsic_log get_battery_current_now  = 404300 current_avg = 386000 current_chg = 0, charge_ret = 2 x y z 2.599600 -1.421800 -6.682600 
05-13 19:18:22.912 E/        (  624): MEMSIC  vir111 gyro algoRstGyro = 0 algoRst = 0
05-13 19:18:23.071 I/chatty  (  624): uid=1000(system) sensors@2.0-ser identical 8 lines
05-13 19:18:23.091 E/        (  624): MEMSIC  vir111 gyro algoRstGyro = 0 algoRst = 0
05-13 19:18:23.112 E/        (  624): MEMSICBEFORE compenstation MEMSIC memsic_log get_battery_current_now  = 338700 current_avg = 386000 current_chg = 0, charge_ret = 2 x y z 2.594700 -1.412100 -6.680600 
05-13 19:18:23.112 E/        (  624): MEMSIC  vir111 gyro algoRstGyro = 0 algoRst = 0
05-13 19:18:23.271 I/chatty  (  624): uid=1000(system) sensors@2.0-ser identical 8 lines
05-13 19:18:23.291 E/        (  624): MEMSIC  vir111 gyro algoRstGyro = 0 algoRst = 0
05-13 19:18:23.312 E/        (  624): MEMSICBEFORE compenstation MEMSIC memsic_log get_battery_current_now  = 400500 current_avg = 386000 current_chg = 0, charge_ret = 2 x y z 2.592700 -1.418900 -6.681600 
05-13 19:18:23.312 E/        (  624): MEMSIC  vir111 gyro algoRstGyro = 0 algoRst = 0
05-13 19:18:23.471 I/chatty  (  624): uid=1000(system) sensors@2.0-ser identical 8 lines
05-13 19:18:23.491 E/        (  624): MEMSIC  vir111 gyro algoRstGyro = 0 algoRst = 0
05-13 19:18:23.512 E/        (  624): MEMSICBEFORE compenstation MEMSIC memsic_log get_battery_current_now  = 394400 current_avg = 386000 current_chg = 0, charge_ret = 2 x y z 2.596600 -1.417900 -6.678700 
05-13 19:18:23.512 E/        (  624): MEMSIC  vir111 gyro algoRstGyro = 0 algoRst = 0
05-13 19:18:23.671 I/chatty  (  624): uid=1000(system) sensors@2.0-ser identical 8 lines
05-13 19:18:23.691 E/        (  624): MEMSIC  vir111 gyro algoRstGyro = 0 algoRst = 0
05-13 19:18:23.712 E/        (  624): MEMSICBEFORE compenstation MEMSIC memsic_log get_battery_current_now  = 336800 current_avg = 386000 current_chg = 0, charge_ret = 2 x y z 2.594700 -1.406200 -6.688400 
05-13 19:18:23.712 E/        (  624): MEMSIC  vir111 gyro algoRstGyro = 0 algoRst = 0
05-13 19:18:23.871 I/chatty  (  624): uid=1000(system) sensors@2.0-ser identical 8 lines
05-13 19:18:23.891 E/        (  624): MEMSIC  vir111 gyro algoRstGyro = 0 algoRst = 0
