05-13 19:16:50.071 I/chatty  (  624): uid=1000(system) sensors@2.0-ser identical 8 lines
05-13 19:16:50.091 E/        (  624): MEMSIC  vir111 gyro algoRstGyro = 0 algoRst = 0
05-13 19:16:50.112 E/        (  624): MEMSICBEFORE compenstation MEMSIC memsic_log get_battery_current_now  = 391700 current_avg = 311600 current_chg = 0, charge_ret = 2 x y z 2.416900 -1.343700 -6.705000 
05-13 19:16:50.112 E/        (  624): MEMSIC  vir111 gyro algoRstGyro = 0 algoRst = 0
05-13 19:16:50.271 I/chatty  (  624): uid=1000(system) sensors@2.0-ser identical 8 lines
05-13 19:16:50.291 E/        (  624): MEMSIC  vir111 gyro algoRstGyro = 0 algoRst = 0
05-13 19:16:50.312 E/        (  624): MEMSICBEFORE compenstation MEMSIC memsic_log get_battery_current_now  = 345600 current_avg = 311600 current_chg = 0, charge_ret = 2 x y z 2.411100 -1.338800 -6.707000 
05-13 19:16:50.312 E/        (  624): MEMSIC  vir111 gyro algoRstGyro = 0 algoRst = 0
05-13 19:16:50.471 I/chatty  (  624): uid=1000(system) sensors@2.0-ser identical 8 lines
05-13 19:16:50.491 E/        (  624): MEMSIC  vir111 gyro algoRstGyro = 0 algoRst = 0
05-13 19:16:50.512 E/        (  624): MEMSICBEFORE compenstation MEMSIC memsic_log get_battery_current_now  = 366900 current_avg = 311600 current_chg = 0, charge_ret = 2 x y z 2.416000 -1.346600 -6.705000 
05-13 19:16:50.512 E/        (  624): MEMSIC  vir111 gyro algoRstGyro = 0 algoRst = 0
05-13 19:16:50.651 I/chatty  (  624): uid=1000(system) sensors@2.0-ser identical 7 lines
05-13 19:16:50.671 E/        (  624): MEMSIC  vir111 gyro algoRstGyro = 0 algoRst = 0
05-13 19:16:50.690 I/[BIP]   (  989):  [BIP NL] event newlink match dev 0, interface index 31
05-13 19:16:50.690 I/[BIP]   (  989):  [BIP NL] the link status of interface(index:0) changes to 1
05-13 19:16:50.691 E/        (  624): MEMSIC  vir111 gyro algoRstGyro = 0 algoRst = 0
05-13 19:16:50.692 I/EthernetTracker( 1245): interfaceLinkStateChanged, iface: wlan0, up: true
05-13 19:16:50.694 I/netd    (  476): interfaceGetCfg("wlan0") <0.24ms>
05-13 19:16:50.712 E/        (  624): MEMSICBEFORE compenstation MEMSIC memsic_log get_battery_current_now  = 380700 current_avg = 311600 current_chg = 0, charge_ret = 2 x y z 2.410100 -1.342700 -6.705000 
05-13 19:16:50.712 E/        (  624): MEMSIC  vir111 gyro algoRstGyro = 0 algoRst = 0
05-13 19:16:50.871 I/chatty  (  624): uid=1000(system) sensors@2.0-ser identical 8 lines
05-13 19:16:50.891 E/        (  624): MEMSIC  vir111 gyro algoRstGyro = 0 algoRst = 0
05-13 19:16:50.912 E/        (  624): MEMSICBEFORE compenstation MEMSIC memsic_log get_battery_current_now  = 378400 current_avg = 311600 current_chg = 0, charge_ret = 2 x y z 2.412100 -1.346600 -6.706000 
05-13 19:16:50.912 E/        (  624): MEMSIC  vir111 gyro algoRstGyro = 0 algoRst = 0
05-13 19:16:51.071 I/chatty  (  624): uid=1000(system) sensors@2.0-ser identical 8 lines
05-13 19:16:51.091 E/        (  624): MEMSIC  vir111 gyro algoRstGyro = 0 algoRst = 0
05-13 19:16:51.112 E/        (  624): MEMSICBEFORE compenstation MEMSIC memsic_log get_battery_current_now  = 382200 current_avg = 311600 current_chg = 0, charge_ret = 2 x y z 2.411100 -1.345700 -6.704100 
05-13 19:16:51.112 E/        (  624): MEMSIC  vir111 gyro algoRstGyro = 0 algoRst = 0
05-13 19:16:51.131 I/chatty  (  624): uid=1000(system) sensors@2.0-ser identical 1 line
05-13 19:16:51.151 E/        (  624): MEMSIC  vir111 gyro algoRstGyro = 0 algoRst = 0
05-13 19:16:51.165 I/BufferQueueProducer(  520): [StatusBar#0](this:0x78835fd000,id:5,api:1,p:1592,c:520) queueBuffer: fps=0.20 dur=4998.42 max=4998.42 min=4998.42
05-13 19:16:51.171 E/        (  624): MEMSIC  vir111 gyro algoRstGyro = 0 algoRst = 0
05-13 19:16:51.177 I/hwcomposer(  491): [HWCDisplay] [Display_0 (type:1)] fps:0.199937,dur:5001.58,max:5001.58,min:5001.58  
05-13 19:16:51.180 I/SurfaceFlinger(  520): screenshot (host.exp.exponent/host.exp.exponent.experience.ExperienceActivity#1)
05-13 19:16:51.180 I/SurfaceFlinger(  520): screenshot (Dim Layer for - Task=2387#0)
05-13 19:16:51.191 E/        (  624): MEMSIC  vir111 gyro algoRstGyro = 0 algoRst = 0
05-13 19:16:51.271 I/chatty  (  624): uid=1000(system) sensors@2.0-ser identical 4 lines
05-13 19:16:51.291 E/        (  624): MEMSIC  vir111 gyro algoRstGyro = 0 algoRst = 0
05-13 19:16:51.312 E/        (  624): MEMSICBEFORE compenstation MEMSIC memsic_log get_battery_current_now  = 345600 current_avg = 311600 current_chg = 0, charge_ret = 2 x y z 2.409100 -1.338800 -6.703100 
05-13 19:16:51.312 E/        (  624): MEMSIC  vir111 gyro algoRstGyro = 0 algoRst = 0
05-13 19:16:51.411 I/chatty  (  624): uid=1000(system) sensors@2.0-ser identical 5 lines
05-13 19:16:51.431 E/        (  624): MEMSIC  vir111 gyro algoRstGyro = 0 algoRst = 0
05-13 19:16:51.444 E/WifiVendorHal( 1245): getWifiLinkLayerStats_1_3_Internal(l.927) failed {.code = ERROR_NOT_SUPPORTED, .description = }
05-13 19:16:51.451 E/        (  624): MEMSIC  vir111 gyro algoRstGyro = 0 algoRst = 0
05-13 19:16:51.471 I/chatty  (  624): uid=1000(system) sensors@2.0-ser identical 1 line
05-13 19:16:51.491 E/        (  624): MEMSIC  vir111 gyro algoRstGyro = 0 algoRst = 0
05-13 19:16:51.512 E/        (  624): MEMSICBEFORE compenstation MEMSIC memsic_log get_battery_current_now  = 270400 current_avg = 311600 current_chg = 0, charge_ret = 2 x y z 2.402300 -1.340800 -6.706000 
05-13 19:16:51.512 E/        (  624): MEMSIC  vir111 gyro algoRstGyro = 0 algoRst = 0
05-13 19:16:51.671 I/chatty  (  624): uid=1000(system) sensors@2.0-ser identical 8 lines
05-13 19:16:51.691 E/        (  624): MEMSIC  vir111 gyro algoRstGyro = 0 algoRst = 0
05-13 19:16:51.712 E/        (  624): MEMSICBEFORE compenstation MEMSIC memsic_log get_battery_current_now  = 362300 current_avg = 311600 current_chg = 0, charge_ret = 2 x y z 2.413000 -1.340800 -6.703100 
05-13 19:16:51.712 E/        (  624): MEMSIC  vir111 gyro algoRstGyro = 0 algoRst = 0
05-13 19:16:51.871 I/chatty  (  624): uid=1000(system) sensors@2.0-ser identical 8 lines
05-13 19:16:51.891 E/        (  624): MEMSIC  vir111 gyro algoRstGyro = 0 algoRst = 0
05-13 19:16:51.912 E/        (  624): MEMSICBEFORE compenstation MEMSIC memsic_log get_battery_current_now  = 396700 current_avg = 311600 current_chg = 0, charge_ret = 2 x y z 2.411100 -1.343700 -6.705000 
05-13 19:16:51.912 E/        (  624): MEMSIC  vir111 gyro algoRstGyro = 0 algoRst = 0
05-13 19:16:52.071 I/chatty  (  624): uid=1000(system) sensors@2.0-ser identical 8 lines
05-13 19:16:52.091 E/        (  624): MEMSIC  vir111 gyro algoRstGyro = 0 algoRst = 0
05-13 19:16:52.112 E/        (  624): MEMSICBEFORE compenstation MEMSIC memsic_log get_battery_current_now  = 383300 current_avg = 311600 current_chg = 0, charge_ret = 2 x y z 2.412100 -1.347600 -6.704100 
05-13 19:16:52.112 E/        (  624): MEMSIC  vir111 gyro algoRstGyro = 0 algoRst = 0
05-13 19:16:52.271 I/chatty  (  624): uid=1000(system) sensors@2.0-ser identical 8 lines
05-13 19:16:52.291 E/        (  624): MEMSIC  vir111 gyro algoRstGyro = 0 algoRst = 0
05-13 19:16:52.312 E/        (  624): MEMSICBEFORE compenstation MEMSIC memsic_log get_battery_current_now  = 323100 current_avg = 311600 current_chg = 0, charge_ret = 2 x y z 2.408200 -1.344700 -6.702100 
05-13 19:16:52.312 E/        (  624): MEMSIC  vir111 gyro algoRstGyro = 0 algoRst = 0
05-13 19:16:52.471 I/chatty  (  624): uid=1000(system) sensors@2.0-ser identical 8 lines
05-13 19:16:52.491 E/        (  624): MEMSIC  vir111 gyro algoRstGyro = 0 algoRst = 0
05-13 19:16:52.512 E/        (  624): MEMSICBEFORE compenstation MEMSIC memsic_log get_battery_current_now  = 389400 current_avg = 311600 current_chg = 0, charge_ret = 2 x y z 2.407200 -1.344700 -6.706000 
05-13 19:16:52.512 E/        (  624): MEMSIC  vir111 gyro algoRstGyro = 0 algoRst = 0
05-13 19:16:52.671 I/chatty  (  624): uid=1000(system) sensors@2.0-ser identical 8 lines
05-13 19:16:52.691 E/        (  624): MEMSIC  vir111 gyro algoRstGyro = 0 algoRst = 0
05-13 19:16:52.712 E/        (  624): MEMSICBEFORE compenstation MEMSIC memsic_log get_battery_current_now  = 404300 current_avg = 311600 current_chg = 0, charge_ret = 2 x y z 2.409100 -1.348600 -6.706000 
05-13 19:16:52.712 E/        (  624): MEMSIC  vir111 gyro algoRstGyro = 0 algoRst = 0
05-13 19:16:52.871 I/chatty  (  624): uid=1000(system) sensors@2.0-ser identical 8 lines
05-13 19:16:52.891 E/        (  624): MEMSIC  vir111 gyro algoRstGyro = 0 algoRst = 0
05-13 19:16:52.912 E/        (  624): MEMSICBEFORE compenstation MEMSIC memsic_log get_battery_current_now  = 423400 current_avg = 311600 current_chg = 0, charge_ret = 2 x y z 2.408200 -1.345700 -6.706000 
05-13 19:16:52.912 E/        (  624): MEMSIC  vir111 gyro algoRstGyro = 0 algoRst = 0
05-13 19:16:53.071 I/chatty  (  624): uid=1000(system) sensors@2.0-ser identical 8 lines
05-13 19:16:53.091 E/        (  624): MEMSIC  vir111 gyro algoRstGyro = 0 algoRst = 0
05-13 19:16:53.112 E/        (  624): MEMSICBEFORE compenstation MEMSIC memsic_log get_battery_current_now  = 347500 current_avg = 311600 current_chg = 0, charge_ret = 2 x y z 2.405200 -1.345700 -6.701100 
05-13 19:16:53.112 E/        (  624): MEMSIC  vir111 gyro algoRstGyro = 0 algoRst = 0
05-13 19:16:53.271 I/chatty  (  624): uid=1000(system) sensors@2.0-ser identical 8 lines
05-13 19:16:53.291 E/        (  624): MEMSIC  vir111 gyro algoRstGyro = 0 algoRst = 0
05-13 19:16:53.312 E/        (  624): MEMSICBEFORE compenstation MEMSIC memsic_log get_battery_current_now  = 399000 current_avg = 311600 current_chg = 0, charge_ret = 2 x y z 2.408200 -1.348600 -6.704100 
05-13 19:16:53.312 E/        (  624): MEMSIC  vir111 gyro algoRstGyro = 0 algoRst = 0
05-13 19:16:53.471 I/chatty  (  624): uid=1000(system) sensors@2.0-ser identical 8 lines
05-13 19:16:53.491 E/        (  624): MEMSIC  vir111 gyro algoRstGyro = 0 algoRst = 0
05-13 19:16:53.512 E/        (  624): MEMSICBEFORE compenstation MEMSIC memsic_log get_battery_current_now  = 422600 current_avg = 311600 current_chg = 0, charge_ret = 2 x y z 2.408200 -1.349600 -6.702100 
05-13 19:16:53.512 E/        (  624): MEMSIC  vir111 gyro algoRstGyro = 0 algoRst = 0
05-13 19:16:53.671 I/chatty  (  624): uid=1000(system) sensors@2.0-ser identical 8 lines
05-13 19:16:53.691 E/        (  624): MEMSIC  vir111 gyro algoRstGyro = 0 algoRst = 0
05-13 19:16:53.712 E/        (  624): MEMSICBEFORE compenstation MEMSIC memsic_log get_battery_current_now  = 429100 current_avg = 332400 current_chg = 0, charge_ret = 2 x y z 2.412100 -1.346600 -6.706000 
05-13 19:16:53.712 E/        (  624): MEMSIC  vir111 gyro algoRstGyro = 0 algoRst = 0
05-13 19:16:53.871 I/chatty  (  624): uid=1000(system) sensors@2.0-ser identical 8 lines
05-13 19:16:53.891 E/        (  624): MEMSIC  vir111 gyro algoRstGyro = 0 algoRst = 0
05-13 19:16:53.912 E/        (  624): MEMSICBEFORE compenstation MEMSIC memsic_log get_battery_current_now  = 407000 current_avg = 332400 current_chg = 0, charge_ret = 2 x y z 2.413000 -1.341700 -6.712801 
05-13 19:16:53.912 E/        (  624): MEMSIC  vir111 gyro algoRstGyro = 0 algoRst = 0
05-13 19:16:53.928 I/thermal_repeater(  627): [recvMdThermalInfo] ret=29, strLen=127,  3, 45, -50, -28361, 32767, 0
05-13 19:16:53.931 E/        (  624): MEMSIC  vir111 gyro algoRstGyro = 0 algoRst = 0
05-13 19:16:54.031 I/chatty  (  624): uid=1000(system) sensors@2.0-ser identical 5 lines
05-13 19:16:54.051 E/        (  624): MEMSIC  vir111 gyro algoRstGyro = 0 algoRst = 0
05-13 19:16:54.056 E/unknown:ReconnectingWebSocket(16418): Error occurred, shutting down websocket connection: Websocket exception
05-13 19:16:54.056 E/unknown:ReconnectingWebSocket(16418): java.io.EOFException
05-13 19:16:54.056 E/unknown:ReconnectingWebSocket(16418): 	at okio.U.z0(SourceFile:10)
05-13 19:16:54.056 E/unknown:ReconnectingWebSocket(16418): 	at okio.U.readByte(SourceFile:3)
05-13 19:16:54.056 E/unknown:ReconnectingWebSocket(16418): 	at okhttp3.internal.ws.WebSocketReader.readHeader(SourceFile:26)
05-13 19:16:54.056 E/unknown:ReconnectingWebSocket(16418): 	at okhttp3.internal.ws.WebSocketReader.processNextFrame(SourceFile:1)
05-13 19:16:54.056 E/unknown:ReconnectingWebSocket(16418): 	at okhttp3.internal.ws.RealWebSocket.loopReader(SourceFile:11)
05-13 19:16:54.056 E/unknown:ReconnectingWebSocket(16418): 	at okhttp3.internal.ws.RealWebSocket$connect$1.onResponse(SourceFile:122)
05-13 19:16:54.056 E/unknown:ReconnectingWebSocket(16418): 	at okhttp3.internal.connection.RealCall$AsyncCall.run(SourceFile:52)
05-13 19:16:54.056 E/unknown:ReconnectingWebSocket(16418): 	at java.util.concurrent.ThreadPoolExecutor.runWorker(ThreadPoolExecutor.java:1167)
05-13 19:16:54.056 E/unknown:ReconnectingWebSocket(16418): 	at java.util.concurrent.ThreadPoolExecutor$Worker.run(ThreadPoolExecutor.java:641)
05-13 19:16:54.056 E/unknown:ReconnectingWebSocket(16418): 	at java.lang.Thread.run(Thread.java:919)
05-13 19:16:54.056 E/unknown:ReconnectingWebSocket(16418): Error occurred, shutting down websocket connection: Websocket exception
05-13 19:16:54.056 E/unknown:ReconnectingWebSocket(16418): java.io.EOFException
05-13 19:16:54.056 E/unknown:ReconnectingWebSocket(16418): 	at okio.U.z0(SourceFile:10)
05-13 19:16:54.056 E/unknown:ReconnectingWebSocket(16418): 	at okio.U.readByte(SourceFile:3)
05-13 19:16:54.056 E/unknown:ReconnectingWebSocket(16418): 	at okhttp3.internal.ws.WebSocketReader.readHeader(SourceFile:26)
05-13 19:16:54.056 E/unknown:ReconnectingWebSocket(16418): 	at okhttp3.internal.ws.WebSocketReader.processNextFrame(SourceFile:1)
05-13 19:16:54.056 E/unknown:ReconnectingWebSocket(16418): 	at okhttp3.internal.ws.RealWebSocket.loopReader(SourceFile:11)
05-13 19:16:54.056 E/unknown:ReconnectingWebSocket(16418): 	at okhttp3.internal.ws.RealWebSocket$connect$1.onResponse(SourceFile:122)
05-13 19:16:54.056 E/unknown:ReconnectingWebSocket(16418): 	at okhttp3.internal.connection.RealCall$AsyncCall.run(SourceFile:52)
05-13 19:16:54.056 E/unknown:ReconnectingWebSocket(16418): 	at java.util.concurrent.ThreadPoolExecutor.runWorker(ThreadPoolExecutor.java:1167)
05-13 19:16:54.056 E/unknown:ReconnectingWebSocket(16418): 	at java.util.concurrent.ThreadPoolExecutor$Worker.run(ThreadPoolExecutor.java:641)
05-13 19:16:54.056 E/unknown:ReconnectingWebSocket(16418): 	at java.lang.Thread.run(Thread.java:919)
05-13 19:16:54.056 W/unknown:ReconnectingWebSocket(16418): Couldn't connect to "ws://192.168.100.11:8082/message?device=TECNO%20LD7%20-%2010%20-%20API%2029&app=host.exp.exponent&clientid=BridgelessDevSupportManager", will silently retry
05-13 19:16:54.056 W/unknown:ReconnectingWebSocket(16418): Couldn't connect to "ws://192.168.100.11:8082/message?device=TECNO%20LD7%20-%2010%20-%20API%2029&app=host.exp.exponent&clientid=BridgelessDevSupportManager", will silently retry
05-13 19:16:54.058 E/unknown:ReconnectingWebSocket(16418): Error occurred, shutting down websocket connection: Websocket exception
05-13 19:16:54.058 E/unknown:ReconnectingWebSocket(16418): java.io.EOFException
05-13 19:16:54.058 E/unknown:ReconnectingWebSocket(16418): 	at okio.U.z0(SourceFile:10)
05-13 19:16:54.058 E/unknown:ReconnectingWebSocket(16418): 	at okio.U.readByte(SourceFile:3)
05-13 19:16:54.058 E/unknown:ReconnectingWebSocket(16418): 	at okhttp3.internal.ws.WebSocketReader.readHeader(SourceFile:26)
05-13 19:16:54.058 E/unknown:ReconnectingWebSocket(16418): 	at okhttp3.internal.ws.WebSocketReader.processNextFrame(SourceFile:1)
05-13 19:16:54.058 E/unknown:ReconnectingWebSocket(16418): 	at okhttp3.internal.ws.RealWebSocket.loopReader(SourceFile:11)
05-13 19:16:54.058 E/unknown:ReconnectingWebSocket(16418): 	at okhttp3.internal.ws.RealWebSocket$connect$1.onResponse(SourceFile:122)
05-13 19:16:54.058 E/unknown:ReconnectingWebSocket(16418): 	at okhttp3.internal.connection.RealCall$AsyncCall.run(SourceFile:52)
05-13 19:16:54.058 E/unknown:ReconnectingWebSocket(16418): 	at java.util.concurrent.ThreadPoolExecutor.runWorker(ThreadPoolExecutor.java:1167)
05-13 19:16:54.058 E/unknown:ReconnectingWebSocket(16418): 	at java.util.concurrent.ThreadPoolExecutor$Worker.run(ThreadPoolExecutor.java:641)
05-13 19:16:54.058 E/unknown:ReconnectingWebSocket(16418): 	at java.lang.Thread.run(Thread.java:919)
05-13 19:16:54.058 W/unknown:ReconnectingWebSocket(16418): Couldn't connect to "ws://192.168.100.11:8082/inspector/network", will silently retry
05-13 19:16:54.067 E/unknown:ReconnectingWebSocket(16418): Error occurred, shutting down websocket connection: Websocket exception
05-13 19:16:54.067 E/unknown:ReconnectingWebSocket(16418): java.io.EOFException
05-13 19:16:54.067 E/unknown:ReconnectingWebSocket(16418): 	at okio.U.z0(SourceFile:10)
05-13 19:16:54.067 E/unknown:ReconnectingWebSocket(16418): 	at okio.U.readByte(SourceFile:3)
05-13 19:16:54.067 E/unknown:ReconnectingWebSocket(16418): 	at okhttp3.internal.ws.WebSocketReader.readHeader(SourceFile:26)
05-13 19:16:54.067 E/unknown:ReconnectingWebSocket(16418): 	at okhttp3.internal.ws.WebSocketReader.processNextFrame(SourceFile:1)
05-13 19:16:54.067 E/unknown:ReconnectingWebSocket(16418): 	at okhttp3.internal.ws.RealWebSocket.loopReader(SourceFile:11)
05-13 19:16:54.067 E/unknown:ReconnectingWebSocket(16418): 	at okhttp3.internal.ws.RealWebSocket$connect$1.onResponse(SourceFile:122)
05-13 19:16:54.067 E/unknown:ReconnectingWebSocket(16418): 	at okhttp3.internal.connection.RealCall$AsyncCall.run(SourceFile:52)
05-13 19:16:54.067 E/unknown:ReconnectingWebSocket(16418): 	at java.util.concurrent.ThreadPoolExecutor.runWorker(ThreadPoolExecutor.java:1167)
05-13 19:16:54.067 E/unknown:ReconnectingWebSocket(16418): 	at java.util.concurrent.ThreadPoolExecutor$Worker.run(ThreadPoolExecutor.java:641)
05-13 19:16:54.067 E/unknown:ReconnectingWebSocket(16418): 	at java.lang.Thread.run(Thread.java:919)
05-13 19:16:54.068 W/unknown:ReconnectingWebSocket(16418): Couldn't connect to "ws://192.168.100.11:8082/message?device=TECNO%20LD7%20-%2010%20-%20API%2029&app=host.exp.exponent&clientid=BridgelessDevSupportManager", will silently retry
05-13 19:16:54.071 E/        (  624): MEMSIC  vir111 gyro algoRstGyro = 0 algoRst = 0
05-13 19:16:54.091 E/        (  624): MEMSIC  vir111 gyro algoRstGyro = 0 algoRst = 0
05-13 19:16:54.112 E/        (  624): MEMSICBEFORE compenstation MEMSIC memsic_log get_battery_current_now  = 396300 current_avg = 332400 current_chg = 0, charge_ret = 2 x y z 2.411100 -1.344700 -6.706000 
05-13 19:16:54.112 E/        (  624): MEMSIC  vir111 gyro algoRstGyro = 0 algoRst = 0
05-13 19:16:54.271 I/chatty  (  624): uid=1000(system) sensors@2.0-ser identical 8 lines
05-13 19:16:54.291 E/        (  624): MEMSIC  vir111 gyro algoRstGyro = 0 algoRst = 0
05-13 19:16:54.312 E/        (  624): MEMSICBEFORE compenstation MEMSIC memsic_log get_battery_current_now  = 342900 current_avg = 332400 current_chg = 0, charge_ret = 2 x y z 2.412100 -1.344700 -6.705000 
05-13 19:16:54.312 E/        (  624): MEMSIC  vir111 gyro algoRstGyro = 0 algoRst = 0
05-13 19:16:54.431 I/chatty  (  624): uid=1000(system) sensors@2.0-ser identical 6 lines
05-13 19:16:54.451 E/        (  624): MEMSIC  vir111 gyro algoRstGyro = 0 algoRst = 0
05-13 19:16:54.454 E/WifiVendorHal( 1245): getWifiLinkLayerStats_1_3_Internal(l.927) failed {.code = ERROR_NOT_SUPPORTED, .description = }
05-13 19:16:54.471 E/        (  624): MEMSIC  vir111 gyro algoRstGyro = 0 algoRst = 0
05-13 19:16:54.491 E/        (  624): MEMSIC  vir111 gyro algoRstGyro = 0 algoRst = 0
05-13 19:16:54.512 E/        (  624): MEMSICBEFORE compenstation MEMSIC memsic_log get_battery_current_now  = 426800 current_avg = 332400 current_chg = 0, charge_ret = 2 x y z 2.411100 -1.345700 -6.704100 
05-13 19:16:54.512 E/        (  624): MEMSIC  vir111 gyro algoRstGyro = 0 algoRst = 0
05-13 19:16:54.671 I/chatty  (  624): uid=1000(system) sensors@2.0-ser identical 8 lines
05-13 19:16:54.691 E/        (  624): MEMSIC  vir111 gyro algoRstGyro = 0 algoRst = 0
05-13 19:16:54.712 E/        (  624): MEMSICBEFORE compenstation MEMSIC memsic_log get_battery_current_now  = 357400 current_avg = 332400 current_chg = 0, charge_ret = 2 x y z 2.408200 -1.340800 -6.708900 
05-13 19:16:54.712 E/        (  624): MEMSIC  vir111 gyro algoRstGyro = 0 algoRst = 0
05-13 19:16:54.871 I/chatty  (  624): uid=1000(system) sensors@2.0-ser identical 8 lines
05-13 19:16:54.891 E/        (  624): MEMSIC  vir111 gyro algoRstGyro = 0 algoRst = 0
05-13 19:16:54.912 E/        (  624): MEMSICBEFORE compenstation MEMSIC memsic_log get_battery_current_now  = 411600 current_avg = 332400 current_chg = 0, charge_ret = 2 x y z 2.409100 -1.342700 -6.708000 
05-13 19:16:54.912 E/        (  624): MEMSIC  vir111 gyro algoRstGyro = 0 algoRst = 0
05-13 19:16:55.071 I/chatty  (  624): uid=1000(system) sensors@2.0-ser identical 8 lines
05-13 19:16:55.091 E/        (  624): MEMSIC  vir111 gyro algoRstGyro = 0 algoRst = 0
05-13 19:16:55.112 E/        (  624): MEMSICBEFORE compenstation MEMSIC memsic_log get_battery_current_now  = 385600 current_avg = 332400 current_chg = 0, charge_ret = 2 x y z 2.411100 -1.345700 -6.705000 
05-13 19:16:55.112 E/        (  624): MEMSIC  vir111 gyro algoRstGyro = 0 algoRst = 0
05-13 19:16:55.271 I/chatty  (  624): uid=1000(system) sensors@2.0-ser identical 8 lines
05-13 19:16:55.291 E/        (  624): MEMSIC  vir111 gyro algoRstGyro = 0 algoRst = 0
05-13 19:16:55.312 E/        (  624): MEMSICBEFORE compenstation MEMSIC memsic_log get_battery_current_now  = 400500 current_avg = 332400 current_chg = 0, charge_ret = 2 x y z 2.414000 -1.347600 -6.704100 
05-13 19:16:55.312 E/        (  624): MEMSIC  vir111 gyro algoRstGyro = 0 algoRst = 0
05-13 19:16:55.471 I/chatty  (  624): uid=1000(system) sensors@2.0-ser identical 8 lines
05-13 19:16:55.491 E/        (  624): MEMSIC  vir111 gyro algoRstGyro = 0 algoRst = 0
05-13 19:16:55.512 E/        (  624): MEMSICBEFORE compenstation MEMSIC memsic_log get_battery_current_now  = 358900 current_avg = 332400 current_chg = 0, charge_ret = 2 x y z 2.410100 -1.343700 -6.708000 
05-13 19:16:55.512 E/        (  624): MEMSIC  vir111 gyro algoRstGyro = 0 algoRst = 0
05-13 19:16:55.671 I/chatty  (  624): uid=1000(system) sensors@2.0-ser identical 8 lines
05-13 19:16:55.691 E/        (  624): MEMSIC  vir111 gyro algoRstGyro = 0 algoRst = 0
05-13 19:16:55.712 E/        (  624): MEMSICBEFORE compenstation MEMSIC memsic_log get_battery_current_now  = 392500 current_avg = 332400 current_chg = 0, charge_ret = 2 x y z 2.411100 -1.344700 -6.702100 
05-13 19:16:55.712 E/        (  624): MEMSIC  vir111 gyro algoRstGyro = 0 algoRst = 0
05-13 19:16:55.871 I/chatty  (  624): uid=1000(system) sensors@2.0-ser identical 8 lines
05-13 19:16:55.891 E/        (  624): MEMSIC  vir111 gyro algoRstGyro = 0 algoRst = 0
05-13 19:16:55.912 E/        (  624): MEMSICBEFORE compenstation MEMSIC memsic_log get_battery_current_now  = 324200 current_avg = 332400 current_chg = 0, charge_ret = 2 x y z 2.413000 -1.337800 -6.706000 
05-13 19:16:55.912 E/        (  624): MEMSIC  vir111 gyro algoRstGyro = 0 algoRst = 0
05-13 19:16:56.031 I/chatty  (  624): uid=1000(system) sensors@2.0-ser identical 6 lines
05-13 19:16:56.051 E/        (  624): MEMSIC  vir111 gyro algoRstGyro = 0 algoRst = 0
05-13 19:16:56.066 I/System.out(16418): [socket]:check permission begin!
05-13 19:16:56.068 I/System.out(16418): [socket]:check permission begin!
05-13 19:16:56.070 I/System.out(16418): [socket]:check permission begin!
05-13 19:16:56.071 E/        (  624): MEMSIC  vir111 gyro algoRstGyro = 0 algoRst = 0
05-13 19:16:56.073 I/System.out(16418): [socket]:check permission begin!
05-13 19:16:56.076 I/System.out(16418): [socket]:check permission begin!
05-13 19:16:56.091 E/        (  624): MEMSIC  vir111 gyro algoRstGyro = 0 algoRst = 0
05-13 19:16:56.112 E/        (  624): MEMSICBEFORE compenstation MEMSIC memsic_log get_battery_current_now  = 371900 current_avg = 332400 current_chg = 0, charge_ret = 2 x y z 2.406200 -1.339800 -6.697200 
05-13 19:16:56.112 E/        (  624): MEMSIC  vir111 gyro algoRstGyro = 0 algoRst = 0
05-13 19:16:56.131 I/chatty  (  624): uid=1000(system) sensors@2.0-ser identical 1 line
05-13 19:16:56.151 E/        (  624): MEMSIC  vir111 gyro algoRstGyro = 0 algoRst = 0
05-13 19:16:56.166 I/BufferQueueProducer(  520): [StatusBar#0](this:0x78835fd000,id:5,api:1,p:1592,c:520) queueBuffer: fps=0.20 dur=5001.89 max=5001.89 min=5001.89
05-13 19:16:56.171 E/        (  624): MEMSIC  vir111 gyro algoRstGyro = 0 algoRst = 0
05-13 19:16:56.178 I/hwcomposer(  491): [HWCDisplay] [Display_0 (type:1)] fps:0.199959,dur:5001.02,max:5001.02,min:5001.02  
05-13 19:16:56.182 I/SurfaceFlinger(  520): screenshot (host.exp.exponent/host.exp.exponent.experience.ExperienceActivity#1)
05-13 19:16:56.182 I/SurfaceFlinger(  520): screenshot (Dim Layer for - Task=2387#0)
05-13 19:16:56.191 E/        (  624): MEMSIC  vir111 gyro algoRstGyro = 0 algoRst = 0
05-13 19:16:56.271 I/chatty  (  624): uid=1000(system) sensors@2.0-ser identical 4 lines
05-13 19:16:56.291 E/        (  624): MEMSIC  vir111 gyro algoRstGyro = 0 algoRst = 0
05-13 19:16:56.312 E/        (  624): MEMSICBEFORE compenstation MEMSIC memsic_log get_battery_current_now  = 318500 current_avg = 332400 current_chg = 0, charge_ret = 2 x y z 2.403300 -1.339800 -6.703100 
05-13 19:16:56.312 E/        (  624): MEMSIC  vir111 gyro algoRstGyro = 0 algoRst = 0
05-13 19:16:56.471 I/chatty  (  624): uid=1000(system) sensors@2.0-ser identical 8 lines
05-13 19:16:56.491 E/        (  624): MEMSIC  vir111 gyro algoRstGyro = 0 algoRst = 0
05-13 19:16:56.512 E/        (  624): MEMSICBEFORE compenstation MEMSIC memsic_log get_battery_current_now  = 394400 current_avg = 332400 current_chg = 0, charge_ret = 2 x y z 2.407200 -1.349600 -6.698200 
05-13 19:16:56.512 E/        (  624): MEMSIC  vir111 gyro algoRstGyro = 0 algoRst = 0
05-13 19:16:56.671 I/chatty  (  624): uid=1000(system) sensors@2.0-ser identical 8 lines
05-13 19:16:56.691 E/        (  624): MEMSIC  vir111 gyro algoRstGyro = 0 algoRst = 0
05-13 19:16:56.712 E/        (  624): MEMSICBEFORE compenstation MEMSIC memsic_log get_battery_current_now  = 402000 current_avg = 332400 current_chg = 0, charge_ret = 2 x y z 2.408200 -1.343700 -6.710900 
05-13 19:16:56.712 E/        (  624): MEMSIC  vir111 gyro algoRstGyro = 0 algoRst = 0
05-13 19:16:56.871 I/chatty  (  624): uid=1000(system) sensors@2.0-ser identical 8 lines
05-13 19:16:56.891 E/        (  624): MEMSIC  vir111 gyro algoRstGyro = 0 algoRst = 0
05-13 19:16:56.912 E/        (  624): MEMSICBEFORE compenstation MEMSIC memsic_log get_battery_current_now  = 433700 current_avg = 332400 current_chg = 0, charge_ret = 2 x y z 2.403300 -1.344700 -6.706000 
05-13 19:16:56.912 E/        (  624): MEMSIC  vir111 gyro algoRstGyro = 0 algoRst = 0
05-13 19:16:57.071 I/chatty  (  624): uid=1000(system) sensors@2.0-ser identical 8 lines
05-13 19:16:57.091 E/        (  624): MEMSIC  vir111 gyro algoRstGyro = 0 algoRst = 0
05-13 19:16:57.112 E/        (  624): MEMSICBEFORE compenstation MEMSIC memsic_log get_battery_current_now  = 357400 current_avg = 332400 current_chg = 0, charge_ret = 2 x y z 2.413000 -1.346600 -6.703100 
05-13 19:16:57.112 E/        (  624): MEMSIC  vir111 gyro algoRstGyro = 0 algoRst = 0
05-13 19:16:57.271 I/chatty  (  624): uid=1000(system) sensors@2.0-ser identical 8 lines
05-13 19:16:57.291 E/        (  624): MEMSIC  vir111 gyro algoRstGyro = 0 algoRst = 0
05-13 19:16:57.312 E/        (  624): MEMSICBEFORE compenstation MEMSIC memsic_log get_battery_current_now  = 363900 current_avg = 332400 current_chg = 0, charge_ret = 2 x y z 2.412100 -1.347600 -6.707000 
05-13 19:16:57.312 E/        (  624): MEMSIC  vir111 gyro algoRstGyro = 0 algoRst = 0
05-13 19:16:57.431 I/chatty  (  624): uid=1000(system) sensors@2.0-ser identical 6 lines
05-13 19:16:57.451 E/        (  624): MEMSIC  vir111 gyro algoRstGyro = 0 algoRst = 0
05-13 19:16:57.468 E/WifiVendorHal( 1245): getWifiLinkLayerStats_1_3_Internal(l.927) failed {.code = ERROR_NOT_SUPPORTED, .description = }
05-13 19:16:57.471 E/        (  624): MEMSIC  vir111 gyro algoRstGyro = 0 algoRst = 0
05-13 19:16:57.491 E/        (  624): MEMSIC  vir111 gyro algoRstGyro = 0 algoRst = 0
05-13 19:16:57.512 E/        (  624): MEMSICBEFORE compenstation MEMSIC memsic_log get_battery_current_now  = 438600 current_avg = 332400 current_chg = 0, charge_ret = 2 x y z 2.409100 -1.342700 -6.708900 
05-13 19:16:57.512 E/        (  624): MEMSIC  vir111 gyro algoRstGyro = 0 algoRst = 0
05-13 19:16:57.671 I/chatty  (  624): uid=1000(system) sensors@2.0-ser identical 8 lines
05-13 19:16:57.691 E/        (  624): MEMSIC  vir111 gyro algoRstGyro = 0 algoRst = 0
05-13 19:16:57.712 E/        (  624): MEMSICBEFORE compenstation MEMSIC memsic_log get_battery_current_now  = 384500 current_avg = 343300 current_chg = 0, charge_ret = 2 x y z 2.412100 -1.335900 -6.708000 
05-13 19:16:57.712 E/        (  624): MEMSIC  vir111 gyro algoRstGyro = 0 algoRst = 0
05-13 19:16:57.871 I/chatty  (  624): uid=1000(system) sensors@2.0-ser identical 8 lines
05-13 19:16:57.891 E/        (  624): MEMSIC  vir111 gyro algoRstGyro = 0 algoRst = 0
05-13 19:16:57.912 E/        (  624): MEMSICBEFORE compenstation MEMSIC memsic_log get_battery_current_now  = 343700 current_avg = 343300 current_chg = 0, charge_ret = 2 x y z 2.412100 -1.338800 -6.710900 
05-13 19:16:57.912 E/        (  624): MEMSIC  vir111 gyro algoRstGyro = 0 algoRst = 0
05-13 19:16:58.071 I/chatty  (  624): uid=1000(system) sensors@2.0-ser identical 8 lines
05-13 19:16:58.091 E/        (  624): MEMSIC  vir111 gyro algoRstGyro = 0 algoRst = 0
05-13 19:16:58.112 E/        (  624): MEMSICBEFORE compenstation MEMSIC memsic_log get_battery_current_now  = 308600 current_avg = 343300 current_chg = 0, charge_ret = 2 x y z 2.416000 -1.326100 -6.709900 
05-13 19:16:58.112 E/        (  624): MEMSIC  vir111 gyro algoRstGyro = 0 algoRst = 0
05-13 19:16:58.271 I/chatty  (  624): uid=1000(system) sensors@2.0-ser identical 8 lines
05-13 19:16:58.291 E/        (  624): MEMSIC  vir111 gyro algoRstGyro = 0 algoRst = 0
05-13 19:16:58.312 E/        (  624): MEMSICBEFORE compenstation MEMSIC memsic_log get_battery_current_now  = 438300 current_avg = 343300 current_chg = 0, charge_ret = 2 x y z 2.411100 -1.341700 -6.706000 
05-13 19:16:58.312 E/        (  624): MEMSIC  vir111 gyro algoRstGyro = 0 algoRst = 0
05-13 19:16:58.471 I/chatty  (  624): uid=1000(system) sensors@2.0-ser identical 8 lines
05-13 19:16:58.491 E/        (  624): MEMSIC  vir111 gyro algoRstGyro = 0 algoRst = 0
05-13 19:16:58.512 E/        (  624): MEMSICBEFORE compenstation MEMSIC memsic_log get_battery_current_now  = 422200 current_avg = 343300 current_chg = 0, charge_ret = 2 x y z 2.412100 -1.343700 -6.704100 
05-13 19:16:58.512 E/        (  624): MEMSIC  vir111 gyro algoRstGyro = 0 algoRst = 0
05-13 19:16:58.671 I/chatty  (  624): uid=1000(system) sensors@2.0-ser identical 8 lines
05-13 19:16:58.691 E/        (  624): MEMSIC  vir111 gyro algoRstGyro = 0 algoRst = 0
05-13 19:16:58.712 E/        (  624): MEMSICBEFORE compenstation MEMSIC memsic_log get_battery_current_now  = 341000 current_avg = 343300 current_chg = 0, charge_ret = 2 x y z 2.410100 -1.340800 -6.712801 
05-13 19:16:58.712 E/        (  624): MEMSIC  vir111 gyro algoRstGyro = 0 algoRst = 0
05-13 19:16:58.871 I/chatty  (  624): uid=1000(system) sensors@2.0-ser identical 8 lines
05-13 19:16:58.891 E/        (  624): MEMSIC  vir111 gyro algoRstGyro = 0 algoRst = 0
05-13 19:16:58.912 E/        (  624): MEMSICBEFORE compenstation MEMSIC memsic_log get_battery_current_now  = 375700 current_avg = 343300 current_chg = 0, charge_ret = 2 x y z 2.413000 -1.333900 -6.715800 
05-13 19:16:58.912 E/        (  624): MEMSIC  vir111 gyro algoRstGyro = 0 algoRst = 0
05-13 19:16:59.071 I/chatty  (  624): uid=1000(system) sensors@2.0-ser identical 8 lines
05-13 19:16:59.091 E/        (  624): MEMSIC  vir111 gyro algoRstGyro = 0 algoRst = 0
05-13 19:16:59.112 E/        (  624): MEMSICBEFORE compenstation MEMSIC memsic_log get_battery_current_now  = 402800 current_avg = 343300 current_chg = 0, charge_ret = 2 x y z 2.413000 -1.341700 -6.709900 
05-13 19:16:59.112 E/        (  624): MEMSIC  vir111 gyro algoRstGyro = 0 algoRst = 0
05-13 19:16:59.191 I/chatty  (  624): uid=1000(system) sensors@2.0-ser identical 4 lines
05-13 19:16:59.211 E/        (  624): MEMSIC  vir111 gyro algoRstGyro = 0 algoRst = 0
05-13 19:16:59.225 I/netd    (  476): trafficSwapActiveStatsMap() <0.46ms>
05-13 19:16:59.231 E/        (  624): MEMSIC  vir111 gyro algoRstGyro = 0 algoRst = 0
05-13 19:16:59.271 I/chatty  (  624): uid=1000(system) sensors@2.0-ser identical 2 lines
05-13 19:16:59.291 E/        (  624): MEMSIC  vir111 gyro algoRstGyro = 0 algoRst = 0
05-13 19:16:59.312 E/        (  624): MEMSICBEFORE compenstation MEMSIC memsic_log get_battery_current_now  = 377600 current_avg = 343300 current_chg = 0, charge_ret = 2 x y z 2.412100 -1.341700 -6.705000 
05-13 19:16:59.312 E/        (  624): MEMSIC  vir111 gyro algoRstGyro = 0 algoRst = 0
05-13 19:16:59.471 I/chatty  (  624): uid=1000(system) sensors@2.0-ser identical 8 lines
05-13 19:16:59.491 E/        (  624): MEMSIC  vir111 gyro algoRstGyro = 0 algoRst = 0
05-13 19:16:59.512 E/        (  624): MEMSICBEFORE compenstation MEMSIC memsic_log get_battery_current_now  = 329200 current_avg = 343300 current_chg = 0, charge_ret = 2 x y z 2.412100 -1.341700 -6.703100 
05-13 19:16:59.512 E/        (  624): MEMSIC  vir111 gyro algoRstGyro = 0 algoRst = 0
05-13 19:16:59.671 I/chatty  (  624): uid=1000(system) sensors@2.0-ser identical 8 lines
05-13 19:16:59.691 E/        (  624): MEMSIC  vir111 gyro algoRstGyro = 0 algoRst = 0
05-13 19:16:59.712 E/        (  624): MEMSICBEFORE compenstation MEMSIC memsic_log get_battery_current_now  = 387500 current_avg = 343300 current_chg = 0, charge_ret = 2 x y z 2.415000 -1.349600 -6.708000 
05-13 19:16:59.712 E/        (  624): MEMSIC  vir111 gyro algoRstGyro = 0 algoRst = 0
05-13 19:16:59.871 I/chatty  (  624): uid=1000(system) sensors@2.0-ser identical 8 lines
05-13 19:16:59.891 E/        (  624): MEMSIC  vir111 gyro algoRstGyro = 0 algoRst = 0
05-13 19:16:59.912 E/        (  624): MEMSICBEFORE compenstation MEMSIC memsic_log get_battery_current_now  = 399000 current_avg = 343300 current_chg = 0, charge_ret = 2 x y z 2.434500 -1.340800 -6.723600 
05-13 19:16:59.912 E/        (  624): MEMSIC  vir111 gyro algoRstGyro = 0 algoRst = 0
05-13 19:16:59.971 I/chatty  (  624): uid=1000(system) sensors@2.0-ser identical 3 lines
05-13 19:16:59.991 E/        (  624): MEMSIC  vir111 gyro algoRstGyro = 0 algoRst = 0
05-13 19:17:00.003 W/KeyguardStatusView( 1592): single clock is showing
05-13 19:17:00.004 W/TrClockView( 1592): Keyguard is not showing,so we do not update time.
05-13 19:17:00.011 E/        (  624): MEMSIC  vir111 gyro algoRstGyro = 0 algoRst = 0
05-13 19:17:00.031 E/        (  624): MEMSIC  vir111 gyro algoRstGyro = 0 algoRst = 0
05-13 19:17:00.040 I/BufferQueueProducer(  520): [StatusBar#0](this:0x78835fd000,id:5,api:1,p:1592,c:520) queueBuffer: fps=0.26 dur=3873.91 max=3873.91 min=3873.91
05-13 19:17:00.051 E/        (  624): MEMSIC  vir111 gyro algoRstGyro = 0 algoRst = 0
05-13 19:17:00.059 I/hwcomposer(  491): [HWCDisplay] [Display_0 (type:1)] fps:0.257673,dur:3880.89,max:3880.89,min:3880.89  
05-13 19:17:00.063 I/SurfaceFlinger(  520): screenshot (host.exp.exponent/host.exp.exponent.experience.ExperienceActivity#1)
05-13 19:17:00.063 I/SurfaceFlinger(  520): screenshot (Dim Layer for - Task=2387#0)
05-13 19:17:00.071 E/        (  624): MEMSIC  vir111 gyro algoRstGyro = 0 algoRst = 0
05-13 19:17:00.091 E/        (  624): MEMSIC  vir111 gyro algoRstGyro = 0 algoRst = 0
05-13 19:17:00.112 E/        (  624): MEMSICBEFORE compenstation MEMSIC memsic_log get_battery_current_now  = 375700 current_avg = 343300 current_chg = 0, charge_ret = 2 x y z 2.442300 -1.343700 -6.723600 
05-13 19:17:00.112 E/        (  624): MEMSIC  vir111 gyro algoRstGyro = 0 algoRst = 0
05-13 19:17:00.171 I/chatty  (  624): uid=1000(system) sensors@2.0-ser identical 3 lines
05-13 19:17:00.191 E/        (  624): MEMSIC  vir111 gyro algoRstGyro = 0 algoRst = 0
05-13 19:17:00.192 I/SurfaceFlinger(  520): screenshot (host.exp.exponent/host.exp.exponent.experience.ExperienceActivity#1)
05-13 19:17:00.192 I/SurfaceFlinger(  520): screenshot (Dim Layer for - Task=2387#0)
05-13 19:17:00.211 E/        (  624): MEMSIC  vir111 gyro algoRstGyro = 0 algoRst = 0
05-13 19:17:00.271 I/chatty  (  624): uid=1000(system) sensors@2.0-ser identical 3 lines
05-13 19:17:00.291 E/        (  624): MEMSIC  vir111 gyro algoRstGyro = 0 algoRst = 0
05-13 19:17:00.312 E/        (  624): MEMSICBEFORE compenstation MEMSIC memsic_log get_battery_current_now  = 386800 current_avg = 343300 current_chg = 0, charge_ret = 2 x y z 2.444300 -1.350500 -6.718700 
05-13 19:17:00.312 E/        (  624): MEMSIC  vir111 gyro algoRstGyro = 0 algoRst = 0
05-13 19:17:00.451 I/chatty  (  624): uid=1000(system) sensors@2.0-ser identical 7 lines
05-13 19:17:00.471 E/        (  624): MEMSIC  vir111 gyro algoRstGyro = 0 algoRst = 0
05-13 19:17:00.483 E/WifiVendorHal( 1245): getWifiLinkLayerStats_1_3_Internal(l.927) failed {.code = ERROR_NOT_SUPPORTED, .description = }
05-13 19:17:00.491 E/        (  624): MEMSIC  vir111 gyro algoRstGyro = 0 algoRst = 0
05-13 19:17:00.512 E/        (  624): MEMSICBEFORE compenstation MEMSIC memsic_log get_battery_current_now  = 364300 current_avg = 343300 current_chg = 0, charge_ret = 2 x y z 2.465800 -1.366200 -6.713800 
05-13 19:17:00.512 E/        (  624): MEMSIC  vir111 gyro algoRstGyro = 0 algoRst = 0
05-13 19:17:00.671 I/chatty  (  624): uid=1000(system) sensors@2.0-ser identical 8 lines
05-13 19:17:00.691 E/        (  624): MEMSIC  vir111 gyro algoRstGyro = 0 algoRst = 0
05-13 19:17:00.704 I/[BIP]   (  989):  [BIP NL] event newlink match dev 0, interface index 31
05-13 19:17:00.704 I/[BIP]   (  989):  [BIP NL] the link status of interface(index:0) changes to 1
05-13 19:17:00.705 I/EthernetTracker( 1245): interfaceLinkStateChanged, iface: wlan0, up: true
05-13 19:17:00.707 I/netd    (  476): interfaceGetCfg("wlan0") <0.32ms>
05-13 19:17:00.712 E/        (  624): MEMSICBEFORE compenstation MEMSIC memsic_log get_battery_current_now  = 275400 current_avg = 343300 current_chg = 0, charge_ret = 2 x y z 2.471600 -1.355400 -6.711900 
05-13 19:17:00.712 E/        (  624): MEMSIC  vir111 gyro algoRstGyro = 0 algoRst = 0
05-13 19:17:00.871 I/chatty  (  624): uid=1000(system) sensors@2.0-ser identical 8 lines
05-13 19:17:00.891 E/        (  624): MEMSIC  vir111 gyro algoRstGyro = 0 algoRst = 0
05-13 19:17:00.912 E/        (  624): MEMSICBEFORE compenstation MEMSIC memsic_log get_battery_current_now  = 350100 current_avg = 343300 current_chg = 0, charge_ret = 2 x y z 2.455000 -1.350500 -6.674800 
05-13 19:17:00.912 E/        (  624): MEMSIC  vir111 gyro algoRstGyro = 0 algoRst = 0
05-13 19:17:01.071 I/chatty  (  624): uid=1000(system) sensors@2.0-ser identical 8 lines
05-13 19:17:01.091 E/        (  624): MEMSIC  vir111 gyro algoRstGyro = 0 algoRst = 0
05-13 19:17:01.112 E/        (  624): MEMSICBEFORE compenstation MEMSIC memsic_log get_battery_current_now  = 349000 current_avg = 343300 current_chg = 0, charge_ret = 2 x y z 2.448200 -1.335900 -6.654200 
05-13 19:17:01.112 E/        (  624): MEMSIC  vir111 gyro algoRstGyro = 0 algoRst = 0
05-13 19:17:01.131 I/chatty  (  624): uid=1000(system) sensors@2.0-ser identical 1 line
05-13 19:17:01.151 E/        (  624): MEMSIC  vir111 gyro algoRstGyro = 0 algoRst = 0
05-13 19:17:01.167 I/BufferQueueProducer(  520): [StatusBar#0](this:0x78835fd000,id:5,api:1,p:1592,c:520) queueBuffer: fps=1.77 dur=1126.93 max=1115.58 min=11.34
05-13 19:17:01.171 E/        (  624): MEMSIC  vir111 gyro algoRstGyro = 0 algoRst = 0
05-13 19:17:01.179 I/hwcomposer(  491): [HWCDisplay] [Display_0 (type:1)] fps:1.785756,dur:1119.97,max:1105.55,min:14.43  
05-13 19:17:01.183 I/SurfaceFlinger(  520): screenshot (host.exp.exponent/host.exp.exponent.experience.ExperienceActivity#1)
05-13 19:17:01.183 I/SurfaceFlinger(  520): screenshot (Dim Layer for - Task=2387#0)
05-13 19:17:01.191 E/        (  624): MEMSIC  vir111 gyro algoRstGyro = 0 algoRst = 0
05-13 19:17:01.271 I/chatty  (  624): uid=1000(system) sensors@2.0-ser identical 4 lines
05-13 19:17:01.291 E/        (  624): MEMSIC  vir111 gyro algoRstGyro = 0 algoRst = 0
05-13 19:17:01.312 E/        (  624): MEMSICBEFORE compenstation MEMSIC memsic_log get_battery_current_now  = 370400 current_avg = 343300 current_chg = 0, charge_ret = 2 x y z 2.434500 -1.348600 -6.636700 
05-13 19:17:01.312 E/        (  624): MEMSIC  vir111 gyro algoRstGyro = 0 algoRst = 0
05-13 19:17:01.471 I/chatty  (  624): uid=1000(system) sensors@2.0-ser identical 8 lines
05-13 19:17:01.491 E/        (  624): MEMSIC  vir111 gyro algoRstGyro = 0 algoRst = 0
05-13 19:17:01.512 E/        (  624): MEMSICBEFORE compenstation MEMSIC memsic_log get_battery_current_now  = 362000 current_avg = 343300 current_chg = 0, charge_ret = 2 x y z 2.424800 -1.356400 -6.627900 
05-13 19:17:01.512 E/        (  624): MEMSIC  vir111 gyro algoRstGyro = 0 algoRst = 0
05-13 19:17:01.671 I/chatty  (  624): uid=1000(system) sensors@2.0-ser identical 8 lines
05-13 19:17:01.691 E/        (  624): MEMSIC  vir111 gyro algoRstGyro = 0 algoRst = 0
05-13 19:17:01.712 E/        (  624): MEMSICBEFORE compenstation MEMSIC memsic_log get_battery_current_now  = 329200 current_avg = 364600 current_chg = 0, charge_ret = 2 x y z 2.392500 -1.364200 -6.596600 
05-13 19:17:01.712 E/        (  624): MEMSIC  vir111 gyro algoRstGyro = 0 algoRst = 0
05-13 19:17:01.791 I/chatty  (  624): uid=1000(system) sensors@2.0-ser identical 4 lines
05-13 19:17:01.811 E/        (  624): MEMSIC  vir111 gyro algoRstGyro = 0 algoRst = 0
05-13 19:17:01.823 I/SurfaceFlinger(  520): screenshot (host.exp.exponent/host.exp.exponent.experience.ExperienceActivity#1)
05-13 19:17:01.823 I/SurfaceFlinger(  520): screenshot (Dim Layer for - Task=2387#0)
05-13 19:17:01.831 E/        (  624): MEMSIC  vir111 gyro algoRstGyro = 0 algoRst = 0
05-13 19:17:01.871 I/chatty  (  624): uid=1000(system) sensors@2.0-ser identical 2 lines
05-13 19:17:01.891 E/        (  624): MEMSIC  vir111 gyro algoRstGyro = 0 algoRst = 0
05-13 19:17:01.912 E/        (  624): MEMSICBEFORE compenstation MEMSIC memsic_log get_battery_current_now  = 377600 current_avg = 364600 current_chg = 0, charge_ret = 2 x y z 2.388600 -1.366200 -6.601500 
05-13 19:17:01.912 E/        (  624): MEMSIC  vir111 gyro algoRstGyro = 0 algoRst = 0
05-13 19:17:01.931 E/        (  624): MEMSIC  vir111 gyro algoRstGyro = 0 algoRst = 0
05-13 19:17:01.948 I/SurfaceFlinger(  520): screenshot (host.exp.exponent/host.exp.exponent.experience.ExperienceActivity#1)
05-13 19:17:01.948 I/SurfaceFlinger(  520): screenshot (Dim Layer for - Task=2387#0)
05-13 19:17:01.951 E/        (  624): MEMSIC  vir111 gyro algoRstGyro = 0 algoRst = 0
05-13 19:17:02.071 I/chatty  (  624): uid=1000(system) sensors@2.0-ser identical 6 lines
05-13 19:17:02.091 E/        (  624): MEMSIC  vir111 gyro algoRstGyro = 0 algoRst = 0
05-13 19:17:02.112 E/        (  624): MEMSICBEFORE compenstation MEMSIC memsic_log get_battery_current_now  = 385600 current_avg = 364600 current_chg = 0, charge_ret = 2 x y z 2.452100 -1.391600 -6.646400 
05-13 19:17:02.112 E/        (  624): MEMSIC  vir111 gyro algoRstGyro = 0 algoRst = 0
05-13 19:17:02.271 I/chatty  (  624): uid=1000(system) sensors@2.0-ser identical 8 lines
05-13 19:17:02.291 E/        (  624): MEMSIC  vir111 gyro algoRstGyro = 0 algoRst = 0
05-13 19:17:02.312 E/        (  624): MEMSICBEFORE compenstation MEMSIC memsic_log get_battery_current_now  = 398200 current_avg = 364600 current_chg = 0, charge_ret = 2 x y z 2.537100 -1.390600 -6.695300 
05-13 19:17:02.312 E/        (  624): MEMSIC  vir111 gyro algoRstGyro = 0 algoRst = 0
05-13 19:17:02.471 I/chatty  (  624): uid=1000(system) sensors@2.0-ser identical 8 lines
05-13 19:17:02.491 E/        (  624): MEMSIC  vir111 gyro algoRstGyro = 0 algoRst = 0
05-13 19:17:02.512 E/        (  624): MEMSICBEFORE compenstation MEMSIC memsic_log get_battery_current_now  = 395900 current_avg = 364600 current_chg = 0, charge_ret = 2 x y z 2.577100 -1.407200 -6.688400 
05-13 19:17:02.512 E/        (  624): MEMSIC  vir111 gyro algoRstGyro = 0 algoRst = 0
05-13 19:17:02.671 I/chatty  (  624): uid=1000(system) sensors@2.0-ser identical 8 lines
05-13 19:17:02.691 E/        (  624): MEMSIC  vir111 gyro algoRstGyro = 0 algoRst = 0
05-13 19:17:02.712 E/        (  624): MEMSICBEFORE compenstation MEMSIC memsic_log get_battery_current_now  = 277700 current_avg = 364600 current_chg = 0, charge_ret = 2 x y z 2.588800 -1.408200 -6.682600 
05-13 19:17:02.712 E/        (  624): MEMSIC  vir111 gyro algoRstGyro = 0 algoRst = 0
05-13 19:17:02.871 I/chatty  (  624): uid=1000(system) sensors@2.0-ser identical 8 lines
05-13 19:17:02.891 E/        (  624): MEMSIC  vir111 gyro algoRstGyro = 0 algoRst = 0
05-13 19:17:02.912 E/        (  624): MEMSICBEFORE compenstation MEMSIC memsic_log get_battery_current_now  = 328400 current_avg = 364600 current_chg = 0, charge_ret = 2 x y z 2.587800 -1.406200 -6.681600 
05-13 19:17:02.912 E/        (  624): MEMSIC  vir111 gyro algoRstGyro = 0 algoRst = 0
05-13 19:17:03.071 I/chatty  (  624): uid=1000(system) sensors@2.0-ser identical 8 lines
05-13 19:17:03.091 E/        (  624): MEMSIC  vir111 gyro algoRstGyro = 0 algoRst = 0
05-13 19:17:03.112 E/        (  624): MEMSICBEFORE compenstation MEMSIC memsic_log get_battery_current_now  = 382600 current_avg = 364600 current_chg = 0, charge_ret = 2 x y z 2.586900 -1.415000 -6.682600 
05-13 19:17:03.112 E/        (  624): MEMSIC  vir111 gyro algoRstGyro = 0 algoRst = 0
05-13 19:17:03.271 I/chatty  (  624): uid=1000(system) sensors@2.0-ser identical 8 lines
05-13 19:17:03.291 E/        (  624): MEMSIC  vir111 gyro algoRstGyro = 0 algoRst = 0
05-13 19:17:03.312 E/        (  624): MEMSICBEFORE compenstation MEMSIC memsic_log get_battery_current_now  = 396300 current_avg = 364600 current_chg = 0, charge_ret = 2 x y z 2.589800 -1.415000 -6.682600 
05-13 19:17:03.312 E/        (  624): MEMSIC  vir111 gyro algoRstGyro = 0 algoRst = 0
05-13 19:17:03.471 I/chatty  (  624): uid=1000(system) sensors@2.0-ser identical 8 lines
05-13 19:17:03.491 E/        (  624): MEMSIC  vir111 gyro algoRstGyro = 0 algoRst = 0
05-13 19:17:03.503 E/WifiVendorHal( 1245): getWifiLinkLayerStats_1_3_Internal(l.927) failed {.code = ERROR_NOT_SUPPORTED, .description = }
05-13 19:17:03.512 E/        (  624): MEMSICBEFORE compenstation MEMSIC memsic_log get_battery_current_now  = 381000 current_avg = 364600 current_chg = 0, charge_ret = 2 x y z 2.593700 -1.409100 -6.686500 
05-13 19:17:03.512 E/        (  624): MEMSIC  vir111 gyro algoRstGyro = 0 algoRst = 0
05-13 19:17:03.671 I/chatty  (  624): uid=1000(system) sensors@2.0-ser identical 8 lines
05-13 19:17:03.691 E/        (  624): MEMSIC  vir111 gyro algoRstGyro = 0 algoRst = 0
05-13 19:17:03.712 E/        (  624): MEMSICBEFORE compenstation MEMSIC memsic_log get_battery_current_now  = 386800 current_avg = 364600 current_chg = 0, charge_ret = 2 x y z 2.591700 -1.416000 -6.680600 
05-13 19:17:03.712 E/        (  624): MEMSIC  vir111 gyro algoRstGyro = 0 algoRst = 0
05-13 19:17:03.871 I/chatty  (  624): uid=1000(system) sensors@2.0-ser identical 8 lines
05-13 19:17:03.891 E/        (  624): MEMSIC  vir111 gyro algoRstGyro = 0 algoRst = 0
05-13 19:17:03.912 E/        (  624): MEMSICBEFORE compenstation MEMSIC memsic_log get_battery_current_now  = 330300 current_avg = 364600 current_chg = 0, charge_ret = 2 x y z 2.591700 -1.412100 -6.682600 
05-13 19:17:03.912 E/        (  624): MEMSIC  vir111 gyro algoRstGyro = 0 algoRst = 0
05-13 19:17:03.931 E/        (  624): MEMSIC  vir111 gyro algoRstGyro = 0 algoRst = 0
05-13 19:17:03.948 I/thermal_repeater(  627): [recvMdThermalInfo] ret=29, strLen=127,  3, 45, -50, -28361, 32767, 0
05-13 19:17:03.951 E/        (  624): MEMSIC  vir111 gyro algoRstGyro = 0 algoRst = 0
05-13 19:17:04.071 I/chatty  (  624): uid=1000(system) sensors@2.0-ser identical 6 lines
05-13 19:17:04.091 E/        (  624): MEMSIC  vir111 gyro algoRstGyro = 0 algoRst = 0
05-13 19:17:04.112 E/        (  624): MEMSICBEFORE compenstation MEMSIC memsic_log get_battery_current_now  = 406200 current_avg = 364600 current_chg = 0, charge_ret = 2 x y z 2.591700 -1.416900 -6.679600 
05-13 19:17:04.112 E/        (  624): MEMSIC  vir111 gyro algoRstGyro = 0 algoRst = 0
05-13 19:17:04.271 I/chatty  (  624): uid=1000(system) sensors@2.0-ser identical 8 lines
05-13 19:17:04.291 E/        (  624): MEMSIC  vir111 gyro algoRstGyro = 0 algoRst = 0
05-13 19:17:04.312 E/        (  624): MEMSICBEFORE compenstation MEMSIC memsic_log get_battery_current_now  = 345600 current_avg = 364600 current_chg = 0, charge_ret = 2 x y z 2.592700 -1.412100 -6.683500 
05-13 19:17:04.312 E/        (  624): MEMSIC  vir111 gyro algoRstGyro = 0 algoRst = 0
05-13 19:17:04.471 I/chatty  (  624): uid=1000(system) sensors@2.0-ser identical 8 lines
05-13 19:17:04.491 E/        (  624): MEMSIC  vir111 gyro algoRstGyro = 0 algoRst = 0
05-13 19:17:04.512 E/        (  624): MEMSICBEFORE compenstation MEMSIC memsic_log get_battery_current_now  = 410000 current_avg = 364600 current_chg = 0, charge_ret = 2 x y z 2.589800 -1.415000 -6.679600 
05-13 19:17:04.512 E/        (  624): MEMSIC  vir111 gyro algoRstGyro = 0 algoRst = 0
05-13 19:17:04.671 I/chatty  (  624): uid=1000(system) sensors@2.0-ser identical 8 lines
05-13 19:17:04.691 E/        (  624): MEMSIC  vir111 gyro algoRstGyro = 0 algoRst = 0
05-13 19:17:04.712 E/        (  624): MEMSICBEFORE compenstation MEMSIC memsic_log get_battery_current_now  = 364300 current_avg = 364600 current_chg = 0, charge_ret = 2 x y z 2.583900 -1.404200 -6.679600 
05-13 19:17:04.712 E/        (  624): MEMSIC  vir111 gyro algoRstGyro = 0 algoRst = 0
05-13 19:17:04.871 I/chatty  (  624): uid=1000(system) sensors@2.0-ser identical 8 lines
05-13 19:17:04.891 E/        (  624): MEMSIC  vir111 gyro algoRstGyro = 0 algoRst = 0
