05-13 19:16:32.928 I/SurfaceFlinger(  520): screenshot (Dim Layer for - Task=2387#0)
05-13 19:16:32.931 E/        (  624): MEMSIC  vir111 gyro algoRstGyro = 0 algoRst = 0
05-13 19:16:33.011 I/chatty  (  624): uid=1000(system) sensors@2.0-ser identical 4 lines
05-13 19:16:33.031 E/        (  624): MEMSIC  vir111 gyro algoRstGyro = 0 algoRst = 0
05-13 19:16:33.042 I/SurfaceFlinger(  520): screenshot (host.exp.exponent/host.exp.exponent.experience.ExperienceActivity#1)
05-13 19:16:33.042 I/SurfaceFlinger(  520): screenshot (Dim Layer for - Task=2387#0)
05-13 19:16:33.051 E/        (  624): MEMSIC  vir111 gyro algoRstGyro = 0 algoRst = 0
05-13 19:16:33.071 I/chatty  (  624): uid=1000(system) sensors@2.0-ser identical 1 line
05-13 19:16:33.091 E/        (  624): MEMSIC  vir111 gyro algoRstGyro = 0 algoRst = 0
05-13 19:16:33.112 E/        (  624): MEMSICBEFORE compenstation MEMSIC memsic_log get_battery_current_now  = 352400 current_avg = 298800 current_chg = 0, charge_ret = 2 x y z 2.399400 -1.322200 -6.718700 
05-13 19:16:33.112 E/        (  624): MEMSIC  vir111 gyro algoRstGyro = 0 algoRst = 0
05-13 19:16:33.131 E/        (  624): MEMSIC  vir111 gyro algoRstGyro = 0 algoRst = 0
05-13 19:16:33.143 I/SurfaceFlinger(  520): screenshot (host.exp.exponent/host.exp.exponent.experience.ExperienceActivity#1)
05-13 19:16:33.143 I/SurfaceFlinger(  520): screenshot (Dim Layer for - Task=2387#0)
05-13 19:16:33.151 E/        (  624): MEMSIC  vir111 gyro algoRstGyro = 0 algoRst = 0
05-13 19:16:33.231 I/chatty  (  624): uid=1000(system) sensors@2.0-ser identical 4 lines
05-13 19:16:33.251 E/        (  624): MEMSIC  vir111 gyro algoRstGyro = 0 algoRst = 0
05-13 19:16:33.263 I/SurfaceFlinger(  520): screenshot (host.exp.exponent/host.exp.exponent.experience.ExperienceActivity#1)
05-13 19:16:33.263 I/SurfaceFlinger(  520): screenshot (Dim Layer for - Task=2387#0)
05-13 19:16:33.271 E/        (  624): MEMSIC  vir111 gyro algoRstGyro = 0 algoRst = 0
05-13 19:16:33.291 E/        (  624): MEMSIC  vir111 gyro algoRstGyro = 0 algoRst = 0
05-13 19:16:33.312 E/        (  624): MEMSICBEFORE compenstation MEMSIC memsic_log get_battery_current_now  = 329900 current_avg = 298800 current_chg = 0, charge_ret = 2 x y z 2.405200 -1.318300 -6.714800 
05-13 19:16:33.312 E/        (  624): MEMSIC  vir111 gyro algoRstGyro = 0 algoRst = 0
05-13 19:16:33.331 I/chatty  (  624): uid=1000(system) sensors@2.0-ser identical 1 line
05-13 19:16:33.351 E/        (  624): MEMSIC  vir111 gyro algoRstGyro = 0 algoRst = 0
05-13 19:16:33.366 E/WifiVendorHal( 1245): getWifiLinkLayerStats_1_3_Internal(l.927) failed {.code = ERROR_NOT_SUPPORTED, .description = }
05-13 19:16:33.371 E/        (  624): MEMSIC  vir111 gyro algoRstGyro = 0 algoRst = 0
05-13 19:16:33.471 I/chatty  (  624): uid=1000(system) sensors@2.0-ser identical 5 lines
05-13 19:16:33.491 E/        (  624): MEMSIC  vir111 gyro algoRstGyro = 0 algoRst = 0
05-13 19:16:33.512 E/        (  624): MEMSICBEFORE compenstation MEMSIC memsic_log get_battery_current_now  = 402000 current_avg = 298800 current_chg = 0, charge_ret = 2 x y z 2.400300 -1.321200 -6.715800 
05-13 19:16:33.512 E/        (  624): MEMSIC  vir111 gyro algoRstGyro = 0 algoRst = 0
05-13 19:16:33.671 I/chatty  (  624): uid=1000(system) sensors@2.0-ser identical 8 lines
05-13 19:16:33.691 E/        (  624): MEMSIC  vir111 gyro algoRstGyro = 0 algoRst = 0
05-13 19:16:33.712 E/        (  624): MEMSICBEFORE compenstation MEMSIC memsic_log get_battery_current_now  = 396300 current_avg = 272700 current_chg = 0, charge_ret = 2 x y z 2.405200 -1.328100 -6.715800 
05-13 19:16:33.712 E/        (  624): MEMSIC  vir111 gyro algoRstGyro = 0 algoRst = 0
05-13 19:16:33.851 I/chatty  (  624): uid=1000(system) sensors@2.0-ser identical 7 lines
05-13 19:16:33.871 E/        (  624): MEMSIC  vir111 gyro algoRstGyro = 0 algoRst = 0
05-13 19:16:33.888 I/thermal_repeater(  627): [recvMdThermalInfo] ret=29, strLen=127,  3, 44, -50, -28361, 32767, 0
05-13 19:16:33.891 E/        (  624): MEMSIC  vir111 gyro algoRstGyro = 0 algoRst = 0
05-13 19:16:33.912 E/        (  624): MEMSICBEFORE compenstation MEMSIC memsic_log get_battery_current_now  = 326100 current_avg = 272700 current_chg = 0, charge_ret = 2 x y z 2.400300 -1.316400 -6.715800 
05-13 19:16:33.912 E/        (  624): MEMSIC  vir111 gyro algoRstGyro = 0 algoRst = 0
05-13 19:16:34.071 I/chatty  (  624): uid=1000(system) sensors@2.0-ser identical 8 lines
05-13 19:16:34.091 E/        (  624): MEMSIC  vir111 gyro algoRstGyro = 0 algoRst = 0
05-13 19:16:34.112 E/        (  624): MEMSICBEFORE compenstation MEMSIC memsic_log get_battery_current_now  = 401600 current_avg = 272700 current_chg = 0, charge_ret = 2 x y z 2.400300 -1.323200 -6.716700 
05-13 19:16:34.112 E/        (  624): MEMSIC  vir111 gyro algoRstGyro = 0 algoRst = 0
05-13 19:16:34.271 I/chatty  (  624): uid=1000(system) sensors@2.0-ser identical 8 lines
05-13 19:16:34.291 E/        (  624): MEMSIC  vir111 gyro algoRstGyro = 0 algoRst = 0
05-13 19:16:34.312 E/        (  624): MEMSICBEFORE compenstation MEMSIC memsic_log get_battery_current_now  = 426800 current_avg = 272700 current_chg = 0, charge_ret = 2 x y z 2.397400 -1.324200 -6.713800 
05-13 19:16:34.312 E/        (  624): MEMSIC  vir111 gyro algoRstGyro = 0 algoRst = 0
05-13 19:16:34.471 I/chatty  (  624): uid=1000(system) sensors@2.0-ser identical 8 lines
05-13 19:16:34.491 E/        (  624): MEMSIC  vir111 gyro algoRstGyro = 0 algoRst = 0
05-13 19:16:34.512 E/        (  624): MEMSICBEFORE compenstation MEMSIC memsic_log get_battery_current_now  = 397100 current_avg = 272700 current_chg = 0, charge_ret = 2 x y z 2.394500 -1.321200 -6.706000 
05-13 19:16:34.512 E/        (  624): MEMSIC  vir111 gyro algoRstGyro = 0 algoRst = 0
05-13 19:16:34.671 I/chatty  (  624): uid=1000(system) sensors@2.0-ser identical 8 lines
05-13 19:16:34.691 E/        (  624): MEMSIC  vir111 gyro algoRstGyro = 0 algoRst = 0
05-13 19:16:34.712 E/        (  624): MEMSICBEFORE compenstation MEMSIC memsic_log get_battery_current_now  = 386400 current_avg = 272700 current_chg = 0, charge_ret = 2 x y z 2.396400 -1.329100 -6.702100 
05-13 19:16:34.712 E/        (  624): MEMSIC  vir111 gyro algoRstGyro = 0 algoRst = 0
05-13 19:16:34.871 I/chatty  (  624): uid=1000(system) sensors@2.0-ser identical 8 lines
05-13 19:16:34.881 I/MWN     ( 1245): Write 0 to node. type=Wi-Fi mSimExist=true mFlightMode=false
05-13 19:16:34.891 E/        (  624): MEMSIC  vir111 gyro algoRstGyro = 0 algoRst = 0
05-13 19:16:34.912 E/        (  624): MEMSICBEFORE compenstation MEMSIC memsic_log get_battery_current_now  = 368800 current_avg = 272700 current_chg = 0, charge_ret = 2 x y z 2.401300 -1.315400 -6.709900 
05-13 19:16:34.912 E/        (  624): MEMSIC  vir111 gyro algoRstGyro = 0 algoRst = 0
05-13 19:16:35.071 I/chatty  (  624): uid=1000(system) sensors@2.0-ser identical 8 lines
05-13 19:16:35.091 E/        (  624): MEMSIC  vir111 gyro algoRstGyro = 0 algoRst = 0
05-13 19:16:35.111 E/        (  624): MEMSICBEFORE compenstation MEMSIC memsic_log get_battery_current_now  = 327600 current_avg = 272700 current_chg = 0, charge_ret = 2 x y z 2.405200 -1.315400 -6.712801 
05-13 19:16:35.112 E/        (  624): MEMSIC  vir111 gyro algoRstGyro = 0 algoRst = 0
05-13 19:16:35.271 I/chatty  (  624): uid=1000(system) sensors@2.0-ser identical 8 lines
05-13 19:16:35.291 E/        (  624): MEMSIC  vir111 gyro algoRstGyro = 0 algoRst = 0
05-13 19:16:35.312 E/        (  624): MEMSICBEFORE compenstation MEMSIC memsic_log get_battery_current_now  = 398200 current_avg = 272700 current_chg = 0, charge_ret = 2 x y z 2.406200 -1.316400 -6.712801 
05-13 19:16:35.312 E/        (  624): MEMSIC  vir111 gyro algoRstGyro = 0 algoRst = 0
05-13 19:16:35.471 I/chatty  (  624): uid=1000(system) sensors@2.0-ser identical 8 lines
05-13 19:16:35.491 E/        (  624): MEMSIC  vir111 gyro algoRstGyro = 0 algoRst = 0
05-13 19:16:35.512 E/        (  624): MEMSICBEFORE compenstation MEMSIC memsic_log get_battery_current_now  = 292500 current_avg = 272700 current_chg = 0, charge_ret = 2 x y z 2.410100 -1.312500 -6.716700 
05-13 19:16:35.512 E/        (  624): MEMSIC  vir111 gyro algoRstGyro = 0 algoRst = 0
05-13 19:16:35.671 I/chatty  (  624): uid=1000(system) sensors@2.0-ser identical 8 lines
05-13 19:16:35.691 E/        (  624): MEMSIC  vir111 gyro algoRstGyro = 0 algoRst = 0
05-13 19:16:35.712 E/        (  624): MEMSICBEFORE compenstation MEMSIC memsic_log get_battery_current_now  = 430600 current_avg = 272700 current_chg = 0, charge_ret = 2 x y z 2.407200 -1.320300 -6.713800 
05-13 19:16:35.712 E/        (  624): MEMSIC  vir111 gyro algoRstGyro = 0 algoRst = 0
05-13 19:16:35.871 I/chatty  (  624): uid=1000(system) sensors@2.0-ser identical 8 lines
05-13 19:16:35.891 E/        (  624): MEMSIC  vir111 gyro algoRstGyro = 0 algoRst = 0
05-13 19:16:35.912 E/        (  624): MEMSICBEFORE compenstation MEMSIC memsic_log get_battery_current_now  = 381800 current_avg = 272700 current_chg = 0, charge_ret = 2 x y z 2.406200 -1.327100 -6.710900 
05-13 19:16:35.912 E/        (  624): MEMSIC  vir111 gyro algoRstGyro = 0 algoRst = 0
05-13 19:16:36.071 I/chatty  (  624): uid=1000(system) sensors@2.0-ser identical 8 lines
05-13 19:16:36.091 E/        (  624): MEMSIC  vir111 gyro algoRstGyro = 0 algoRst = 0
05-13 19:16:36.112 E/        (  624): MEMSICBEFORE compenstation MEMSIC memsic_log get_battery_current_now  = 420300 current_avg = 272700 current_chg = 0, charge_ret = 2 x y z 2.402300 -1.326100 -6.712801 
05-13 19:16:36.112 E/        (  624): MEMSIC  vir111 gyro algoRstGyro = 0 algoRst = 0
05-13 19:16:36.131 I/chatty  (  624): uid=1000(system) sensors@2.0-ser identical 1 line
05-13 19:16:36.151 E/        (  624): MEMSIC  vir111 gyro algoRstGyro = 0 algoRst = 0
05-13 19:16:36.165 I/BufferQueueProducer(  520): [StatusBar#0](this:0x78835fd000,id:5,api:1,p:1592,c:520) queueBuffer: fps=1.20 dur=5020.30 max=4734.17 min=13.61
05-13 19:16:36.171 E/        (  624): MEMSIC  vir111 gyro algoRstGyro = 0 algoRst = 0
05-13 19:16:36.172 I/hwcomposer(  491): [HWCDisplay] [Display_0 (type:1)] fps:12.858161,dur:3733.04,max:2946.22,min:15.97  
05-13 19:16:36.176 I/SurfaceFlinger(  520): screenshot (host.exp.exponent/host.exp.exponent.experience.ExperienceActivity#1)
05-13 19:16:36.176 I/SurfaceFlinger(  520): screenshot (Dim Layer for - Task=2387#0)
05-13 19:16:36.191 E/        (  624): MEMSIC  vir111 gyro algoRstGyro = 0 algoRst = 0
05-13 19:16:36.271 I/chatty  (  624): uid=1000(system) sensors@2.0-ser identical 4 lines
05-13 19:16:36.291 E/        (  624): MEMSIC  vir111 gyro algoRstGyro = 0 algoRst = 0
05-13 19:16:36.312 E/        (  624): MEMSICBEFORE compenstation MEMSIC memsic_log get_battery_current_now  = 401600 current_avg = 272700 current_chg = 0, charge_ret = 2 x y z 2.407200 -1.338800 -6.707000 
05-13 19:16:36.312 E/        (  624): MEMSIC  vir111 gyro algoRstGyro = 0 algoRst = 0
05-13 19:16:36.351 I/chatty  (  624): uid=1000(system) sensors@2.0-ser identical 2 lines
05-13 19:16:36.371 E/        (  624): MEMSIC  vir111 gyro algoRstGyro = 0 algoRst = 0
05-13 19:16:36.382 E/WifiVendorHal( 1245): getWifiLinkLayerStats_1_3_Internal(l.927) failed {.code = ERROR_NOT_SUPPORTED, .description = }
05-13 19:16:36.391 E/        (  624): MEMSIC  vir111 gyro algoRstGyro = 0 algoRst = 0
05-13 19:16:36.471 I/chatty  (  624): uid=1000(system) sensors@2.0-ser identical 4 lines
05-13 19:16:36.491 E/        (  624): MEMSIC  vir111 gyro algoRstGyro = 0 algoRst = 0
05-13 19:16:36.512 E/        (  624): MEMSICBEFORE compenstation MEMSIC memsic_log get_battery_current_now  = 426100 current_avg = 272700 current_chg = 0, charge_ret = 2 x y z 2.409100 -1.343700 -6.704100 
05-13 19:16:36.512 E/        (  624): MEMSIC  vir111 gyro algoRstGyro = 0 algoRst = 0
05-13 19:16:36.671 I/chatty  (  624): uid=1000(system) sensors@2.0-ser identical 8 lines
05-13 19:16:36.691 E/        (  624): MEMSIC  vir111 gyro algoRstGyro = 0 algoRst = 0
05-13 19:16:36.712 E/        (  624): MEMSICBEFORE compenstation MEMSIC memsic_log get_battery_current_now  = 399700 current_avg = 272700 current_chg = 0, charge_ret = 2 x y z 2.412100 -1.338800 -6.702100 
05-13 19:16:36.712 E/        (  624): MEMSIC  vir111 gyro algoRstGyro = 0 algoRst = 0
05-13 19:16:36.871 I/chatty  (  624): uid=1000(system) sensors@2.0-ser identical 8 lines
05-13 19:16:36.891 E/        (  624): MEMSIC  vir111 gyro algoRstGyro = 0 algoRst = 0
05-13 19:16:36.912 E/        (  624): MEMSICBEFORE compenstation MEMSIC memsic_log get_battery_current_now  = 341700 current_avg = 272700 current_chg = 0, charge_ret = 2 x y z 2.415000 -1.349600 -6.704100 
05-13 19:16:36.912 E/        (  624): MEMSIC  vir111 gyro algoRstGyro = 0 algoRst = 0
05-13 19:16:37.071 I/chatty  (  624): uid=1000(system) sensors@2.0-ser identical 8 lines
05-13 19:16:37.091 E/        (  624): MEMSIC  vir111 gyro algoRstGyro = 0 algoRst = 0
05-13 19:16:37.112 E/        (  624): MEMSICBEFORE compenstation MEMSIC memsic_log get_battery_current_now  = 310500 current_avg = 272700 current_chg = 0, charge_ret = 2 x y z 2.413000 -1.344700 -6.705000 
05-13 19:16:37.112 E/        (  624): MEMSIC  vir111 gyro algoRstGyro = 0 algoRst = 0
05-13 19:16:37.271 I/chatty  (  624): uid=1000(system) sensors@2.0-ser identical 8 lines
05-13 19:16:37.291 E/        (  624): MEMSIC  vir111 gyro algoRstGyro = 0 algoRst = 0
05-13 19:16:37.312 E/        (  624): MEMSICBEFORE compenstation MEMSIC memsic_log get_battery_current_now  = 413500 current_avg = 272700 current_chg = 0, charge_ret = 2 x y z 2.415000 -1.347600 -6.708900 
05-13 19:16:37.312 E/        (  624): MEMSIC  vir111 gyro algoRstGyro = 0 algoRst = 0
05-13 19:16:37.471 I/chatty  (  624): uid=1000(system) sensors@2.0-ser identical 8 lines
05-13 19:16:37.491 E/        (  624): MEMSIC  vir111 gyro algoRstGyro = 0 algoRst = 0
05-13 19:16:37.512 E/        (  624): MEMSICBEFORE compenstation MEMSIC memsic_log get_battery_current_now  = 355500 current_avg = 272700 current_chg = 0, charge_ret = 2 x y z 2.415000 -1.341700 -6.705000 
05-13 19:16:37.512 E/        (  624): MEMSIC  vir111 gyro algoRstGyro = 0 algoRst = 0
05-13 19:16:37.671 I/chatty  (  624): uid=1000(system) sensors@2.0-ser identical 8 lines
05-13 19:16:37.691 E/        (  624): MEMSIC  vir111 gyro algoRstGyro = 0 algoRst = 0
05-13 19:16:37.712 E/        (  624): MEMSICBEFORE compenstation MEMSIC memsic_log get_battery_current_now  = 397100 current_avg = 261600 current_chg = 0, charge_ret = 2 x y z 2.415000 -1.342700 -6.704100 
05-13 19:16:37.712 E/        (  624): MEMSIC  vir111 gyro algoRstGyro = 0 algoRst = 0
05-13 19:16:37.871 I/chatty  (  624): uid=1000(system) sensors@2.0-ser identical 8 lines
05-13 19:16:37.891 E/        (  624): MEMSIC  vir111 gyro algoRstGyro = 0 algoRst = 0
05-13 19:16:37.912 E/        (  624): MEMSICBEFORE compenstation MEMSIC memsic_log get_battery_current_now  = 395200 current_avg = 261600 current_chg = 0, charge_ret = 2 x y z 2.413000 -1.349600 -6.707000 
05-13 19:16:37.912 E/        (  624): MEMSIC  vir111 gyro algoRstGyro = 0 algoRst = 0
05-13 19:16:38.071 I/chatty  (  624): uid=1000(system) sensors@2.0-ser identical 8 lines
05-13 19:16:38.091 E/        (  624): MEMSIC  vir111 gyro algoRstGyro = 0 algoRst = 0
05-13 19:16:38.112 E/        (  624): MEMSICBEFORE compenstation MEMSIC memsic_log get_battery_current_now  = 391300 current_avg = 261600 current_chg = 0, charge_ret = 2 x y z 2.415000 -1.347600 -6.703100 
05-13 19:16:38.112 E/        (  624): MEMSIC  vir111 gyro algoRstGyro = 0 algoRst = 0
05-13 19:16:38.271 I/chatty  (  624): uid=1000(system) sensors@2.0-ser identical 8 lines
05-13 19:16:38.291 E/        (  624): MEMSIC  vir111 gyro algoRstGyro = 0 algoRst = 0
05-13 19:16:38.312 E/        (  624): MEMSICBEFORE compenstation MEMSIC memsic_log get_battery_current_now  = 399300 current_avg = 261600 current_chg = 0, charge_ret = 2 x y z 2.415000 -1.349600 -6.707000 
05-13 19:16:38.312 E/        (  624): MEMSIC  vir111 gyro algoRstGyro = 0 algoRst = 0
05-13 19:16:38.471 I/chatty  (  624): uid=1000(system) sensors@2.0-ser identical 8 lines
05-13 19:16:38.491 E/        (  624): MEMSIC  vir111 gyro algoRstGyro = 0 algoRst = 0
05-13 19:16:38.512 E/        (  624): MEMSICBEFORE compenstation MEMSIC memsic_log get_battery_current_now  = 433300 current_avg = 261600 current_chg = 0, charge_ret = 2 x y z 2.412100 -1.341700 -6.708900 
05-13 19:16:38.512 E/        (  624): MEMSIC  vir111 gyro algoRstGyro = 0 algoRst = 0
05-13 19:16:38.671 I/chatty  (  624): uid=1000(system) sensors@2.0-ser identical 8 lines
05-13 19:16:38.691 E/        (  624): MEMSIC  vir111 gyro algoRstGyro = 0 algoRst = 0
05-13 19:16:38.712 E/        (  624): MEMSICBEFORE compenstation MEMSIC memsic_log get_battery_current_now  = 284500 current_avg = 261600 current_chg = 0, charge_ret = 2 x y z 2.414000 -1.340800 -6.703100 
05-13 19:16:38.712 E/        (  624): MEMSIC  vir111 gyro algoRstGyro = 0 algoRst = 0
05-13 19:16:38.871 I/chatty  (  624): uid=1000(system) sensors@2.0-ser identical 8 lines
05-13 19:16:38.891 E/        (  624): MEMSIC  vir111 gyro algoRstGyro = 0 algoRst = 0
05-13 19:16:38.912 E/        (  624): MEMSICBEFORE compenstation MEMSIC memsic_log get_battery_current_now  = 349400 current_avg = 261600 current_chg = 0, charge_ret = 2 x y z 2.410100 -1.335900 -6.709900 
05-13 19:16:38.912 E/        (  624): MEMSIC  vir111 gyro algoRstGyro = 0 algoRst = 0
05-13 19:16:39.071 I/chatty  (  624): uid=1000(system) sensors@2.0-ser identical 8 lines
05-13 19:16:39.091 E/        (  624): MEMSIC  vir111 gyro algoRstGyro = 0 algoRst = 0
05-13 19:16:39.112 E/        (  624): MEMSICBEFORE compenstation MEMSIC memsic_log get_battery_current_now  = 395500 current_avg = 261600 current_chg = 0, charge_ret = 2 x y z 2.413000 -1.343700 -6.708000 
05-13 19:16:39.112 E/        (  624): MEMSIC  vir111 gyro algoRstGyro = 0 algoRst = 0
05-13 19:16:39.191 I/chatty  (  624): uid=1000(system) sensors@2.0-ser identical 4 lines
05-13 19:16:39.211 E/        (  624): MEMSIC  vir111 gyro algoRstGyro = 0 algoRst = 0
05-13 19:16:39.221 I/netd    (  476): trafficSwapActiveStatsMap() <0.55ms>
05-13 19:16:39.231 E/        (  624): MEMSIC  vir111 gyro algoRstGyro = 0 algoRst = 0
05-13 19:16:39.271 I/chatty  (  624): uid=1000(system) sensors@2.0-ser identical 2 lines
05-13 19:16:39.291 E/        (  624): MEMSIC  vir111 gyro algoRstGyro = 0 algoRst = 0
05-13 19:16:39.312 E/        (  624): MEMSICBEFORE compenstation MEMSIC memsic_log get_battery_current_now  = 356200 current_avg = 261600 current_chg = 0, charge_ret = 2 x y z 2.409100 -1.341700 -6.706000 
05-13 19:16:39.312 E/        (  624): MEMSIC  vir111 gyro algoRstGyro = 0 algoRst = 0
05-13 19:16:39.371 I/chatty  (  624): uid=1000(system) sensors@2.0-ser identical 3 lines
05-13 19:16:39.391 E/        (  624): MEMSIC  vir111 gyro algoRstGyro = 0 algoRst = 0
05-13 19:16:39.394 E/WifiVendorHal( 1245): getWifiLinkLayerStats_1_3_Internal(l.927) failed {.code = ERROR_NOT_SUPPORTED, .description = }
05-13 19:16:39.411 E/        (  624): MEMSIC  vir111 gyro algoRstGyro = 0 algoRst = 0
05-13 19:16:39.471 I/chatty  (  624): uid=1000(system) sensors@2.0-ser identical 3 lines
05-13 19:16:39.491 E/        (  624): MEMSIC  vir111 gyro algoRstGyro = 0 algoRst = 0
05-13 19:16:39.512 E/        (  624): MEMSICBEFORE compenstation MEMSIC memsic_log get_battery_current_now  = 358900 current_avg = 261600 current_chg = 0, charge_ret = 2 x y z 2.410100 -1.340800 -6.701100 
05-13 19:16:39.512 E/        (  624): MEMSIC  vir111 gyro algoRstGyro = 0 algoRst = 0
05-13 19:16:39.671 I/chatty  (  624): uid=1000(system) sensors@2.0-ser identical 8 lines
05-13 19:16:39.691 E/        (  624): MEMSIC  vir111 gyro algoRstGyro = 0 algoRst = 0
05-13 19:16:39.712 E/        (  624): MEMSICBEFORE compenstation MEMSIC memsic_log get_battery_current_now  = 397100 current_avg = 261600 current_chg = 0, charge_ret = 2 x y z 2.412100 -1.342700 -6.706000 
05-13 19:16:39.712 E/        (  624): MEMSIC  vir111 gyro algoRstGyro = 0 algoRst = 0
05-13 19:16:39.851 I/chatty  (  624): uid=1000(system) sensors@2.0-ser identical 7 lines
05-13 19:16:39.871 E/        (  624): MEMSIC  vir111 gyro algoRstGyro = 0 algoRst = 0
05-13 19:16:39.874 I/ProtoXDBBufferWrapper( 3128): ProtoXDBBufferWrapper.flushToStorage():158 Flushed 12 data item(s) to storage.
05-13 19:16:39.891 E/        (  624): MEMSIC  vir111 gyro algoRstGyro = 0 algoRst = 0
05-13 19:16:39.912 E/        (  624): MEMSICBEFORE compenstation MEMSIC memsic_log get_battery_current_now  = 376100 current_avg = 261600 current_chg = 0, charge_ret = 2 x y z 2.412100 -1.337800 -6.705000 
05-13 19:16:39.912 E/        (  624): MEMSIC  vir111 gyro algoRstGyro = 0 algoRst = 0
05-13 19:16:40.071 I/chatty  (  624): uid=1000(system) sensors@2.0-ser identical 8 lines
05-13 19:16:40.091 E/        (  624): MEMSIC  vir111 gyro algoRstGyro = 0 algoRst = 0
05-13 19:16:40.112 E/        (  624): MEMSICBEFORE compenstation MEMSIC memsic_log get_battery_current_now  = 354000 current_avg = 261600 current_chg = 0, charge_ret = 2 x y z 2.407200 -1.335900 -6.700100 
05-13 19:16:40.112 E/        (  624): MEMSIC  vir111 gyro algoRstGyro = 0 algoRst = 0
05-13 19:16:40.271 I/chatty  (  624): uid=1000(system) sensors@2.0-ser identical 8 lines
05-13 19:16:40.291 E/        (  624): MEMSIC  vir111 gyro algoRstGyro = 0 algoRst = 0
05-13 19:16:40.312 E/        (  624): MEMSICBEFORE compenstation MEMSIC memsic_log get_battery_current_now  = 294400 current_avg = 261600 current_chg = 0, charge_ret = 2 x y z 2.408200 -1.332000 -6.700100 
05-13 19:16:40.312 E/        (  624): MEMSIC  vir111 gyro algoRstGyro = 0 algoRst = 0
05-13 19:16:40.471 I/chatty  (  624): uid=1000(system) sensors@2.0-ser identical 8 lines
05-13 19:16:40.491 E/        (  624): MEMSIC  vir111 gyro algoRstGyro = 0 algoRst = 0
05-13 19:16:40.512 E/        (  624): MEMSICBEFORE compenstation MEMSIC memsic_log get_battery_current_now  = 326100 current_avg = 261600 current_chg = 0, charge_ret = 2 x y z 2.404200 -1.333000 -6.708900 
05-13 19:16:40.512 E/        (  624): MEMSIC  vir111 gyro algoRstGyro = 0 algoRst = 0
05-13 19:16:40.631 I/chatty  (  624): uid=1000(system) sensors@2.0-ser identical 6 lines
05-13 19:16:40.651 E/        (  624): MEMSIC  vir111 gyro algoRstGyro = 0 algoRst = 0
05-13 19:16:40.659 I/[BIP]   (  989):  [BIP NL] event newlink match dev 0, interface index 31
05-13 19:16:40.659 I/[BIP]   (  989):  [BIP NL] the link status of interface(index:0) changes to 1
05-13 19:16:40.660 I/EthernetTracker( 1245): interfaceLinkStateChanged, iface: wlan0, up: true
05-13 19:16:40.662 I/netd    (  476): interfaceGetCfg("wlan0") <0.54ms>
05-13 19:16:40.671 E/        (  624): MEMSIC  vir111 gyro algoRstGyro = 0 algoRst = 0
05-13 19:16:40.691 E/        (  624): MEMSIC  vir111 gyro algoRstGyro = 0 algoRst = 0
05-13 19:16:40.712 E/        (  624): MEMSICBEFORE compenstation MEMSIC memsic_log get_battery_current_now  = 254800 current_avg = 261600 current_chg = 0, charge_ret = 2 x y z 2.403300 -1.326100 -6.705000 
05-13 19:16:40.712 E/        (  624): MEMSIC  vir111 gyro algoRstGyro = 0 algoRst = 0
05-13 19:16:40.871 I/chatty  (  624): uid=1000(system) sensors@2.0-ser identical 8 lines
05-13 19:16:40.891 E/        (  624): MEMSIC  vir111 gyro algoRstGyro = 0 algoRst = 0
05-13 19:16:40.912 E/        (  624): MEMSICBEFORE compenstation MEMSIC memsic_log get_battery_current_now  = 391700 current_avg = 261600 current_chg = 0, charge_ret = 2 x y z 2.402300 -1.344700 -6.703100 
05-13 19:16:40.912 E/        (  624): MEMSIC  vir111 gyro algoRstGyro = 0 algoRst = 0
05-13 19:16:41.071 I/chatty  (  624): uid=1000(system) sensors@2.0-ser identical 8 lines
05-13 19:16:41.091 E/        (  624): MEMSIC  vir111 gyro algoRstGyro = 0 algoRst = 0
05-13 19:16:41.112 E/        (  624): MEMSICBEFORE compenstation MEMSIC memsic_log get_battery_current_now  = 345900 current_avg = 261600 current_chg = 0, charge_ret = 2 x y z 2.401300 -1.341700 -6.703100 
05-13 19:16:41.112 E/        (  624): MEMSIC  vir111 gyro algoRstGyro = 0 algoRst = 0
05-13 19:16:41.131 I/chatty  (  624): uid=1000(system) sensors@2.0-ser identical 1 line
05-13 19:16:41.151 E/        (  624): MEMSIC  vir111 gyro algoRstGyro = 0 algoRst = 0
05-13 19:16:41.166 I/BufferQueueProducer(  520): [StatusBar#0](this:0x78835fd000,id:5,api:1,p:1592,c:520) queueBuffer: fps=0.20 dur=5001.15 max=5001.15 min=5001.15
05-13 19:16:41.171 E/        (  624): MEMSIC  vir111 gyro algoRstGyro = 0 algoRst = 0
05-13 19:16:41.174 I/hwcomposer(  491): [HWCDisplay] [Display_0 (type:1)] fps:0.199933,dur:5001.67,max:5001.67,min:5001.67  
05-13 19:16:41.178 I/SurfaceFlinger(  520): screenshot (host.exp.exponent/host.exp.exponent.experience.ExperienceActivity#1)
05-13 19:16:41.178 I/SurfaceFlinger(  520): screenshot (Dim Layer for - Task=2387#0)
05-13 19:16:41.191 E/        (  624): MEMSIC  vir111 gyro algoRstGyro = 0 algoRst = 0
05-13 19:16:41.271 I/chatty  (  624): uid=1000(system) sensors@2.0-ser identical 4 lines
05-13 19:16:41.291 E/        (  624): MEMSIC  vir111 gyro algoRstGyro = 0 algoRst = 0
05-13 19:16:41.312 E/        (  624): MEMSICBEFORE compenstation MEMSIC memsic_log get_battery_current_now  = 402400 current_avg = 261600 current_chg = 0, charge_ret = 2 x y z 2.411100 -1.342700 -6.706000 
05-13 19:16:41.312 E/        (  624): MEMSIC  vir111 gyro algoRstGyro = 0 algoRst = 0
05-13 19:16:41.471 I/chatty  (  624): uid=1000(system) sensors@2.0-ser identical 8 lines
05-13 19:16:41.491 E/        (  624): MEMSIC  vir111 gyro algoRstGyro = 0 algoRst = 0
05-13 19:16:41.512 E/        (  624): MEMSICBEFORE compenstation MEMSIC memsic_log get_battery_current_now  = 394000 current_avg = 261600 current_chg = 0, charge_ret = 2 x y z 2.406200 -1.342700 -6.702100 
05-13 19:16:41.512 E/        (  624): MEMSIC  vir111 gyro algoRstGyro = 0 algoRst = 0
05-13 19:16:41.671 I/chatty  (  624): uid=1000(system) sensors@2.0-ser identical 8 lines
05-13 19:16:41.691 E/        (  624): MEMSIC  vir111 gyro algoRstGyro = 0 algoRst = 0
05-13 19:16:41.712 E/        (  624): MEMSICBEFORE compenstation MEMSIC memsic_log get_battery_current_now  = 394400 current_avg = 251900 current_chg = 0, charge_ret = 2 x y z 2.404200 -1.343700 -6.702100 
05-13 19:16:41.712 E/        (  624): MEMSIC  vir111 gyro algoRstGyro = 0 algoRst = 0
05-13 19:16:41.871 I/chatty  (  624): uid=1000(system) sensors@2.0-ser identical 8 lines
05-13 19:16:41.891 E/        (  624): MEMSIC  vir111 gyro algoRstGyro = 0 algoRst = 0
05-13 19:16:41.912 E/        (  624): MEMSICBEFORE compenstation MEMSIC memsic_log get_battery_current_now  = 307000 current_avg = 251900 current_chg = 0, charge_ret = 2 x y z 2.408200 -1.343700 -6.706000 
05-13 19:16:41.912 E/        (  624): MEMSIC  vir111 gyro algoRstGyro = 0 algoRst = 0
05-13 19:16:42.071 I/chatty  (  624): uid=1000(system) sensors@2.0-ser identical 8 lines
05-13 19:16:42.091 E/        (  624): MEMSIC  vir111 gyro algoRstGyro = 0 algoRst = 0
05-13 19:16:42.112 E/        (  624): MEMSICBEFORE compenstation MEMSIC memsic_log get_battery_current_now  = 390200 current_avg = 251900 current_chg = 0, charge_ret = 2 x y z 2.406200 -1.342700 -6.705000 
05-13 19:16:42.112 E/        (  624): MEMSIC  vir111 gyro algoRstGyro = 0 algoRst = 0
05-13 19:16:42.271 I/chatty  (  624): uid=1000(system) sensors@2.0-ser identical 8 lines
05-13 19:16:42.291 E/        (  624): MEMSIC  vir111 gyro algoRstGyro = 0 algoRst = 0
05-13 19:16:42.312 E/        (  624): MEMSICBEFORE compenstation MEMSIC memsic_log get_battery_current_now  = 369600 current_avg = 251900 current_chg = 0, charge_ret = 2 x y z 2.406200 -1.340800 -6.704100 
05-13 19:16:42.312 E/        (  624): MEMSIC  vir111 gyro algoRstGyro = 0 algoRst = 0
05-13 19:16:42.371 I/chatty  (  624): uid=1000(system) sensors@2.0-ser identical 3 lines
05-13 19:16:42.391 E/        (  624): MEMSIC  vir111 gyro algoRstGyro = 0 algoRst = 0
05-13 19:16:42.405 E/WifiVendorHal( 1245): getWifiLinkLayerStats_1_3_Internal(l.927) failed {.code = ERROR_NOT_SUPPORTED, .description = }
05-13 19:16:42.411 E/        (  624): MEMSIC  vir111 gyro algoRstGyro = 0 algoRst = 0
05-13 19:16:42.471 I/chatty  (  624): uid=1000(system) sensors@2.0-ser identical 3 lines
05-13 19:16:42.491 E/        (  624): MEMSIC  vir111 gyro algoRstGyro = 0 algoRst = 0
05-13 19:16:42.512 E/        (  624): MEMSICBEFORE compenstation MEMSIC memsic_log get_battery_current_now  = 384500 current_avg = 251900 current_chg = 0, charge_ret = 2 x y z 2.408200 -1.344700 -6.705000 
05-13 19:16:42.512 E/        (  624): MEMSIC  vir111 gyro algoRstGyro = 0 algoRst = 0
05-13 19:16:42.611 I/chatty  (  624): uid=1000(system) sensors@2.0-ser identical 5 lines
05-13 19:16:42.631 E/        (  624): MEMSIC  vir111 gyro algoRstGyro = 0 algoRst = 0
05-13 19:16:42.642 E/msys    (16395): E[N WA]_WAJMNSStreamImplOnMNSFailure(287)=>[LogLevel:I] WAJMNSStream/impl/callback/onMNSFailure/p=0x70b46edc80 (error=MNSTCPSocketReceive(): Received EOF)
05-13 19:16:42.643 E/msys    (16395): E[N WA]_WAJMNSStreamImplCreateConnectionReport(194)=>[LogLevel:I] WAJMNSStream/impl/report port=443, connectedIPVersion=4, resolvedIPAddressCount=1, dnsResolutionStartTimeMS=6237522, dnsResolutionEndTimeMS=6237552, dnsCacheHit=Yes, connectStartTimeMS=6237552, connectEndTimeMS=6237678, proxyConnectStartTimeMS=0, proxyConnectEndTimeMS=0
05-13 19:16:42.643 E/msys    (16395): E[N WA]_WAJMNSStreamImplUpdateStreamState(230)=>[LogLevel:I] WAJMNSStream/impl/state-changed/p=0x70b46edc80 (connected=>disconnected)
05-13 19:16:42.651 E/msys    (16395): E[N WA]WAJMNSStreamImplDisconnectSync(497)=>[LogLevel:W] WAJMNSStream/impl/disconnect/p=0x70b46edc80 (bytesSent=26960)(bytesRecv=24053)
05-13 19:16:42.651 E/        (  624): MEMSIC  vir111 gyro algoRstGyro = 0 algoRst = 0
05-13 19:16:42.671 I/chatty  (  624): uid=1000(system) sensors@2.0-ser identical 1 line
05-13 19:16:42.691 E/        (  624): MEMSIC  vir111 gyro algoRstGyro = 0 algoRst = 0
05-13 19:16:42.712 E/        (  624): MEMSICBEFORE compenstation MEMSIC memsic_log get_battery_current_now  = 383700 current_avg = 251900 current_chg = 0, charge_ret = 2 x y z 2.407200 -1.343700 -6.705000 
05-13 19:16:42.712 E/        (  624): MEMSIC  vir111 gyro algoRstGyro = 0 algoRst = 0
05-13 19:16:42.871 I/chatty  (  624): uid=1000(system) sensors@2.0-ser identical 8 lines
05-13 19:16:42.891 E/        (  624): MEMSIC  vir111 gyro algoRstGyro = 0 algoRst = 0
05-13 19:16:42.912 E/        (  624): MEMSICBEFORE compenstation MEMSIC memsic_log get_battery_current_now  = 422200 current_avg = 251900 current_chg = 0, charge_ret = 2 x y z 2.407200 -1.343700 -6.702100 
05-13 19:16:42.912 E/        (  624): MEMSIC  vir111 gyro algoRstGyro = 0 algoRst = 0
05-13 19:16:43.071 I/chatty  (  624): uid=1000(system) sensors@2.0-ser identical 8 lines
05-13 19:16:43.091 E/        (  624): MEMSIC  vir111 gyro algoRstGyro = 0 algoRst = 0
05-13 19:16:43.112 E/        (  624): MEMSICBEFORE compenstation MEMSIC memsic_log get_battery_current_now  = 392100 current_avg = 251900 current_chg = 0, charge_ret = 2 x y z 2.408200 -1.343700 -6.706000 
05-13 19:16:43.112 E/        (  624): MEMSIC  vir111 gyro algoRstGyro = 0 algoRst = 0
05-13 19:16:43.271 I/chatty  (  624): uid=1000(system) sensors@2.0-ser identical 8 lines
05-13 19:16:43.291 E/        (  624): MEMSIC  vir111 gyro algoRstGyro = 0 algoRst = 0
05-13 19:16:43.312 E/        (  624): MEMSICBEFORE compenstation MEMSIC memsic_log get_battery_current_now  = 391700 current_avg = 251900 current_chg = 0, charge_ret = 2 x y z 2.410100 -1.343700 -6.703100 
05-13 19:16:43.312 E/        (  624): MEMSIC  vir111 gyro algoRstGyro = 0 algoRst = 0
05-13 19:16:43.471 I/chatty  (  624): uid=1000(system) sensors@2.0-ser identical 8 lines
05-13 19:16:43.491 E/        (  624): MEMSIC  vir111 gyro algoRstGyro = 0 algoRst = 0
05-13 19:16:43.512 E/        (  624): MEMSICBEFORE compenstation MEMSIC memsic_log get_battery_current_now  = 360100 current_avg = 251900 current_chg = 0, charge_ret = 2 x y z 2.412100 -1.339800 -6.708900 
05-13 19:16:43.512 E/        (  624): MEMSIC  vir111 gyro algoRstGyro = 0 algoRst = 0
05-13 19:16:43.671 I/chatty  (  624): uid=1000(system) sensors@2.0-ser identical 8 lines
05-13 19:16:43.691 E/        (  624): MEMSIC  vir111 gyro algoRstGyro = 0 algoRst = 0
05-13 19:16:43.712 E/        (  624): MEMSICBEFORE compenstation MEMSIC memsic_log get_battery_current_now  = 428700 current_avg = 251900 current_chg = 0, charge_ret = 2 x y z 2.409100 -1.346600 -6.706000 
05-13 19:16:43.712 E/        (  624): MEMSIC  vir111 gyro algoRstGyro = 0 algoRst = 0
05-13 19:16:43.871 I/chatty  (  624): uid=1000(system) sensors@2.0-ser identical 8 lines
05-13 19:16:43.891 E/        (  624): MEMSIC  vir111 gyro algoRstGyro = 0 algoRst = 0
05-13 19:16:43.908 I/thermal_repeater(  627): [recvMdThermalInfo] ret=29, strLen=127,  3, 45, -50, -28361, 32767, 0
05-13 19:16:43.912 E/        (  624): MEMSICBEFORE compenstation MEMSIC memsic_log get_battery_current_now  = 404300 current_avg = 251900 current_chg = 0, charge_ret = 2 x y z 2.407200 -1.341700 -6.706000 
05-13 19:16:43.912 E/        (  624): MEMSIC  vir111 gyro algoRstGyro = 0 algoRst = 0
05-13 19:16:44.071 I/chatty  (  624): uid=1000(system) sensors@2.0-ser identical 8 lines
05-13 19:16:44.091 E/        (  624): MEMSIC  vir111 gyro algoRstGyro = 0 algoRst = 0
05-13 19:16:44.112 E/        (  624): MEMSICBEFORE compenstation MEMSIC memsic_log get_battery_current_now  = 413800 current_avg = 251900 current_chg = 0, charge_ret = 2 x y z 2.412100 -1.346600 -6.704100 
05-13 19:16:44.112 E/        (  624): MEMSIC  vir111 gyro algoRstGyro = 0 algoRst = 0
05-13 19:16:44.271 I/chatty  (  624): uid=1000(system) sensors@2.0-ser identical 8 lines
05-13 19:16:44.291 E/        (  624): MEMSIC  vir111 gyro algoRstGyro = 0 algoRst = 0
05-13 19:16:44.312 E/        (  624): MEMSICBEFORE compenstation MEMSIC memsic_log get_battery_current_now  = 385600 current_avg = 251900 current_chg = 0, charge_ret = 2 x y z 2.403300 -1.340800 -6.706000 
05-13 19:16:44.312 E/        (  624): MEMSIC  vir111 gyro algoRstGyro = 0 algoRst = 0
05-13 19:16:44.471 I/chatty  (  624): uid=1000(system) sensors@2.0-ser identical 8 lines
05-13 19:16:44.491 E/        (  624): MEMSIC  vir111 gyro algoRstGyro = 0 algoRst = 0
05-13 19:16:44.512 E/        (  624): MEMSICBEFORE compenstation MEMSIC memsic_log get_battery_current_now  = 427600 current_avg = 251900 current_chg = 0, charge_ret = 2 x y z 2.407200 -1.341700 -6.703100 
05-13 19:16:44.512 E/        (  624): MEMSIC  vir111 gyro algoRstGyro = 0 algoRst = 0
05-13 19:16:44.671 I/chatty  (  624): uid=1000(system) sensors@2.0-ser identical 8 lines
05-13 19:16:44.691 E/        (  624): MEMSIC  vir111 gyro algoRstGyro = 0 algoRst = 0
05-13 19:16:44.712 E/        (  624): MEMSICBEFORE compenstation MEMSIC memsic_log get_battery_current_now  = 429100 current_avg = 251900 current_chg = 0, charge_ret = 2 x y z 2.410100 -1.345700 -6.703100 
05-13 19:16:44.712 E/        (  624): MEMSIC  vir111 gyro algoRstGyro = 0 algoRst = 0
05-13 19:16:44.871 I/chatty  (  624): uid=1000(system) sensors@2.0-ser identical 8 lines
05-13 19:16:44.891 E/        (  624): MEMSIC  vir111 gyro algoRstGyro = 0 algoRst = 0
05-13 19:16:44.912 E/        (  624): MEMSICBEFORE compenstation MEMSIC memsic_log get_battery_current_now  = 390200 current_avg = 251900 current_chg = 0, charge_ret = 2 x y z 2.411100 -1.343700 -6.705000 
05-13 19:16:44.912 E/        (  624): MEMSIC  vir111 gyro algoRstGyro = 0 algoRst = 0
05-13 19:16:45.071 I/chatty  (  624): uid=1000(system) sensors@2.0-ser identical 8 lines
05-13 19:16:45.091 E/        (  624): MEMSIC  vir111 gyro algoRstGyro = 0 algoRst = 0
05-13 19:16:45.112 E/        (  624): MEMSICBEFORE compenstation MEMSIC memsic_log get_battery_current_now  = 331100 current_avg = 251900 current_chg = 0, charge_ret = 2 x y z 2.414000 -1.344700 -6.706000 
05-13 19:16:45.112 E/        (  624): MEMSIC  vir111 gyro algoRstGyro = 0 algoRst = 0
05-13 19:16:45.271 I/chatty  (  624): uid=1000(system) sensors@2.0-ser identical 8 lines
05-13 19:16:45.291 E/        (  624): MEMSIC  vir111 gyro algoRstGyro = 0 algoRst = 0
05-13 19:16:45.312 E/        (  624): MEMSICBEFORE compenstation MEMSIC memsic_log get_battery_current_now  = 385200 current_avg = 251900 current_chg = 0, charge_ret = 2 x y z 2.415000 -1.344700 -6.706000 
05-13 19:16:45.312 E/        (  624): MEMSIC  vir111 gyro algoRstGyro = 0 algoRst = 0
05-13 19:16:45.391 I/chatty  (  624): uid=1000(system) sensors@2.0-ser identical 4 lines
05-13 19:16:45.411 E/        (  624): MEMSIC  vir111 gyro algoRstGyro = 0 algoRst = 0
05-13 19:16:45.416 E/WifiVendorHal( 1245): getWifiLinkLayerStats_1_3_Internal(l.927) failed {.code = ERROR_NOT_SUPPORTED, .description = }
05-13 19:16:45.431 E/        (  624): MEMSIC  vir111 gyro algoRstGyro = 0 algoRst = 0
05-13 19:16:45.471 I/chatty  (  624): uid=1000(system) sensors@2.0-ser identical 2 lines
05-13 19:16:45.491 E/        (  624): MEMSIC  vir111 gyro algoRstGyro = 0 algoRst = 0
05-13 19:16:45.512 E/        (  624): MEMSICBEFORE compenstation MEMSIC memsic_log get_battery_current_now  = 398200 current_avg = 251900 current_chg = 0, charge_ret = 2 x y z 2.414000 -1.344700 -6.706000 
05-13 19:16:45.512 E/        (  624): MEMSIC  vir111 gyro algoRstGyro = 0 algoRst = 0
05-13 19:16:45.671 I/chatty  (  624): uid=1000(system) sensors@2.0-ser identical 8 lines
05-13 19:16:45.691 E/        (  624): MEMSIC  vir111 gyro algoRstGyro = 0 algoRst = 0
05-13 19:16:45.712 E/        (  624): MEMSICBEFORE compenstation MEMSIC memsic_log get_battery_current_now  = 390200 current_avg = 275200 current_chg = 0, charge_ret = 2 x y z 2.417900 -1.342700 -6.709900 
05-13 19:16:45.713 E/        (  624): MEMSIC  vir111 gyro algoRstGyro = 0 algoRst = 0
05-13 19:16:45.871 I/chatty  (  624): uid=1000(system) sensors@2.0-ser identical 8 lines
05-13 19:16:45.891 E/        (  624): MEMSIC  vir111 gyro algoRstGyro = 0 algoRst = 0
05-13 19:16:45.912 E/        (  624): MEMSICBEFORE compenstation MEMSIC memsic_log get_battery_current_now  = 410400 current_avg = 275200 current_chg = 0, charge_ret = 2 x y z 2.414000 -1.344700 -6.711900 
05-13 19:16:45.913 E/        (  624): MEMSIC  vir111 gyro algoRstGyro = 0 algoRst = 0
05-13 19:16:46.071 I/chatty  (  624): uid=1000(system) sensors@2.0-ser identical 8 lines
05-13 19:16:46.091 E/        (  624): MEMSIC  vir111 gyro algoRstGyro = 0 algoRst = 0
05-13 19:16:46.112 E/        (  624): MEMSICBEFORE compenstation MEMSIC memsic_log get_battery_current_now  = 424100 current_avg = 275200 current_chg = 0, charge_ret = 2 x y z 2.414000 -1.341700 -6.708900 
05-13 19:16:46.112 E/        (  624): MEMSIC  vir111 gyro algoRstGyro = 0 algoRst = 0
05-13 19:16:46.131 I/chatty  (  624): uid=1000(system) sensors@2.0-ser identical 1 line
05-13 19:16:46.151 E/        (  624): MEMSIC  vir111 gyro algoRstGyro = 0 algoRst = 0
05-13 19:16:46.166 I/BufferQueueProducer(  520): [StatusBar#0](this:0x78835fd000,id:5,api:1,p:1592,c:520) queueBuffer: fps=0.20 dur=5000.53 max=5000.53 min=5000.53
05-13 19:16:46.171 E/        (  624): MEMSIC  vir111 gyro algoRstGyro = 0 algoRst = 0
05-13 19:16:46.175 I/hwcomposer(  491): [HWCDisplay] [Display_0 (type:1)] fps:0.199947,dur:5001.34,max:5001.34,min:5001.34  
05-13 19:16:46.179 I/SurfaceFlinger(  520): screenshot (host.exp.exponent/host.exp.exponent.experience.ExperienceActivity#1)
05-13 19:16:46.179 I/SurfaceFlinger(  520): screenshot (Dim Layer for - Task=2387#0)
05-13 19:16:46.191 E/        (  624): MEMSIC  vir111 gyro algoRstGyro = 0 algoRst = 0
05-13 19:16:46.271 I/chatty  (  624): uid=1000(system) sensors@2.0-ser identical 4 lines
05-13 19:16:46.291 E/        (  624): MEMSIC  vir111 gyro algoRstGyro = 0 algoRst = 0
05-13 19:16:46.312 E/        (  624): MEMSICBEFORE compenstation MEMSIC memsic_log get_battery_current_now  = 394800 current_avg = 275200 current_chg = 0, charge_ret = 2 x y z 2.414000 -1.346600 -6.706000 
05-13 19:16:46.312 E/        (  624): MEMSIC  vir111 gyro algoRstGyro = 0 algoRst = 0
05-13 19:16:46.471 I/chatty  (  624): uid=1000(system) sensors@2.0-ser identical 8 lines
05-13 19:16:46.491 E/        (  624): MEMSIC  vir111 gyro algoRstGyro = 0 algoRst = 0
05-13 19:16:46.512 E/        (  624): MEMSICBEFORE compenstation MEMSIC memsic_log get_battery_current_now  = 386800 current_avg = 275200 current_chg = 0, charge_ret = 2 x y z 2.418900 -1.344700 -6.709900 
05-13 19:16:46.512 E/        (  624): MEMSIC  vir111 gyro algoRstGyro = 0 algoRst = 0
05-13 19:16:46.671 I/chatty  (  624): uid=1000(system) sensors@2.0-ser identical 8 lines
05-13 19:16:46.691 E/        (  624): MEMSIC  vir111 gyro algoRstGyro = 0 algoRst = 0
05-13 19:16:46.712 E/        (  624): MEMSICBEFORE compenstation MEMSIC memsic_log get_battery_current_now  = 341400 current_avg = 275200 current_chg = 0, charge_ret = 2 x y z 2.417900 -1.342700 -6.708900 
05-13 19:16:46.712 E/        (  624): MEMSIC  vir111 gyro algoRstGyro = 0 algoRst = 0
05-13 19:16:46.871 I/chatty  (  624): uid=1000(system) sensors@2.0-ser identical 8 lines
05-13 19:16:46.891 E/        (  624): MEMSIC  vir111 gyro algoRstGyro = 0 algoRst = 0
05-13 19:16:46.912 E/        (  624): MEMSICBEFORE compenstation MEMSIC memsic_log get_battery_current_now  = 405500 current_avg = 275200 current_chg = 0, charge_ret = 2 x y z 2.421800 -1.348600 -6.710900 
05-13 19:16:46.912 E/        (  624): MEMSIC  vir111 gyro algoRstGyro = 0 algoRst = 0
05-13 19:16:47.071 I/chatty  (  624): uid=1000(system) sensors@2.0-ser identical 8 lines
05-13 19:16:47.091 E/        (  624): MEMSIC  vir111 gyro algoRstGyro = 0 algoRst = 0
05-13 19:16:47.112 E/        (  624): MEMSICBEFORE compenstation MEMSIC memsic_log get_battery_current_now  = 396700 current_avg = 275200 current_chg = 0, charge_ret = 2 x y z 2.414000 -1.344700 -6.711900 
05-13 19:16:47.112 E/        (  624): MEMSIC  vir111 gyro algoRstGyro = 0 algoRst = 0
05-13 19:16:47.271 I/chatty  (  624): uid=1000(system) sensors@2.0-ser identical 8 lines
05-13 19:16:47.291 E/        (  624): MEMSIC  vir111 gyro algoRstGyro = 0 algoRst = 0
05-13 19:16:47.312 E/        (  624): MEMSICBEFORE compenstation MEMSIC memsic_log get_battery_current_now  = 384900 current_avg = 275200 current_chg = 0, charge_ret = 2 x y z 2.416900 -1.344700 -6.709900 
05-13 19:16:47.312 E/        (  624): MEMSIC  vir111 gyro algoRstGyro = 0 algoRst = 0
05-13 19:16:47.471 I/chatty  (  624): uid=1000(system) sensors@2.0-ser identical 8 lines
05-13 19:16:47.491 E/        (  624): MEMSIC  vir111 gyro algoRstGyro = 0 algoRst = 0
05-13 19:16:47.512 E/        (  624): MEMSICBEFORE compenstation MEMSIC memsic_log get_battery_current_now  = 403900 current_avg = 275200 current_chg = 0, charge_ret = 2 x y z 2.417900 -1.340800 -6.708000 
05-13 19:16:47.512 E/        (  624): MEMSIC  vir111 gyro algoRstGyro = 0 algoRst = 0
05-13 19:16:47.671 I/chatty  (  624): uid=1000(system) sensors@2.0-ser identical 8 lines
05-13 19:16:47.691 E/        (  624): MEMSIC  vir111 gyro algoRstGyro = 0 algoRst = 0
05-13 19:16:47.712 E/        (  624): MEMSICBEFORE compenstation MEMSIC memsic_log get_battery_current_now  = 398600 current_avg = 275200 current_chg = 0, charge_ret = 2 x y z 2.417900 -1.343700 -6.709900 
05-13 19:16:47.712 E/        (  624): MEMSIC  vir111 gyro algoRstGyro = 0 algoRst = 0
05-13 19:16:47.871 I/chatty  (  624): uid=1000(system) sensors@2.0-ser identical 8 lines
05-13 19:16:47.891 E/        (  624): MEMSIC  vir111 gyro algoRstGyro = 0 algoRst = 0
05-13 19:16:47.912 E/        (  624): MEMSICBEFORE compenstation MEMSIC memsic_log get_battery_current_now  = 433300 current_avg = 275200 current_chg = 0, charge_ret = 2 x y z 2.420800 -1.341700 -6.709900 
05-13 19:16:47.912 E/        (  624): MEMSIC  vir111 gyro algoRstGyro = 0 algoRst = 0
05-13 19:16:48.071 I/chatty  (  624): uid=1000(system) sensors@2.0-ser identical 8 lines
05-13 19:16:48.091 E/        (  624): MEMSIC  vir111 gyro algoRstGyro = 0 algoRst = 0
05-13 19:16:48.112 E/        (  624): MEMSICBEFORE compenstation MEMSIC memsic_log get_battery_current_now  = 413100 current_avg = 275200 current_chg = 0, charge_ret = 2 x y z 2.416900 -1.347600 -6.711900 
05-13 19:16:48.112 E/        (  624): MEMSIC  vir111 gyro algoRstGyro = 0 algoRst = 0
05-13 19:16:48.271 I/chatty  (  624): uid=1000(system) sensors@2.0-ser identical 8 lines
05-13 19:16:48.291 E/        (  624): MEMSIC  vir111 gyro algoRstGyro = 0 algoRst = 0
05-13 19:16:48.312 E/        (  624): MEMSICBEFORE compenstation MEMSIC memsic_log get_battery_current_now  = 338300 current_avg = 275200 current_chg = 0, charge_ret = 2 x y z 2.418900 -1.341700 -6.712801 
05-13 19:16:48.312 E/        (  624): MEMSIC  vir111 gyro algoRstGyro = 0 algoRst = 0
05-13 19:16:48.316 E/Athena  ( 1834): ------------------------------------------------------------
05-13 19:16:48.316 E/Athena  ( 1834): 
05-13 19:16:48.316 E/Athena  ( 1834): Athena is in DEBUG or TEST mode´╝îshould not release this APK
05-13 19:16:48.316 E/Athena  ( 1834): 
05-13 19:16:48.316 E/Athena  ( 1834): ------------------------------------------------------------
05-13 19:16:48.331 E/        (  624): MEMSIC  vir111 gyro algoRstGyro = 0 algoRst = 0
05-13 19:16:48.391 I/chatty  (  624): uid=1000(system) sensors@2.0-ser identical 3 lines
05-13 19:16:48.411 E/        (  624): MEMSIC  vir111 gyro algoRstGyro = 0 algoRst = 0
05-13 19:16:48.430 E/WifiVendorHal( 1245): getWifiLinkLayerStats_1_3_Internal(l.927) failed {.code = ERROR_NOT_SUPPORTED, .description = }
05-13 19:16:48.431 E/        (  624): MEMSIC  vir111 gyro algoRstGyro = 0 algoRst = 0
05-13 19:16:48.471 I/chatty  (  624): uid=1000(system) sensors@2.0-ser identical 2 lines
05-13 19:16:48.491 E/        (  624): MEMSIC  vir111 gyro algoRstGyro = 0 algoRst = 0
05-13 19:16:48.512 E/        (  624): MEMSICBEFORE compenstation MEMSIC memsic_log get_battery_current_now  = 421500 current_avg = 275200 current_chg = 0, charge_ret = 2 x y z 2.418900 -1.343700 -6.708000 
05-13 19:16:48.512 E/        (  624): MEMSIC  vir111 gyro algoRstGyro = 0 algoRst = 0
05-13 19:16:48.671 I/chatty  (  624): uid=1000(system) sensors@2.0-ser identical 8 lines
05-13 19:16:48.691 E/        (  624): MEMSIC  vir111 gyro algoRstGyro = 0 algoRst = 0
05-13 19:16:48.712 E/        (  624): MEMSICBEFORE compenstation MEMSIC memsic_log get_battery_current_now  = 429500 current_avg = 275200 current_chg = 0, charge_ret = 2 x y z 2.420800 -1.345700 -6.708900 
05-13 19:16:48.712 E/        (  624): MEMSIC  vir111 gyro algoRstGyro = 0 algoRst = 0
05-13 19:16:48.871 I/chatty  (  624): uid=1000(system) sensors@2.0-ser identical 8 lines
05-13 19:16:48.891 E/        (  624): MEMSIC  vir111 gyro algoRstGyro = 0 algoRst = 0
05-13 19:16:48.912 E/        (  624): MEMSICBEFORE compenstation MEMSIC memsic_log get_battery_current_now  = 423400 current_avg = 275200 current_chg = 0, charge_ret = 2 x y z 2.418900 -1.348600 -6.709900 
05-13 19:16:48.912 E/        (  624): MEMSIC  vir111 gyro algoRstGyro = 0 algoRst = 0
05-13 19:16:49.071 I/chatty  (  624): uid=1000(system) sensors@2.0-ser identical 8 lines
05-13 19:16:49.091 E/        (  624): MEMSIC  vir111 gyro algoRstGyro = 0 algoRst = 0
05-13 19:16:49.112 E/        (  624): MEMSICBEFORE compenstation MEMSIC memsic_log get_battery_current_now  = 401600 current_avg = 275200 current_chg = 0, charge_ret = 2 x y z 2.417900 -1.344700 -6.710900 
05-13 19:16:49.112 E/        (  624): MEMSIC  vir111 gyro algoRstGyro = 0 algoRst = 0
05-13 19:16:49.191 I/chatty  (  624): uid=1000(system) sensors@2.0-ser identical 4 lines
05-13 19:16:49.211 E/        (  624): MEMSIC  vir111 gyro algoRstGyro = 0 algoRst = 0
05-13 19:16:49.223 I/netd    (  476): trafficSwapActiveStatsMap() <0.48ms>
05-13 19:16:49.231 E/        (  624): MEMSIC  vir111 gyro algoRstGyro = 0 algoRst = 0
05-13 19:16:49.271 I/chatty  (  624): uid=1000(system) sensors@2.0-ser identical 2 lines
05-13 19:16:49.291 E/        (  624): MEMSIC  vir111 gyro algoRstGyro = 0 algoRst = 0
05-13 19:16:49.312 E/        (  624): MEMSICBEFORE compenstation MEMSIC memsic_log get_battery_current_now  = 337900 current_avg = 275200 current_chg = 0, charge_ret = 2 x y z 2.416900 -1.338800 -6.712801 
05-13 19:16:49.312 E/        (  624): MEMSIC  vir111 gyro algoRstGyro = 0 algoRst = 0
05-13 19:16:49.471 I/chatty  (  624): uid=1000(system) sensors@2.0-ser identical 8 lines
05-13 19:16:49.491 E/        (  624): MEMSIC  vir111 gyro algoRstGyro = 0 algoRst = 0
05-13 19:16:49.512 E/        (  624): MEMSICBEFORE compenstation MEMSIC memsic_log get_battery_current_now  = 392500 current_avg = 275200 current_chg = 0, charge_ret = 2 x y z 2.414000 -1.345700 -6.706000 
05-13 19:16:49.512 E/        (  624): MEMSIC  vir111 gyro algoRstGyro = 0 algoRst = 0
05-13 19:16:49.671 I/chatty  (  624): uid=1000(system) sensors@2.0-ser identical 8 lines
05-13 19:16:49.691 E/        (  624): MEMSIC  vir111 gyro algoRstGyro = 0 algoRst = 0
05-13 19:16:49.712 E/        (  624): MEMSICBEFORE compenstation MEMSIC memsic_log get_battery_current_now  = 395500 current_avg = 311600 current_chg = 0, charge_ret = 2 x y z 2.416900 -1.341700 -6.709900 
05-13 19:16:49.712 E/        (  624): MEMSIC  vir111 gyro algoRstGyro = 0 algoRst = 0
05-13 19:16:49.831 I/chatty  (  624): uid=1000(system) sensors@2.0-ser identical 6 lines
05-13 19:16:49.851 E/        (  624): MEMSIC  vir111 gyro algoRstGyro = 0 algoRst = 0
05-13 19:16:49.855 I/VoiceInputManagerWrapper( 3128): VoiceInputManagerWrapper.shutdownVoiceInternal():152 shutdownVoiceInternal() [RD]
05-13 19:16:49.856 W/NotificationCenter( 3128): NotificationCenter.unregisterListener():480 Listener iyp@f0bb5f3 was not registered for notification class pdy
05-13 19:16:49.871 E/        (  624): MEMSIC  vir111 gyro algoRstGyro = 0 algoRst = 0
05-13 19:16:49.891 E/        (  624): MEMSIC  vir111 gyro algoRstGyro = 0 algoRst = 0
05-13 19:16:49.912 E/        (  624): MEMSICBEFORE compenstation MEMSIC memsic_log get_battery_current_now  = 315000 current_avg = 311600 current_chg = 0, charge_ret = 2 x y z 2.412100 -1.338800 -6.709900 
05-13 19:16:49.912 E/        (  624): MEMSIC  vir111 gyro algoRstGyro = 0 algoRst = 0
