05-13 19:17:04.912 E/        (  624): MEMSICBEFORE compenstation MEMSIC memsic_log get_battery_current_now  = 336000 current_avg = 364600 current_chg = 0, charge_ret = 2 x y z 2.589800 -1.410100 -6.677700 
05-13 19:17:04.912 E/        (  624): MEMSIC  vir111 gyro algoRstGyro = 0 algoRst = 0
05-13 19:17:05.071 I/chatty  (  624): uid=1000(system) sensors@2.0-ser identical 8 lines
05-13 19:17:05.091 E/        (  624): MEMSIC  vir111 gyro algoRstGyro = 0 algoRst = 0
05-13 19:17:05.112 E/        (  624): MEMSICBEFORE compenstation MEMSIC memsic_log get_battery_current_now  = 358900 current_avg = 364600 current_chg = 0, charge_ret = 2 x y z 2.588800 -1.409100 -6.687500 
05-13 19:17:05.112 E/        (  624): MEMSIC  vir111 gyro algoRstGyro = 0 algoRst = 0
05-13 19:17:05.271 I/chatty  (  624): uid=1000(system) sensors@2.0-ser identical 8 lines
05-13 19:17:05.291 E/        (  624): MEMSIC  vir111 gyro algoRstGyro = 0 algoRst = 0
05-13 19:17:05.312 E/        (  624): MEMSICBEFORE compenstation MEMSIC memsic_log get_battery_current_now  = 410400 current_avg = 364600 current_chg = 0, charge_ret = 2 x y z 2.590800 -1.412100 -6.681600 
05-13 19:17:05.312 E/        (  624): MEMSIC  vir111 gyro algoRstGyro = 0 algoRst = 0
05-13 19:17:05.471 I/chatty  (  624): uid=1000(system) sensors@2.0-ser identical 8 lines
05-13 19:17:05.491 E/        (  624): MEMSIC  vir111 gyro algoRstGyro = 0 algoRst = 0
05-13 19:17:05.512 E/        (  624): MEMSICBEFORE compenstation MEMSIC memsic_log get_battery_current_now  = 365000 current_avg = 364600 current_chg = 0, charge_ret = 2 x y z 2.588800 -1.408200 -6.687500 
05-13 19:17:05.512 E/        (  624): MEMSIC  vir111 gyro algoRstGyro = 0 algoRst = 0
05-13 19:17:05.671 I/chatty  (  624): uid=1000(system) sensors@2.0-ser identical 8 lines
05-13 19:17:05.691 E/        (  624): MEMSIC  vir111 gyro algoRstGyro = 0 algoRst = 0
05-13 19:17:05.712 E/        (  624): MEMSICBEFORE compenstation MEMSIC memsic_log get_battery_current_now  = 353200 current_avg = 378000 current_chg = 0, charge_ret = 2 x y z 2.593700 -1.414000 -6.683500 
05-13 19:17:05.712 E/        (  624): MEMSIC  vir111 gyro algoRstGyro = 0 algoRst = 0
05-13 19:17:05.871 I/chatty  (  624): uid=1000(system) sensors@2.0-ser identical 8 lines
05-13 19:17:05.891 E/        (  624): MEMSIC  vir111 gyro algoRstGyro = 0 algoRst = 0
05-13 19:17:05.912 E/        (  624): MEMSICBEFORE compenstation MEMSIC memsic_log get_battery_current_now  = 315000 current_avg = 378000 current_chg = 0, charge_ret = 2 x y z 2.592700 -1.408200 -6.679600 
05-13 19:17:05.912 E/        (  624): MEMSIC  vir111 gyro algoRstGyro = 0 algoRst = 0
05-13 19:17:06.071 I/chatty  (  624): uid=1000(system) sensors@2.0-ser identical 8 lines
05-13 19:17:06.091 E/        (  624): MEMSIC  vir111 gyro algoRstGyro = 0 algoRst = 0
05-13 19:17:06.112 E/        (  624): MEMSICBEFORE compenstation MEMSIC memsic_log get_battery_current_now  = 372600 current_avg = 378000 current_chg = 0, charge_ret = 2 x y z 2.591700 -1.415000 -6.685500 
05-13 19:17:06.112 E/        (  624): MEMSIC  vir111 gyro algoRstGyro = 0 algoRst = 0
05-13 19:17:06.131 I/chatty  (  624): uid=1000(system) sensors@2.0-ser identical 1 line
05-13 19:17:06.151 E/        (  624): MEMSIC  vir111 gyro algoRstGyro = 0 algoRst = 0
05-13 19:17:06.161 I/BufferQueueProducer(  520): [StatusBar#0](this:0x78835fd000,id:5,api:1,p:1592,c:520) queueBuffer: fps=0.20 dur=4993.63 max=4993.63 min=4993.63
05-13 19:17:06.171 E/        (  624): MEMSIC  vir111 gyro algoRstGyro = 0 algoRst = 0
05-13 19:17:06.178 I/hwcomposer(  491): [HWCDisplay] [Display_0 (type:1)] fps:0.600038,dur:4999.68,max:4341.32,min:18.04  
05-13 19:17:06.182 I/SurfaceFlinger(  520): screenshot (host.exp.exponent/host.exp.exponent.experience.ExperienceActivity#1)
05-13 19:17:06.183 I/SurfaceFlinger(  520): screenshot (Dim Layer for - Task=2387#0)
05-13 19:17:06.191 E/        (  624): MEMSIC  vir111 gyro algoRstGyro = 0 algoRst = 0
05-13 19:17:06.271 I/chatty  (  624): uid=1000(system) sensors@2.0-ser identical 4 lines
05-13 19:17:06.291 E/        (  624): MEMSIC  vir111 gyro algoRstGyro = 0 algoRst = 0
05-13 19:17:06.312 E/        (  624): MEMSICBEFORE compenstation MEMSIC memsic_log get_battery_current_now  = 393200 current_avg = 378000 current_chg = 0, charge_ret = 2 x y z 2.588800 -1.412100 -6.676700 
05-13 19:17:06.312 E/        (  624): MEMSIC  vir111 gyro algoRstGyro = 0 algoRst = 0
05-13 19:17:06.471 I/chatty  (  624): uid=1000(system) sensors@2.0-ser identical 8 lines
05-13 19:17:06.491 E/        (  624): MEMSIC  vir111 gyro algoRstGyro = 0 algoRst = 0
05-13 19:17:06.512 E/        (  624): MEMSICBEFORE compenstation MEMSIC memsic_log get_battery_current_now  = 420700 current_avg = 378000 current_chg = 0, charge_ret = 2 x y z 2.594700 -1.417900 -6.677700 
05-13 19:17:06.512 E/        (  624): MEMSIC  vir111 gyro algoRstGyro = 0 algoRst = 0
05-13 19:17:06.520 E/WifiVendorHal( 1245): getWifiLinkLayerStats_1_3_Internal(l.927) failed {.code = ERROR_NOT_SUPPORTED, .description = }
05-13 19:17:06.531 E/        (  624): MEMSIC  vir111 gyro algoRstGyro = 0 algoRst = 0
05-13 19:17:06.565 I/chatty  ( 1245): uid=1000 system_server identical 8 lines
05-13 19:17:06.671 I/chatty  (  624): uid=1000(system) sensors@2.0-ser identical 7 lines
05-13 19:17:06.691 E/        (  624): MEMSIC  vir111 gyro algoRstGyro = 0 algoRst = 0
05-13 19:17:06.712 E/        (  624): MEMSICBEFORE compenstation MEMSIC memsic_log get_battery_current_now  = 397100 current_avg = 378000 current_chg = 0, charge_ret = 2 x y z 2.588800 -1.415000 -6.677700 
05-13 19:17:06.712 E/        (  624): MEMSIC  vir111 gyro algoRstGyro = 0 algoRst = 0
05-13 19:17:06.871 I/chatty  (  624): uid=1000(system) sensors@2.0-ser identical 8 lines
05-13 19:17:06.891 E/        (  624): MEMSIC  vir111 gyro algoRstGyro = 0 algoRst = 0
05-13 19:17:06.912 E/        (  624): MEMSICBEFORE compenstation MEMSIC memsic_log get_battery_current_now  = 394800 current_avg = 378000 current_chg = 0, charge_ret = 2 x y z 2.594700 -1.413000 -6.682600 
05-13 19:17:06.912 E/        (  624): MEMSIC  vir111 gyro algoRstGyro = 0 algoRst = 0
05-13 19:17:07.051 I/chatty  (  624): uid=1000(system) sensors@2.0-ser identical 7 lines
05-13 19:17:07.071 E/        (  624): MEMSIC  vir111 gyro algoRstGyro = 0 algoRst = 0
05-13 19:17:07.083 I/SurfaceFlinger(  520): screenshot (host.exp.exponent/host.exp.exponent.experience.ExperienceActivity#1)
05-13 19:17:07.083 I/SurfaceFlinger(  520): screenshot (Dim Layer for - Task=2387#0)
05-13 19:17:07.091 E/        (  624): MEMSIC  vir111 gyro algoRstGyro = 0 algoRst = 0
05-13 19:17:07.112 E/        (  624): MEMSICBEFORE compenstation MEMSIC memsic_log get_battery_current_now  = 333700 current_avg = 378000 current_chg = 0, charge_ret = 2 x y z 2.588800 -1.409100 -6.677700 
05-13 19:17:07.112 E/        (  624): MEMSIC  vir111 gyro algoRstGyro = 0 algoRst = 0
05-13 19:17:07.151 I/chatty  (  624): uid=1000(system) sensors@2.0-ser identical 2 lines
05-13 19:17:07.171 I/BufferQueueProducer(  520): [StatusBar#0](this:0x78835fd000,id:5,api:1,p:1592,c:520) queueBuffer: fps=6.93 dur=1009.81 max=904.54 min=15.83
05-13 19:17:07.171 E/        (  624): MEMSIC  vir111 gyro algoRstGyro = 0 algoRst = 0
05-13 19:17:07.180 I/hwcomposer(  491): [HWCDisplay] [Display_0 (type:1)] fps:6.989187,dur:1001.55,max:901.06,min:16.33  
05-13 19:17:07.183 I/SurfaceFlinger(  520): screenshot (host.exp.exponent/host.exp.exponent.experience.ExperienceActivity#1)
05-13 19:17:07.183 I/SurfaceFlinger(  520): screenshot (Dim Layer for - Task=2387#0)
05-13 19:17:07.191 E/        (  624): MEMSIC  vir111 gyro algoRstGyro = 0 algoRst = 0
05-13 19:17:07.251 I/chatty  (  624): uid=1000(system) sensors@2.0-ser identical 3 lines
05-13 19:17:07.271 E/        (  624): MEMSIC  vir111 gyro algoRstGyro = 0 algoRst = 0
05-13 19:17:07.283 I/SurfaceFlinger(  520): screenshot (host.exp.exponent/host.exp.exponent.experience.ExperienceActivity#1)
05-13 19:17:07.283 I/SurfaceFlinger(  520): screenshot (Dim Layer for - Task=2387#0)
05-13 19:17:07.291 E/        (  624): MEMSIC  vir111 gyro algoRstGyro = 0 algoRst = 0
05-13 19:17:07.312 E/        (  624): MEMSICBEFORE compenstation MEMSIC memsic_log get_battery_current_now  = 366500 current_avg = 378000 current_chg = 0, charge_ret = 2 x y z 2.593700 -1.408200 -6.684500 
05-13 19:17:07.312 E/        (  624): MEMSIC  vir111 gyro algoRstGyro = 0 algoRst = 0
05-13 19:17:07.371 I/chatty  (  624): uid=1000(system) sensors@2.0-ser identical 3 lines
05-13 19:17:07.391 E/        (  624): MEMSIC  vir111 gyro algoRstGyro = 0 algoRst = 0
05-13 19:17:07.401 I/SurfaceFlinger(  520): screenshot (host.exp.exponent/host.exp.exponent.experience.ExperienceActivity#1)
05-13 19:17:07.401 I/SurfaceFlinger(  520): screenshot (Dim Layer for - Task=2387#0)
05-13 19:17:07.411 E/        (  624): MEMSIC  vir111 gyro algoRstGyro = 0 algoRst = 0
05-13 19:17:07.471 I/chatty  (  624): uid=1000(system) sensors@2.0-ser identical 3 lines
05-13 19:17:07.491 E/        (  624): MEMSIC  vir111 gyro algoRstGyro = 0 algoRst = 0
05-13 19:17:07.512 E/        (  624): MEMSICBEFORE compenstation MEMSIC memsic_log get_battery_current_now  = 347900 current_avg = 378000 current_chg = 0, charge_ret = 2 x y z 2.591700 -1.412100 -6.678700 
05-13 19:17:07.512 E/        (  624): MEMSIC  vir111 gyro algoRstGyro = 0 algoRst = 0
05-13 19:17:07.525 I/MWN     ( 1245): Write 0 to node. type=Wi-Fi mSimExist=true mFlightMode=false
05-13 19:17:07.671 I/chatty  (  624): uid=1000(system) sensors@2.0-ser identical 8 lines
05-13 19:17:07.691 E/        (  624): MEMSIC  vir111 gyro algoRstGyro = 0 algoRst = 0
05-13 19:17:07.712 E/        (  624): MEMSICBEFORE compenstation MEMSIC memsic_log get_battery_current_now  = 408500 current_avg = 378000 current_chg = 0, charge_ret = 2 x y z 2.586900 -1.413000 -6.682600 
05-13 19:17:07.712 E/        (  624): MEMSIC  vir111 gyro algoRstGyro = 0 algoRst = 0
05-13 19:17:07.871 I/chatty  (  624): uid=1000(system) sensors@2.0-ser identical 8 lines
05-13 19:17:07.891 E/        (  624): MEMSIC  vir111 gyro algoRstGyro = 0 algoRst = 0
05-13 19:17:07.912 E/        (  624): MEMSICBEFORE compenstation MEMSIC memsic_log get_battery_current_now  = 425300 current_avg = 378000 current_chg = 0, charge_ret = 2 x y z 2.591700 -1.417900 -6.681600 
05-13 19:17:07.912 E/        (  624): MEMSIC  vir111 gyro algoRstGyro = 0 algoRst = 0
05-13 19:17:08.018 W/ContextImpl( 6759): Calling a method in the system process without a qualified user: android.app.ContextImpl.sendBroadcast:1062 android.content.ContextWrapper.sendBroadcast:448 com.transsion.powercenter.receiver.BatteryChangedReceiver.d:315 com.transsion.powercenter.receiver.BatteryChangedReceiver.c:307 com.transsion.powercenter.receiver.BatteryChangedReceiver.a:43 
05-13 19:17:08.051 I/chatty  (  624): uid=1000(system) sensors@2.0-ser identical 7 lines
05-13 19:17:08.071 E/        (  624): MEMSIC  vir111 gyro algoRstGyro = 0 algoRst = 0
05-13 19:17:08.082 I/System.out(16418): [socket]:check permission begin!
05-13 19:17:08.087 I/System.out(16418): [socket]:check permission begin!
05-13 19:17:08.089 I/System.out(16418): [socket]:check permission begin!
05-13 19:17:08.090 I/System.out(16418): [socket]:check permission begin!
05-13 19:17:08.091 E/        (  624): MEMSIC  vir111 gyro algoRstGyro = 0 algoRst = 0
05-13 19:17:08.093 I/System.out(16418): [socket]:check permission begin!
05-13 19:17:08.112 E/        (  624): MEMSICBEFORE compenstation MEMSIC memsic_log get_battery_current_now  = 326500 current_avg = 378000 current_chg = 0, charge_ret = 2 x y z 2.591700 -1.404200 -6.688400 
05-13 19:17:08.112 E/        (  624): MEMSIC  vir111 gyro algoRstGyro = 0 algoRst = 0
05-13 19:17:08.271 I/chatty  (  624): uid=1000(system) sensors@2.0-ser identical 8 lines
05-13 19:17:08.291 E/        (  624): MEMSIC  vir111 gyro algoRstGyro = 0 algoRst = 0
05-13 19:17:08.312 E/        (  624): MEMSICBEFORE compenstation MEMSIC memsic_log get_battery_current_now  = 391000 current_avg = 378000 current_chg = 0, charge_ret = 2 x y z 2.591700 -1.412100 -6.681600 
05-13 19:17:08.312 E/        (  624): MEMSIC  vir111 gyro algoRstGyro = 0 algoRst = 0
05-13 19:17:08.371 I/chatty  (  624): uid=1000(system) sensors@2.0-ser identical 3 lines
05-13 19:17:08.391 E/        (  624): MEMSIC  vir111 gyro algoRstGyro = 0 algoRst = 0
05-13 19:17:08.403 I/ADB_SERVICES(20402): service_to_fd shell:getprop
05-13 19:17:08.411 E/        (  624): MEMSIC  vir111 gyro algoRstGyro = 0 algoRst = 0
05-13 19:17:08.431 E/        (  624): MEMSIC  vir111 gyro algoRstGyro = 0 algoRst = 0
05-13 19:17:08.443 I/ADB_SERVICES(20402): post waitpid (pid=21141) status=0000
05-13 19:17:08.451 E/        (  624): MEMSIC  vir111 gyro algoRstGyro = 0 algoRst = 0
05-13 19:17:08.471 I/chatty  (  624): uid=1000(system) sensors@2.0-ser identical 1 line
05-13 19:17:08.491 E/        (  624): MEMSIC  vir111 gyro algoRstGyro = 0 algoRst = 0
05-13 19:17:08.512 E/        (  624): MEMSICBEFORE compenstation MEMSIC memsic_log get_battery_current_now  = 413800 current_avg = 378000 current_chg = 0, charge_ret = 2 x y z 2.591700 -1.411100 -6.682600 
05-13 19:17:08.512 E/        (  624): MEMSIC  vir111 gyro algoRstGyro = 0 algoRst = 0
05-13 19:17:08.671 I/chatty  (  624): uid=1000(system) sensors@2.0-ser identical 8 lines
05-13 19:17:08.691 E/        (  624): MEMSIC  vir111 gyro algoRstGyro = 0 algoRst = 0
05-13 19:17:08.712 E/        (  624): MEMSICBEFORE compenstation MEMSIC memsic_log get_battery_current_now  = 416100 current_avg = 378000 current_chg = 0, charge_ret = 2 x y z 2.590800 -1.411100 -6.681600 
05-13 19:17:08.712 E/        (  624): MEMSIC  vir111 gyro algoRstGyro = 0 algoRst = 0
05-13 19:17:08.871 I/chatty  (  624): uid=1000(system) sensors@2.0-ser identical 8 lines
05-13 19:17:08.891 E/        (  624): MEMSIC  vir111 gyro algoRstGyro = 0 algoRst = 0
05-13 19:17:08.912 E/        (  624): MEMSICBEFORE compenstation MEMSIC memsic_log get_battery_current_now  = 421500 current_avg = 378000 current_chg = 0, charge_ret = 2 x y z 2.588800 -1.413000 -6.678700 
05-13 19:17:08.912 E/        (  624): MEMSIC  vir111 gyro algoRstGyro = 0 algoRst = 0
05-13 19:17:09.071 I/chatty  (  624): uid=1000(system) sensors@2.0-ser identical 8 lines
05-13 19:17:09.091 E/        (  624): MEMSIC  vir111 gyro algoRstGyro = 0 algoRst = 0
05-13 19:17:09.112 E/        (  624): MEMSICBEFORE compenstation MEMSIC memsic_log get_battery_current_now  = 321100 current_avg = 378000 current_chg = 0, charge_ret = 2 x y z 2.594700 -1.413000 -6.681600 
05-13 19:17:09.112 E/        (  624): MEMSIC  vir111 gyro algoRstGyro = 0 algoRst = 0
05-13 19:17:09.191 I/chatty  (  624): uid=1000(system) sensors@2.0-ser identical 4 lines
05-13 19:17:09.211 E/        (  624): MEMSIC  vir111 gyro algoRstGyro = 0 algoRst = 0
05-13 19:17:09.228 I/netd    (  476): trafficSwapActiveStatsMap() <0.41ms>
05-13 19:17:09.231 E/        (  624): MEMSIC  vir111 gyro algoRstGyro = 0 algoRst = 0
05-13 19:17:09.271 I/chatty  (  624): uid=1000(system) sensors@2.0-ser identical 2 lines
05-13 19:17:09.291 E/        (  624): MEMSIC  vir111 gyro algoRstGyro = 0 algoRst = 0
05-13 19:17:09.312 E/        (  624): MEMSICBEFORE compenstation MEMSIC memsic_log get_battery_current_now  = 379100 current_avg = 378000 current_chg = 0, charge_ret = 2 x y z 2.590800 -1.416000 -6.674800 
05-13 19:17:09.312 E/        (  624): MEMSIC  vir111 gyro algoRstGyro = 0 algoRst = 0
05-13 19:17:09.471 I/chatty  (  624): uid=1000(system) sensors@2.0-ser identical 8 lines
05-13 19:17:09.491 E/        (  624): MEMSIC  vir111 gyro algoRstGyro = 0 algoRst = 0
05-13 19:17:09.512 E/        (  624): MEMSICBEFORE compenstation MEMSIC memsic_log get_battery_current_now  = 381400 current_avg = 378000 current_chg = 0, charge_ret = 2 x y z 2.593700 -1.412100 -6.682600 
05-13 19:17:09.512 E/        (  624): MEMSIC  vir111 gyro algoRstGyro = 0 algoRst = 0
05-13 19:17:09.531 E/        (  624): MEMSIC  vir111 gyro algoRstGyro = 0 algoRst = 0
05-13 19:17:09.534 E/WifiVendorHal( 1245): getWifiLinkLayerStats_1_3_Internal(l.927) failed {.code = ERROR_NOT_SUPPORTED, .description = }
05-13 19:17:09.551 E/        (  624): MEMSIC  vir111 gyro algoRstGyro = 0 algoRst = 0
05-13 19:17:09.671 I/chatty  (  624): uid=1000(system) sensors@2.0-ser identical 6 lines
05-13 19:17:09.691 E/        (  624): MEMSIC  vir111 gyro algoRstGyro = 0 algoRst = 0
05-13 19:17:09.712 E/        (  624): MEMSICBEFORE compenstation MEMSIC memsic_log get_battery_current_now  = 388300 current_avg = 379300 current_chg = 0, charge_ret = 2 x y z 2.586900 -1.414000 -6.685500 
05-13 19:17:09.712 E/        (  624): MEMSIC  vir111 gyro algoRstGyro = 0 algoRst = 0
05-13 19:17:09.871 I/chatty  (  624): uid=1000(system) sensors@2.0-ser identical 8 lines
05-13 19:17:09.891 E/        (  624): MEMSIC  vir111 gyro algoRstGyro = 0 algoRst = 0
05-13 19:17:09.912 E/        (  624): MEMSICBEFORE compenstation MEMSIC memsic_log get_battery_current_now  = 363100 current_avg = 379300 current_chg = 0, charge_ret = 2 x y z 2.589800 -1.416900 -6.681600 
05-13 19:17:09.912 E/        (  624): MEMSIC  vir111 gyro algoRstGyro = 0 algoRst = 0
05-13 19:17:10.071 I/chatty  (  624): uid=1000(system) sensors@2.0-ser identical 8 lines
05-13 19:17:10.091 E/        (  624): MEMSIC  vir111 gyro algoRstGyro = 0 algoRst = 0
05-13 19:17:10.112 E/        (  624): MEMSICBEFORE compenstation MEMSIC memsic_log get_battery_current_now  = 382200 current_avg = 379300 current_chg = 0, charge_ret = 2 x y z 2.590800 -1.411100 -6.679600 
05-13 19:17:10.112 E/        (  624): MEMSIC  vir111 gyro algoRstGyro = 0 algoRst = 0
05-13 19:17:10.271 I/chatty  (  624): uid=1000(system) sensors@2.0-ser identical 8 lines
05-13 19:17:10.291 E/        (  624): MEMSIC  vir111 gyro algoRstGyro = 0 algoRst = 0
05-13 19:17:10.312 E/        (  624): MEMSICBEFORE compenstation MEMSIC memsic_log get_battery_current_now  = 373800 current_avg = 379300 current_chg = 0, charge_ret = 2 x y z 2.590800 -1.414000 -6.683500 
05-13 19:17:10.312 E/        (  624): MEMSIC  vir111 gyro algoRstGyro = 0 algoRst = 0
05-13 19:17:10.471 I/chatty  (  624): uid=1000(system) sensors@2.0-ser identical 8 lines
05-13 19:17:10.491 E/        (  624): MEMSIC  vir111 gyro algoRstGyro = 0 algoRst = 0
05-13 19:17:10.512 E/        (  624): MEMSICBEFORE compenstation MEMSIC memsic_log get_battery_current_now  = 383300 current_avg = 379300 current_chg = 0, charge_ret = 2 x y z 2.593700 -1.413000 -6.684500 
05-13 19:17:10.512 E/        (  624): MEMSIC  vir111 gyro algoRstGyro = 0 algoRst = 0
05-13 19:17:10.671 I/chatty  (  624): uid=1000(system) sensors@2.0-ser identical 8 lines
05-13 19:17:10.691 E/        (  624): MEMSIC  vir111 gyro algoRstGyro = 0 algoRst = 0
05-13 19:17:10.709 I/[BIP]   (  989):  [BIP NL] event newlink match dev 0, interface index 31
05-13 19:17:10.709 I/[BIP]   (  989):  [BIP NL] the link status of interface(index:0) changes to 1
05-13 19:17:10.711 I/EthernetTracker( 1245): interfaceLinkStateChanged, iface: wlan0, up: true
05-13 19:17:10.712 I/netd    (  476): interfaceGetCfg("wlan0") <0.26ms>
05-13 19:17:10.713 E/        (  624): MEMSICBEFORE compenstation MEMSIC memsic_log get_battery_current_now  = 244100 current_avg = 379300 current_chg = 0, charge_ret = 2 x y z 2.587800 -1.396400 -6.688400 
05-13 19:17:10.713 E/        (  624): MEMSIC  vir111 gyro algoRstGyro = 0 algoRst = 0
05-13 19:17:10.871 I/chatty  (  624): uid=1000(system) sensors@2.0-ser identical 8 lines
05-13 19:17:10.891 E/        (  624): MEMSIC  vir111 gyro algoRstGyro = 0 algoRst = 0
05-13 19:17:10.912 E/        (  624): MEMSICBEFORE compenstation MEMSIC memsic_log get_battery_current_now  = 387500 current_avg = 379300 current_chg = 0, charge_ret = 2 x y z 2.590800 -1.412100 -6.678700 
05-13 19:17:10.912 E/        (  624): MEMSIC  vir111 gyro algoRstGyro = 0 algoRst = 0
05-13 19:17:11.071 I/chatty  (  624): uid=1000(system) sensors@2.0-ser identical 8 lines
05-13 19:17:11.091 E/        (  624): MEMSIC  vir111 gyro algoRstGyro = 0 algoRst = 0
05-13 19:17:11.112 E/        (  624): MEMSICBEFORE compenstation MEMSIC memsic_log get_battery_current_now  = 370700 current_avg = 379300 current_chg = 0, charge_ret = 2 x y z 2.592700 -1.413000 -6.685500 
05-13 19:17:11.113 E/        (  624): MEMSIC  vir111 gyro algoRstGyro = 0 algoRst = 0
05-13 19:17:11.151 I/chatty  (  624): uid=1000(system) sensors@2.0-ser identical 2 lines
05-13 19:17:11.171 E/        (  624): MEMSIC  vir111 gyro algoRstGyro = 0 algoRst = 0
05-13 19:17:11.172 I/BufferQueueProducer(  520): [StatusBar#0](this:0x78835fd000,id:5,api:1,p:1592,c:520) queueBuffer: fps=2.50 dur=4001.16 max=3849.19 min=14.63
05-13 19:17:11.181 I/hwcomposer(  491): [HWCDisplay] [Display_0 (type:1)] fps:2.499565,dur:4000.70,max:3849.79,min:16.42  
05-13 19:17:11.185 I/SurfaceFlinger(  520): screenshot (host.exp.exponent/host.exp.exponent.experience.ExperienceActivity#1)
05-13 19:17:11.185 I/SurfaceFlinger(  520): screenshot (Dim Layer for - Task=2387#0)
05-13 19:17:11.191 E/        (  624): MEMSIC  vir111 gyro algoRstGyro = 0 algoRst = 0
05-13 19:17:11.271 I/chatty  (  624): uid=1000(system) sensors@2.0-ser identical 4 lines
05-13 19:17:11.291 E/        (  624): MEMSIC  vir111 gyro algoRstGyro = 0 algoRst = 0
05-13 19:17:11.312 E/        (  624): MEMSICBEFORE compenstation MEMSIC memsic_log get_battery_current_now  = 400900 current_avg = 379300 current_chg = 0, charge_ret = 2 x y z 2.591700 -1.417900 -6.686500 
05-13 19:17:11.312 E/        (  624): MEMSIC  vir111 gyro algoRstGyro = 0 algoRst = 0
05-13 19:17:11.471 I/chatty  (  624): uid=1000(system) sensors@2.0-ser identical 8 lines
05-13 19:17:11.491 E/        (  624): MEMSIC  vir111 gyro algoRstGyro = 0 algoRst = 0
05-13 19:17:11.512 E/        (  624): MEMSICBEFORE compenstation MEMSIC memsic_log get_battery_current_now  = 395200 current_avg = 379300 current_chg = 0, charge_ret = 2 x y z 2.589800 -1.413000 -6.683500 
05-13 19:17:11.512 E/        (  624): MEMSIC  vir111 gyro algoRstGyro = 0 algoRst = 0
05-13 19:17:11.671 I/chatty  (  624): uid=1000(system) sensors@2.0-ser identical 8 lines
05-13 19:17:11.691 E/        (  624): MEMSIC  vir111 gyro algoRstGyro = 0 algoRst = 0
05-13 19:17:11.701 I/InputTransport(15204): Destroy ARC handle: 0x71360465a0
05-13 19:17:11.712 E/        (  624): MEMSICBEFORE compenstation MEMSIC memsic_log get_battery_current_now  = 335300 current_avg = 379300 current_chg = 0, charge_ret = 2 x y z 2.591700 -1.406200 -6.686500 
05-13 19:17:11.713 E/        (  624): MEMSIC  vir111 gyro algoRstGyro = 0 algoRst = 0
05-13 19:17:11.723 I/SurfaceFlinger(  520): screenshot (host.exp.exponent/host.exp.exponent.experience.ExperienceActivity#1)
05-13 19:17:11.723 I/SurfaceFlinger(  520): screenshot (Dim Layer for - Task=2387#0)
05-13 19:17:11.731 E/        (  624): MEMSIC  vir111 gyro algoRstGyro = 0 algoRst = 0
05-13 19:17:11.737 I/ActivityManager( 1245): Killing 20116:com.google.android.marvin.talkback/u0a157 (adj 975): empty #17
05-13 19:17:11.739 I/libprocessgroup( 1245): Successfully killed process cgroup uid 10157 pid 20116 in 0ms
05-13 19:17:11.751 E/        (  624): MEMSIC  vir111 gyro algoRstGyro = 0 algoRst = 0
05-13 19:17:11.771 E/        (  624): MEMSIC  vir111 gyro algoRstGyro = 0 algoRst = 0
05-13 19:17:11.773 I/Zygote  (  477): Process 20116 exited due to signal 9 (Killed)
05-13 19:17:11.791 E/        (  624): MEMSIC  vir111 gyro algoRstGyro = 0 algoRst = 0
05-13 19:17:11.811 I/chatty  (  624): uid=1000(system) sensors@2.0-ser identical 1 line
05-13 19:17:11.831 E/        (  624): MEMSIC  vir111 gyro algoRstGyro = 0 algoRst = 0
05-13 19:17:11.850 I/SurfaceFlinger(  520): screenshot (host.exp.exponent/host.exp.exponent.experience.ExperienceActivity#1)
05-13 19:17:11.850 I/SurfaceFlinger(  520): screenshot (Dim Layer for - Task=2387#0)
05-13 19:17:11.851 E/        (  624): MEMSIC  vir111 gyro algoRstGyro = 0 algoRst = 0
05-13 19:17:11.871 I/chatty  (  624): uid=1000(system) sensors@2.0-ser identical 1 line
05-13 19:17:11.891 E/        (  624): MEMSIC  vir111 gyro algoRstGyro = 0 algoRst = 0
05-13 19:17:11.912 E/        (  624): MEMSICBEFORE compenstation MEMSIC memsic_log get_battery_current_now  = 400900 current_avg = 379300 current_chg = 0, charge_ret = 2 x y z 2.589800 -1.412100 -6.681600 
05-13 19:17:11.912 E/        (  624): MEMSIC  vir111 gyro algoRstGyro = 0 algoRst = 0
05-13 19:17:12.071 I/chatty  (  624): uid=1000(system) sensors@2.0-ser identical 8 lines
05-13 19:17:12.091 E/        (  624): MEMSIC  vir111 gyro algoRstGyro = 0 algoRst = 0
05-13 19:17:12.112 E/        (  624): MEMSICBEFORE compenstation MEMSIC memsic_log get_battery_current_now  = 406200 current_avg = 379300 current_chg = 0, charge_ret = 2 x y z 2.593700 -1.414000 -6.680600 
05-13 19:17:12.112 E/        (  624): MEMSIC  vir111 gyro algoRstGyro = 0 algoRst = 0
05-13 19:17:12.271 I/chatty  (  624): uid=1000(system) sensors@2.0-ser identical 8 lines
05-13 19:17:12.291 E/        (  624): MEMSIC  vir111 gyro algoRstGyro = 0 algoRst = 0
05-13 19:17:12.312 E/        (  624): MEMSICBEFORE compenstation MEMSIC memsic_log get_battery_current_now  = 341000 current_avg = 379300 current_chg = 0, charge_ret = 2 x y z 2.593700 -1.411100 -6.681600 
05-13 19:17:12.312 E/        (  624): MEMSIC  vir111 gyro algoRstGyro = 0 algoRst = 0
05-13 19:17:12.471 I/chatty  (  624): uid=1000(system) sensors@2.0-ser identical 8 lines
05-13 19:17:12.491 E/        (  624): MEMSIC  vir111 gyro algoRstGyro = 0 algoRst = 0
05-13 19:17:12.512 E/        (  624): MEMSICBEFORE compenstation MEMSIC memsic_log get_battery_current_now  = 428300 current_avg = 379300 current_chg = 0, charge_ret = 2 x y z 2.591700 -1.413000 -6.682600 
05-13 19:17:12.512 E/        (  624): MEMSIC  vir111 gyro algoRstGyro = 0 algoRst = 0
05-13 19:17:12.531 E/        (  624): MEMSIC  vir111 gyro algoRstGyro = 0 algoRst = 0
05-13 19:17:12.544 E/WifiVendorHal( 1245): getWifiLinkLayerStats_1_3_Internal(l.927) failed {.code = ERROR_NOT_SUPPORTED, .description = }
05-13 19:17:12.551 E/        (  624): MEMSIC  vir111 gyro algoRstGyro = 0 algoRst = 0
05-13 19:17:12.648 I/MWN     ( 1245): Write 0 to node. type=Wi-Fi mSimExist=true mFlightMode=false
05-13 19:17:12.671 I/chatty  (  624): uid=1000(system) sensors@2.0-ser identical 6 lines
05-13 19:17:12.691 E/        (  624): MEMSIC  vir111 gyro algoRstGyro = 0 algoRst = 0
05-13 19:17:12.712 E/        (  624): MEMSICBEFORE compenstation MEMSIC memsic_log get_battery_current_now  = 410000 current_avg = 379300 current_chg = 0, charge_ret = 2 x y z 2.590800 -1.416000 -6.681600 
05-13 19:17:12.712 E/        (  624): MEMSIC  vir111 gyro algoRstGyro = 0 algoRst = 0
05-13 19:17:12.871 I/chatty  (  624): uid=1000(system) sensors@2.0-ser identical 8 lines
05-13 19:17:12.891 E/        (  624): MEMSIC  vir111 gyro algoRstGyro = 0 algoRst = 0
05-13 19:17:12.912 E/        (  624): MEMSICBEFORE compenstation MEMSIC memsic_log get_battery_current_now  = 390200 current_avg = 379300 current_chg = 0, charge_ret = 2 x y z 2.592700 -1.415000 -6.683500 
05-13 19:17:12.912 E/        (  624): MEMSIC  vir111 gyro algoRstGyro = 0 algoRst = 0
05-13 19:17:13.071 I/chatty  (  624): uid=1000(system) sensors@2.0-ser identical 8 lines
05-13 19:17:13.091 E/        (  624): MEMSIC  vir111 gyro algoRstGyro = 0 algoRst = 0
05-13 19:17:13.112 E/        (  624): MEMSICBEFORE compenstation MEMSIC memsic_log get_battery_current_now  = 400100 current_avg = 379300 current_chg = 0, charge_ret = 2 x y z 2.590800 -1.416000 -6.680600 
05-13 19:17:13.112 E/        (  624): MEMSIC  vir111 gyro algoRstGyro = 0 algoRst = 0
05-13 19:17:13.271 I/chatty  (  624): uid=1000(system) sensors@2.0-ser identical 8 lines
05-13 19:17:13.291 E/        (  624): MEMSIC  vir111 gyro algoRstGyro = 0 algoRst = 0
05-13 19:17:13.312 E/        (  624): MEMSICBEFORE compenstation MEMSIC memsic_log get_battery_current_now  = 308900 current_avg = 379300 current_chg = 0, charge_ret = 2 x y z 2.590800 -1.403300 -6.681600 
05-13 19:17:13.312 E/        (  624): MEMSIC  vir111 gyro algoRstGyro = 0 algoRst = 0
05-13 19:17:13.471 I/chatty  (  624): uid=1000(system) sensors@2.0-ser identical 8 lines
05-13 19:17:13.491 E/        (  624): MEMSIC  vir111 gyro algoRstGyro = 0 algoRst = 0
05-13 19:17:13.512 E/        (  624): MEMSICBEFORE compenstation MEMSIC memsic_log get_battery_current_now  = 374900 current_avg = 379300 current_chg = 0, charge_ret = 2 x y z 2.591700 -1.411100 -6.681600 
05-13 19:17:13.512 E/        (  624): MEMSIC  vir111 gyro algoRstGyro = 0 algoRst = 0
05-13 19:17:13.671 I/chatty  (  624): uid=1000(system) sensors@2.0-ser identical 8 lines
05-13 19:17:13.691 E/        (  624): MEMSIC  vir111 gyro algoRstGyro = 0 algoRst = 0
05-13 19:17:13.712 E/        (  624): MEMSICBEFORE compenstation MEMSIC memsic_log get_battery_current_now  = 394800 current_avg = 379900 current_chg = 0, charge_ret = 2 x y z 2.591700 -1.409100 -6.684500 
05-13 19:17:13.712 E/        (  624): MEMSIC  vir111 gyro algoRstGyro = 0 algoRst = 0
05-13 19:17:13.871 I/chatty  (  624): uid=1000(system) sensors@2.0-ser identical 8 lines
05-13 19:17:13.891 E/        (  624): MEMSIC  vir111 gyro algoRstGyro = 0 algoRst = 0
05-13 19:17:13.912 E/        (  624): MEMSICBEFORE compenstation MEMSIC memsic_log get_battery_current_now  = 326100 current_avg = 379900 current_chg = 0, charge_ret = 2 x y z 2.595700 -1.414000 -6.680600 
05-13 19:17:13.912 E/        (  624): MEMSIC  vir111 gyro algoRstGyro = 0 algoRst = 0
05-13 19:17:13.931 I/chatty  (  624): uid=1000(system) sensors@2.0-ser identical 1 line
05-13 19:17:13.951 E/        (  624): MEMSIC  vir111 gyro algoRstGyro = 0 algoRst = 0
05-13 19:17:13.968 I/thermal_repeater(  627): [recvMdThermalInfo] ret=29, strLen=127,  3, 45, -50, -28361, 32767, 0
05-13 19:17:13.971 E/        (  624): MEMSIC  vir111 gyro algoRstGyro = 0 algoRst = 0
05-13 19:17:14.071 I/chatty  (  624): uid=1000(system) sensors@2.0-ser identical 5 lines
05-13 19:17:14.091 E/        (  624): MEMSIC  vir111 gyro algoRstGyro = 0 algoRst = 0
05-13 19:17:14.112 E/        (  624): MEMSICBEFORE compenstation MEMSIC memsic_log get_battery_current_now  = 421900 current_avg = 379900 current_chg = 0, charge_ret = 2 x y z 2.590800 -1.414000 -6.686500 
05-13 19:17:14.112 E/        (  624): MEMSIC  vir111 gyro algoRstGyro = 0 algoRst = 0
05-13 19:17:14.271 I/chatty  (  624): uid=1000(system) sensors@2.0-ser identical 8 lines
05-13 19:17:14.291 E/        (  624): MEMSIC  vir111 gyro algoRstGyro = 0 algoRst = 0
05-13 19:17:14.312 E/        (  624): MEMSICBEFORE compenstation MEMSIC memsic_log get_battery_current_now  = 402800 current_avg = 379900 current_chg = 0, charge_ret = 2 x y z 2.590800 -1.416000 -6.686500 
05-13 19:17:14.312 E/        (  624): MEMSIC  vir111 gyro algoRstGyro = 0 algoRst = 0
05-13 19:17:14.471 I/chatty  (  624): uid=1000(system) sensors@2.0-ser identical 8 lines
05-13 19:17:14.491 E/        (  624): MEMSIC  vir111 gyro algoRstGyro = 0 algoRst = 0
05-13 19:17:14.512 E/        (  624): MEMSICBEFORE compenstation MEMSIC memsic_log get_battery_current_now  = 416100 current_avg = 379900 current_chg = 0, charge_ret = 2 x y z 2.588800 -1.413000 -6.685500 
05-13 19:17:14.512 E/        (  624): MEMSIC  vir111 gyro algoRstGyro = 0 algoRst = 0
05-13 19:17:14.531 E/        (  624): MEMSIC  vir111 gyro algoRstGyro = 0 algoRst = 0
05-13 19:17:14.545 E/Athena  (16838): ------------------------------------------------------------
05-13 19:17:14.545 E/Athena  (16838): 
05-13 19:17:14.545 E/Athena  (16838): Athena is in DEBUG or TEST mode, should not release this APK [com.android.settings]
05-13 19:17:14.545 E/Athena  (16838): 
05-13 19:17:14.545 E/Athena  (16838): ------------------------------------------------------------
05-13 19:17:14.551 E/        (  624): MEMSIC  vir111 gyro algoRstGyro = 0 algoRst = 0
05-13 19:17:14.671 I/chatty  (  624): uid=1000(system) sensors@2.0-ser identical 6 lines
05-13 19:17:14.691 E/        (  624): MEMSIC  vir111 gyro algoRstGyro = 0 algoRst = 0
05-13 19:17:14.712 E/        (  624): MEMSICBEFORE compenstation MEMSIC memsic_log get_battery_current_now  = 418800 current_avg = 379900 current_chg = 0, charge_ret = 2 x y z 2.593700 -1.415000 -6.682600 
05-13 19:17:14.712 E/        (  624): MEMSIC  vir111 gyro algoRstGyro = 0 algoRst = 0
05-13 19:17:14.871 I/chatty  (  624): uid=1000(system) sensors@2.0-ser identical 8 lines
05-13 19:17:14.891 E/        (  624): MEMSIC  vir111 gyro algoRstGyro = 0 algoRst = 0
05-13 19:17:14.912 E/        (  624): MEMSICBEFORE compenstation MEMSIC memsic_log get_battery_current_now  = 368100 current_avg = 379900 current_chg = 0, charge_ret = 2 x y z 2.592700 -1.405200 -6.690400 
05-13 19:17:14.912 E/        (  624): MEMSIC  vir111 gyro algoRstGyro = 0 algoRst = 0
05-13 19:17:15.071 I/chatty  (  624): uid=1000(system) sensors@2.0-ser identical 8 lines
05-13 19:17:15.091 E/        (  624): MEMSIC  vir111 gyro algoRstGyro = 0 algoRst = 0
05-13 19:17:15.112 E/        (  624): MEMSICBEFORE compenstation MEMSIC memsic_log get_battery_current_now  = 374900 current_avg = 379900 current_chg = 0, charge_ret = 2 x y z 2.589800 -1.413000 -6.680600 
05-13 19:17:15.112 E/        (  624): MEMSIC  vir111 gyro algoRstGyro = 0 algoRst = 0
05-13 19:17:15.271 I/chatty  (  624): uid=1000(system) sensors@2.0-ser identical 8 lines
05-13 19:17:15.291 E/        (  624): MEMSIC  vir111 gyro algoRstGyro = 0 algoRst = 0
05-13 19:17:15.312 E/        (  624): MEMSICBEFORE compenstation MEMSIC memsic_log get_battery_current_now  = 384100 current_avg = 379900 current_chg = 0, charge_ret = 2 x y z 2.593700 -1.411100 -6.679600 
05-13 19:17:15.312 E/        (  624): MEMSIC  vir111 gyro algoRstGyro = 0 algoRst = 0
05-13 19:17:15.471 I/chatty  (  624): uid=1000(system) sensors@2.0-ser identical 8 lines
05-13 19:17:15.491 E/        (  624): MEMSIC  vir111 gyro algoRstGyro = 0 algoRst = 0
05-13 19:17:15.512 E/        (  624): MEMSICBEFORE compenstation MEMSIC memsic_log get_battery_current_now  = 325300 current_avg = 379900 current_chg = 0, charge_ret = 2 x y z 2.595700 -1.407200 -6.683500 
05-13 19:17:15.512 E/        (  624): MEMSIC  vir111 gyro algoRstGyro = 0 algoRst = 0
05-13 19:17:15.531 I/chatty  (  624): uid=1000(system) sensors@2.0-ser identical 1 line
05-13 19:17:15.551 E/        (  624): MEMSIC  vir111 gyro algoRstGyro = 0 algoRst = 0
05-13 19:17:15.560 E/WifiVendorHal( 1245): getWifiLinkLayerStats_1_3_Internal(l.927) failed {.code = ERROR_NOT_SUPPORTED, .description = }
05-13 19:17:15.571 E/        (  624): MEMSIC  vir111 gyro algoRstGyro = 0 algoRst = 0
05-13 19:17:15.671 I/chatty  (  624): uid=1000(system) sensors@2.0-ser identical 5 lines
05-13 19:17:15.691 E/        (  624): MEMSIC  vir111 gyro algoRstGyro = 0 algoRst = 0
05-13 19:17:15.712 E/        (  624): MEMSICBEFORE compenstation MEMSIC memsic_log get_battery_current_now  = 376500 current_avg = 379900 current_chg = 0, charge_ret = 2 x y z 2.592700 -1.413000 -6.678700 
05-13 19:17:15.712 E/        (  624): MEMSIC  vir111 gyro algoRstGyro = 0 algoRst = 0
05-13 19:17:15.871 I/chatty  (  624): uid=1000(system) sensors@2.0-ser identical 8 lines
05-13 19:17:15.891 E/        (  624): MEMSIC  vir111 gyro algoRstGyro = 0 algoRst = 0
05-13 19:17:15.912 E/        (  624): MEMSICBEFORE compenstation MEMSIC memsic_log get_battery_current_now  = 404300 current_avg = 379900 current_chg = 0, charge_ret = 2 x y z 2.595700 -1.413000 -6.680600 
05-13 19:17:15.912 E/        (  624): MEMSIC  vir111 gyro algoRstGyro = 0 algoRst = 0
05-13 19:17:16.071 I/chatty  (  624): uid=1000(system) sensors@2.0-ser identical 8 lines
05-13 19:17:16.091 E/        (  624): MEMSIC  vir111 gyro algoRstGyro = 0 algoRst = 0
05-13 19:17:16.112 E/        (  624): MEMSICBEFORE compenstation MEMSIC memsic_log get_battery_current_now  = 384900 current_avg = 379900 current_chg = 0, charge_ret = 2 x y z 2.593700 -1.414000 -6.681600 
05-13 19:17:16.112 E/        (  624): MEMSIC  vir111 gyro algoRstGyro = 0 algoRst = 0
05-13 19:17:16.151 I/chatty  (  624): uid=1000(system) sensors@2.0-ser identical 2 lines
05-13 19:17:16.171 E/        (  624): MEMSIC  vir111 gyro algoRstGyro = 0 algoRst = 0
05-13 19:17:16.172 I/BufferQueueProducer(  520): [StatusBar#0](this:0x78835fd000,id:5,api:1,p:1592,c:520) queueBuffer: fps=0.20 dur=5000.32 max=5000.32 min=5000.32
05-13 19:17:16.181 I/hwcomposer(  491): [HWCDisplay] [Display_0 (type:1)] fps:0.599942,dur:5000.49,max:4443.22,min:18.46  
05-13 19:17:16.186 I/SurfaceFlinger(  520): screenshot (host.exp.exponent/host.exp.exponent.experience.ExperienceActivity#1)
05-13 19:17:16.186 I/SurfaceFlinger(  520): screenshot (Dim Layer for - Task=2387#0)
05-13 19:17:16.191 E/        (  624): MEMSIC  vir111 gyro algoRstGyro = 0 algoRst = 0
05-13 19:17:16.271 I/chatty  (  624): uid=1000(system) sensors@2.0-ser identical 4 lines
05-13 19:17:16.291 E/        (  624): MEMSIC  vir111 gyro algoRstGyro = 0 algoRst = 0
05-13 19:17:16.312 E/        (  624): MEMSICBEFORE compenstation MEMSIC memsic_log get_battery_current_now  = 400100 current_avg = 379900 current_chg = 0, charge_ret = 2 x y z 2.591700 -1.413000 -6.684500 
05-13 19:17:16.312 E/        (  624): MEMSIC  vir111 gyro algoRstGyro = 0 algoRst = 0
05-13 19:17:16.471 I/chatty  (  624): uid=1000(system) sensors@2.0-ser identical 8 lines
05-13 19:17:16.491 E/        (  624): MEMSIC  vir111 gyro algoRstGyro = 0 algoRst = 0
05-13 19:17:16.512 E/        (  624): MEMSICBEFORE compenstation MEMSIC memsic_log get_battery_current_now  = 345200 current_avg = 379900 current_chg = 0, charge_ret = 2 x y z 2.588800 -1.408200 -6.683500 
05-13 19:17:16.512 E/        (  624): MEMSIC  vir111 gyro algoRstGyro = 0 algoRst = 0
05-13 19:17:16.671 I/chatty  (  624): uid=1000(system) sensors@2.0-ser identical 8 lines
05-13 19:17:16.691 E/        (  624): MEMSIC  vir111 gyro algoRstGyro = 0 algoRst = 0
05-13 19:17:16.711 E/        (  624): MEMSICBEFORE compenstation MEMSIC memsic_log get_battery_current_now  = 376500 current_avg = 379900 current_chg = 0, charge_ret = 2 x y z 2.585900 -1.408200 -6.684500 
05-13 19:17:16.712 E/        (  624): MEMSIC  vir111 gyro algoRstGyro = 0 algoRst = 0
05-13 19:17:16.871 I/chatty  (  624): uid=1000(system) sensors@2.0-ser identical 8 lines
05-13 19:17:16.891 E/        (  624): MEMSIC  vir111 gyro algoRstGyro = 0 algoRst = 0
05-13 19:17:16.912 E/        (  624): MEMSICBEFORE compenstation MEMSIC memsic_log get_battery_current_now  = 393600 current_avg = 379900 current_chg = 0, charge_ret = 2 x y z 2.587800 -1.416000 -6.684500 
05-13 19:17:16.912 E/        (  624): MEMSIC  vir111 gyro algoRstGyro = 0 algoRst = 0
05-13 19:17:17.071 I/chatty  (  624): uid=1000(system) sensors@2.0-ser identical 8 lines
05-13 19:17:17.091 E/        (  624): MEMSIC  vir111 gyro algoRstGyro = 0 algoRst = 0
05-13 19:17:17.112 E/        (  624): MEMSICBEFORE compenstation MEMSIC memsic_log get_battery_current_now  = 373400 current_avg = 379900 current_chg = 0, charge_ret = 2 x y z 2.589800 -1.407200 -6.681600 
05-13 19:17:17.112 E/        (  624): MEMSIC  vir111 gyro algoRstGyro = 0 algoRst = 0
05-13 19:17:17.271 I/chatty  (  624): uid=1000(system) sensors@2.0-ser identical 8 lines
05-13 19:17:17.291 E/        (  624): MEMSIC  vir111 gyro algoRstGyro = 0 algoRst = 0
05-13 19:17:17.312 E/        (  624): MEMSICBEFORE compenstation MEMSIC memsic_log get_battery_current_now  = 423800 current_avg = 379900 current_chg = 0, charge_ret = 2 x y z 2.586900 -1.412100 -6.683500 
05-13 19:17:17.312 E/        (  624): MEMSIC  vir111 gyro algoRstGyro = 0 algoRst = 0
05-13 19:17:17.471 I/chatty  (  624): uid=1000(system) sensors@2.0-ser identical 8 lines
05-13 19:17:17.491 E/        (  624): MEMSIC  vir111 gyro algoRstGyro = 0 algoRst = 0
05-13 19:17:17.512 E/        (  624): MEMSICBEFORE compenstation MEMSIC memsic_log get_battery_current_now  = 428300 current_avg = 379900 current_chg = 0, charge_ret = 2 x y z 2.591700 -1.417900 -6.683500 
05-13 19:17:17.512 E/        (  624): MEMSIC  vir111 gyro algoRstGyro = 0 algoRst = 0
05-13 19:17:17.671 I/chatty  (  624): uid=1000(system) sensors@2.0-ser identical 8 lines
05-13 19:17:17.691 E/        (  624): MEMSIC  vir111 gyro algoRstGyro = 0 algoRst = 0
05-13 19:17:17.712 E/        (  624): MEMSICBEFORE compenstation MEMSIC memsic_log get_battery_current_now  = 411900 current_avg = 381400 current_chg = 0, charge_ret = 2 x y z 2.596600 -1.413000 -6.683500 
05-13 19:17:17.712 E/        (  624): MEMSIC  vir111 gyro algoRstGyro = 0 algoRst = 0
05-13 19:17:17.765 I/chatty  ( 1245): uid=1000 system_server identical 1 line
05-13 19:17:17.871 I/chatty  (  624): uid=1000(system) sensors@2.0-ser identical 8 lines
05-13 19:17:17.891 E/        (  624): MEMSIC  vir111 gyro algoRstGyro = 0 algoRst = 0
05-13 19:17:17.912 E/        (  624): MEMSICBEFORE compenstation MEMSIC memsic_log get_battery_current_now  = 418800 current_avg = 381400 current_chg = 0, charge_ret = 2 x y z 2.587800 -1.412100 -6.683500 
05-13 19:17:17.912 E/        (  624): MEMSIC  vir111 gyro algoRstGyro = 0 algoRst = 0
05-13 19:17:18.071 I/chatty  (  624): uid=1000(system) sensors@2.0-ser identical 8 lines
05-13 19:17:18.091 E/        (  624): MEMSIC  vir111 gyro algoRstGyro = 0 algoRst = 0
05-13 19:17:18.112 E/        (  624): MEMSICBEFORE compenstation MEMSIC memsic_log get_battery_current_now  = 373800 current_avg = 381400 current_chg = 0, charge_ret = 2 x y z 2.589800 -1.411100 -6.683500 
05-13 19:17:18.112 E/        (  624): MEMSIC  vir111 gyro algoRstGyro = 0 algoRst = 0
05-13 19:17:18.271 I/chatty  (  624): uid=1000(system) sensors@2.0-ser identical 8 lines
05-13 19:17:18.291 E/        (  624): MEMSIC  vir111 gyro algoRstGyro = 0 algoRst = 0
05-13 19:17:18.312 E/        (  624): MEMSICBEFORE compenstation MEMSIC memsic_log get_battery_current_now  = 419600 current_avg = 381400 current_chg = 0, charge_ret = 2 x y z 2.590800 -1.412100 -6.684500 
05-13 19:17:18.312 E/        (  624): MEMSIC  vir111 gyro algoRstGyro = 0 algoRst = 0
05-13 19:17:18.471 I/chatty  (  624): uid=1000(system) sensors@2.0-ser identical 8 lines
05-13 19:17:18.491 E/        (  624): MEMSIC  vir111 gyro algoRstGyro = 0 algoRst = 0
05-13 19:17:18.512 E/        (  624): MEMSICBEFORE compenstation MEMSIC memsic_log get_battery_current_now  = 423800 current_avg = 381400 current_chg = 0, charge_ret = 2 x y z 2.592700 -1.412100 -6.685500 
05-13 19:17:18.512 E/        (  624): MEMSIC  vir111 gyro algoRstGyro = 0 algoRst = 0
05-13 19:17:18.551 I/chatty  (  624): uid=1000(system) sensors@2.0-ser identical 2 lines
05-13 19:17:18.571 E/        (  624): MEMSIC  vir111 gyro algoRstGyro = 0 algoRst = 0
05-13 19:17:18.576 E/WifiVendorHal( 1245): getWifiLinkLayerStats_1_3_Internal(l.927) failed {.code = ERROR_NOT_SUPPORTED, .description = }
05-13 19:17:18.591 E/        (  624): MEMSIC  vir111 gyro algoRstGyro = 0 algoRst = 0
05-13 19:17:18.611 E/        (  624): MEMSIC  vir111 gyro algoRstGyro = 0 algoRst = 0
05-13 19:17:18.626 I/BufferQueueProducer(  520): [StatusBar#0](this:0x78835fd000,id:5,api:1,p:1592,c:520) queueBuffer: fps=0.41 dur=2453.74 max=2453.74 min=2453.74
05-13 19:17:18.631 E/        (  624): MEMSIC  vir111 gyro algoRstGyro = 0 algoRst = 0
05-13 19:17:18.641 I/hwcomposer(  491): [HWCDisplay] [Display_0 (type:1)] fps:0.406553,dur:2459.71,max:2459.71,min:2459.71  
05-13 19:17:18.645 I/SurfaceFlinger(  520): screenshot (host.exp.exponent/host.exp.exponent.experience.ExperienceActivity#1)
05-13 19:17:18.645 I/SurfaceFlinger(  520): screenshot (Dim Layer for - Task=2387#0)
05-13 19:17:18.651 E/        (  624): MEMSIC  vir111 gyro algoRstGyro = 0 algoRst = 0
05-13 19:17:18.671 I/chatty  (  624): uid=1000(system) sensors@2.0-ser identical 1 line
05-13 19:17:18.691 E/        (  624): MEMSIC  vir111 gyro algoRstGyro = 0 algoRst = 0
05-13 19:17:18.712 E/        (  624): MEMSICBEFORE compenstation MEMSIC memsic_log get_battery_current_now  = 346300 current_avg = 381400 current_chg = 0, charge_ret = 2 x y z 2.589800 -1.406200 -6.686500 
05-13 19:17:18.712 E/        (  624): MEMSIC  vir111 gyro algoRstGyro = 0 algoRst = 0
05-13 19:17:18.726 I/MWN     ( 1245): Write 0 to node. type=Wi-Fi mSimExist=true mFlightMode=false
05-13 19:17:18.751 I/chatty  (  624): uid=1000(system) sensors@2.0-ser identical 2 lines
05-13 19:17:18.771 E/        (  624): MEMSIC  vir111 gyro algoRstGyro = 0 algoRst = 0
05-13 19:17:18.775 I/SurfaceFlinger(  520): screenshot (host.exp.exponent/host.exp.exponent.experience.ExperienceActivity#1)
05-13 19:17:18.775 I/SurfaceFlinger(  520): screenshot (Dim Layer for - Task=2387#0)
05-13 19:17:18.791 E/        (  624): MEMSIC  vir111 gyro algoRstGyro = 0 algoRst = 0
05-13 19:17:18.871 I/chatty  (  624): uid=1000(system) sensors@2.0-ser identical 4 lines
05-13 19:17:18.891 E/        (  624): MEMSIC  vir111 gyro algoRstGyro = 0 algoRst = 0
05-13 19:17:18.912 E/        (  624): MEMSICBEFORE compenstation MEMSIC memsic_log get_battery_current_now  = 416500 current_avg = 381400 current_chg = 0, charge_ret = 2 x y z 2.593700 -1.416000 -6.685500 
05-13 19:17:18.912 E/        (  624): MEMSIC  vir111 gyro algoRstGyro = 0 algoRst = 0
05-13 19:17:19.071 I/chatty  (  624): uid=1000(system) sensors@2.0-ser identical 8 lines
05-13 19:17:19.091 E/        (  624): MEMSIC  vir111 gyro algoRstGyro = 0 algoRst = 0
05-13 19:17:19.112 E/        (  624): MEMSICBEFORE compenstation MEMSIC memsic_log get_battery_current_now  = 377200 current_avg = 381400 current_chg = 0, charge_ret = 2 x y z 2.586900 -1.414000 -6.686500 
05-13 19:17:19.112 E/        (  624): MEMSIC  vir111 gyro algoRstGyro = 0 algoRst = 0
05-13 19:17:19.191 I/chatty  (  624): uid=1000(system) sensors@2.0-ser identical 4 lines
05-13 19:17:19.211 E/        (  624): MEMSIC  vir111 gyro algoRstGyro = 0 algoRst = 0
05-13 19:17:19.231 I/netd    (  476): trafficSwapActiveStatsMap() <0.43ms>
05-13 19:17:19.231 E/        (  624): MEMSIC  vir111 gyro algoRstGyro = 0 algoRst = 0
05-13 19:17:19.271 I/chatty  (  624): uid=1000(system) sensors@2.0-ser identical 2 lines
05-13 19:17:19.291 E/        (  624): MEMSIC  vir111 gyro algoRstGyro = 0 algoRst = 0
05-13 19:17:19.312 E/        (  624): MEMSICBEFORE compenstation MEMSIC memsic_log get_battery_current_now  = 414200 current_avg = 381400 current_chg = 0, charge_ret = 2 x y z 2.592700 -1.414000 -6.685500 
05-13 19:17:19.312 E/        (  624): MEMSIC  vir111 gyro algoRstGyro = 0 algoRst = 0
05-13 19:17:19.471 I/chatty  (  624): uid=1000(system) sensors@2.0-ser identical 8 lines
05-13 19:17:19.491 E/        (  624): MEMSIC  vir111 gyro algoRstGyro = 0 algoRst = 0
05-13 19:17:19.512 E/        (  624): MEMSICBEFORE compenstation MEMSIC memsic_log get_battery_current_now  = 377600 current_avg = 381400 current_chg = 0, charge_ret = 2 x y z 2.594700 -1.416900 -6.682600 
05-13 19:17:19.512 E/        (  624): MEMSIC  vir111 gyro algoRstGyro = 0 algoRst = 0
05-13 19:17:19.671 I/chatty  (  624): uid=1000(system) sensors@2.0-ser identical 8 lines
05-13 19:17:19.691 E/        (  624): MEMSIC  vir111 gyro algoRstGyro = 0 algoRst = 0
05-13 19:17:19.712 E/        (  624): MEMSICBEFORE compenstation MEMSIC memsic_log get_battery_current_now  = 312400 current_avg = 381400 current_chg = 0, charge_ret = 2 x y z 2.591700 -1.403300 -6.678700 
05-13 19:17:19.712 E/        (  624): MEMSIC  vir111 gyro algoRstGyro = 0 algoRst = 0
05-13 19:17:19.871 I/chatty  (  624): uid=1000(system) sensors@2.0-ser identical 8 lines
05-13 19:17:19.891 E/        (  624): MEMSIC  vir111 gyro algoRstGyro = 0 algoRst = 0
05-13 19:17:19.912 E/        (  624): MEMSICBEFORE compenstation MEMSIC memsic_log get_battery_current_now  = 344400 current_avg = 381400 current_chg = 0, charge_ret = 2 x y z 2.595700 -1.415000 -6.681600 
05-13 19:17:19.912 E/        (  624): MEMSIC  vir111 gyro algoRstGyro = 0 algoRst = 0
05-13 19:17:20.071 I/chatty  (  624): uid=1000(system) sensors@2.0-ser identical 8 lines
05-13 19:17:20.091 E/        (  624): MEMSIC  vir111 gyro algoRstGyro = 0 algoRst = 0
05-13 19:17:20.092 I/System.out(16418): [socket]:check permission begin!
05-13 19:17:20.098 I/System.out(16418): [socket]:check permission begin!
05-13 19:17:20.102 I/System.out(16418): [socket]:check permission begin!
05-13 19:17:20.105 I/System.out(16418): [socket]:check permission begin!
05-13 19:17:20.105 I/System.out(16418): [socket]:check permission begin!
05-13 19:17:20.111 E/        (  624): MEMSICBEFORE compenstation MEMSIC memsic_log get_battery_current_now  = 213200 current_avg = 381400 current_chg = 0, charge_ret = 2 x y z 2.585900 -1.389600 -6.691400 
05-13 19:17:20.112 E/        (  624): MEMSIC  vir111 gyro algoRstGyro = 0 algoRst = 0
05-13 19:17:20.271 I/chatty  (  624): uid=1000(system) sensors@2.0-ser identical 8 lines
05-13 19:17:20.291 E/        (  624): MEMSIC  vir111 gyro algoRstGyro = 0 algoRst = 0
05-13 19:17:20.312 E/        (  624): MEMSICBEFORE compenstation MEMSIC memsic_log get_battery_current_now  = 328400 current_avg = 381400 current_chg = 0, charge_ret = 2 x y z 2.587800 -1.415000 -6.682600 
05-13 19:17:20.312 E/        (  624): MEMSIC  vir111 gyro algoRstGyro = 0 algoRst = 0
05-13 19:17:20.471 I/chatty  (  624): uid=1000(system) sensors@2.0-ser identical 8 lines
05-13 19:17:20.491 E/        (  624): MEMSIC  vir111 gyro algoRstGyro = 0 algoRst = 0
05-13 19:17:20.512 E/        (  624): MEMSICBEFORE compenstation MEMSIC memsic_log get_battery_current_now  = 373400 current_avg = 381400 current_chg = 0, charge_ret = 2 x y z 2.589800 -1.416900 -6.679600 
05-13 19:17:20.512 E/        (  624): MEMSIC  vir111 gyro algoRstGyro = 0 algoRst = 0
05-13 19:17:20.671 I/chatty  (  624): uid=1000(system) sensors@2.0-ser identical 8 lines
05-13 19:17:20.691 E/        (  624): MEMSIC  vir111 gyro algoRstGyro = 0 algoRst = 0
05-13 19:17:20.712 E/        (  624): MEMSICBEFORE compenstation MEMSIC memsic_log get_battery_current_now  = 290600 current_avg = 381400 current_chg = 0, charge_ret = 2 x y z 2.589800 -1.409100 -6.684500 
05-13 19:17:20.712 E/        (  624): MEMSIC  vir111 gyro algoRstGyro = 0 algoRst = 0
05-13 19:17:20.729 E/BatteryExternalStatsWorker( 1245): no controller energy info supplied for bluetooth
